          77.105.6.86 - - [16/Nov/2009:11:53:48 +0100] "GET /img/bg.jpg HTTP/1.1" 200 23084 "http://www.vtsns.edu.rs/" "Mozilla/5.0 (Windows; U; Windows NT 5.1; en-US) AppleWebKit/531.9 (KHTML, like Gecko) Version/4.0.3 Safari/531.9.1"
          77.105.6.86 - - [16/Nov/2009:11:53:48 +0100] "GET /img/head2.jpg HTTP/1.1" 200 74512 "http://www.vtsns.edu.rs/" "Mozilla/5.0 (Windows; U; Windows NT 5.1; en-US) AppleWebKit/531.9 (KHTML, like Gecko) Version/4.0.3 Safari/531.9.1"
          77.105.6.86 - - [16/Nov/2009:11:53:49 +0100] "GET /favicon.ico HTTP/1.1" 404 - "http://www.vtsns.edu.rs/" "Mozilla/5.0 (Windows; U; Windows NT 5.1; en-US) AppleWebKit/531.9 (KHTML, like Gecko) Version/4.0.3 Safari/531.9.1"
          93.86.163.26 - - [16/Nov/2009:11:53:53 +0100] "POST /noviSajt/vtsns_admin/amfphp/gateway.php HTTP/1.1" 200 11930 "http://www.vtsns.edu.rs/noviSajt/administrator/Vtsns.swf" "Mozilla/4.0 (compatible; MSIE 6.0; Windows NT 5.1; SV1; .NET CLR 1.1.4322)"
          77.105.6.86 - - [16/Nov/2009:11:53:59 +0100] "GET /oglasna.php HTTP/1.1" 200 4545 "http://www.vtsns.edu.rs/" "Mozilla/5.0 (Windows; U; Windows NT 5.1; en-US) AppleWebKit/531.9 (KHTML, like Gecko) Version/4.0.3 Safari/531.9.1"
          77.105.6.86 - - [16/Nov/2009:11:54:00 +0100] "GET /img/oglasna.jpg HTTP/1.1" 200 1832 "http://www.vtsns.edu.rs/oglasna.php" "Mozilla/5.0 (Windows; U; Windows NT 5.1; en-US) AppleWebKit/531.9 (KHTML, like Gecko) Version/4.0.3 Safari/531.9.1"
          77.105.6.86 - - [16/Nov/2009:11:54:00 +0100] "GET /img/head6.jpg HTTP/1.1" 200 26425 "http://www.vtsns.edu.rs/oglasna.php" "Mozilla/5.0 (Windows; U; Windows NT 5.1; en-US) AppleWebKit/531.9 (KHTML, like Gecko) Version/4.0.3 Safari/531.9.1"
          77.105.6.86 - - [16/Nov/2009:11:54:09 +0100] "GET /Doc2-%20prijava%20ispita-NOVEMBAR-2009-10.1.doc HTTP/1.1" 200 26624 "http://www.vtsns.edu.rs/oglasna.php" "Mozilla/5.0 (Windows; U; Windows NT 5.1; en-US) AppleWebKit/531.9 (KHTML, like Gecko) Version/4.0.3 Safari/531.9.1"
          77.105.26.237 - - [16/Nov/2009:11:54:45 +0100] "GET /ispit_rezultati.php HTTP/1.1" 200 5740 "-" "Mozilla/5.0 (Windows; U; Windows NT 5.1; en-US; rv:1.9.1.5) Gecko/20091102 Firefox/3.5.5"
          77.105.26.237 - - [16/Nov/2009:11:54:46 +0100] "GET /style.css HTTP/1.1" 200 6554 "http://www.vtsns.edu.rs/ispit_rezultati.php" "Mozilla/5.0 (Windows; U; Windows NT 5.1; en-US; rv:1.9.1.5) Gecko/20091102 Firefox/3.5.5"
          77.105.26.237 - - [16/Nov/2009:11:54:46 +0100] "GET /img/vts.jpg HTTP/1.1" 200 4053 "http://www.vtsns.edu.rs/ispit_rezultati.php" "Mozilla/5.0 (Windows; U; Windows NT 5.1; en-US; rv:1.9.1.5) Gecko/20091102 Firefox/3.5.5"
          77.105.26.237 - - [16/Nov/2009:11:54:46 +0100] "GET /img/ispit_rezultati.jpg HTTP/1.1" 200 1947 "http://www.vtsns.edu.rs/ispit_rezultati.php" "Mozilla/5.0 (Windows; U; Windows NT 5.1; en-US; rv:1.9.1.5) Gecko/20091102 Firefox/3.5.5"
          77.105.26.237 - - [16/Nov/2009:11:54:46 +0100] "GET /img/head5.jpg HTTP/1.1" 200 23689 "http://www.vtsns.edu.rs/ispit_rezultati.php" "Mozilla/5.0 (Windows; U; Windows NT 5.1; en-US; rv:1.9.1.5) Gecko/20091102 Firefox/3.5.5"
          77.105.26.237 - - [16/Nov/2009:11:54:46 +0100] "GET /img/bg.jpg HTTP/1.1" 200 23084 "http://www.vtsns.edu.rs/style.css" "Mozilla/5.0 (Windows; U; Windows NT 5.1; en-US; rv:1.9.1.5) Gecko/20091102 Firefox/3.5.5"
          77.105.26.237 - - [16/Nov/2009:11:54:47 +0100] "GET /favicon.ico HTTP/1.1" 404 - "-" "Mozilla/5.0 (Windows; U; Windows NT 5.1; en-US; rv:1.9.1.5) Gecko/20091102 Firefox/3.5.5"
          77.105.26.237 - - [16/Nov/2009:11:54:48 +0100] "GET /index.php HTTP/1.1" 200 3669 "http://www.vtsns.edu.rs/ispit_rezultati.php" "Mozilla/5.0 (Windows; U; Windows NT 5.1; en-US; rv:1.9.1.5) Gecko/20091102 Firefox/3.5.5"
          77.105.26.237 - - [16/Nov/2009:11:54:49 +0100] "GET /img/copyprint.jpg HTTP/1.1" 200 1662 "http://www.vtsns.edu.rs/index.php" "Mozilla/5.0 (Windows; U; Windows NT 5.1; en-US; rv:1.9.1.5) Gecko/20091102 Firefox/3.5.5"
          77.105.26.237 - - [16/Nov/2009:11:54:49 +0100] "GET /img/novosti.jpg HTTP/1.1" 200 1161 "http://www.vtsns.edu.rs/index.php" "Mozilla/5.0 (Windows; U; Windows NT 5.1; en-US; rv:1.9.1.5) Gecko/20091102 Firefox/3.5.5"
          77.105.6.86 - - [16/Nov/2009:11:54:48 +0100] "GET /REGULISANJE%20APSOLVENTSKOG%20STAZA2.doc HTTP/1.1" 200 20992 "http://www.vtsns.edu.rs/oglasna.php" "Mozilla/5.0 (Windows; U; Windows NT 5.1; en-US) AppleWebKit/531.9 (KHTML, like Gecko) Version/4.0.3 Safari/531.9.1"
          77.105.26.237 - - [16/Nov/2009:11:54:48 +0100] "GET /img/head2.jpg HTTP/1.1" 200 74512 "http://www.vtsns.edu.rs/index.php" "Mozilla/5.0 (Windows; U; Windows NT 5.1; en-US; rv:1.9.1.5) Gecko/20091102 Firefox/3.5.5"
          77.105.26.237 - - [16/Nov/2009:11:54:50 +0100] "GET /favicon.ico HTTP/1.1" 404 - "-" "Mozilla/5.0 (Windows; U; Windows NT 5.1; en-US; rv:1.9.1.5) Gecko/20091102 Firefox/3.5.5"
          77.105.26.237 - - [16/Nov/2009:11:54:50 +0100] "GET /favicon.ico HTTP/1.1" 404 - "-" "Mozilla/5.0 (Windows; U; Windows NT 5.1; en-US; rv:1.9.1.5) Gecko/20091102 Firefox/3.5.5"
          77.105.26.237 - - [16/Nov/2009:11:54:52 +0100] "GET /oglasna.php HTTP/1.1" 200 4545 "http://www.vtsns.edu.rs/index.php" "Mozilla/5.0 (Windows; U; Windows NT 5.1; en-US; rv:1.9.1.5) Gecko/20091102 Firefox/3.5.5"
          77.105.26.237 - - [16/Nov/2009:11:54:53 +0100] "GET /img/oglasna.jpg HTTP/1.1" 200 1832 "http://www.vtsns.edu.rs/oglasna.php" "Mozilla/5.0 (Windows; U; Windows NT 5.1; en-US; rv:1.9.1.5) Gecko/20091102 Firefox/3.5.5"
          77.105.26.237 - - [16/Nov/2009:11:54:53 +0100] "GET /img/head6.jpg HTTP/1.1" 200 26425 "http://www.vtsns.edu.rs/oglasna.php" "Mozilla/5.0 (Windows; U; Windows NT 5.1; en-US; rv:1.9.1.5) Gecko/20091102 Firefox/3.5.5"
          77.105.26.237 - - [16/Nov/2009:11:55:17 +0100] "GET /o_skoli.php HTTP/1.1" 200 9847 "http://www.vtsns.edu.rs/oglasna.php" "Mozilla/5.0 (Windows; U; Windows NT 5.1; en-US; rv:1.9.1.5) Gecko/20091102 Firefox/3.5.5"
          77.105.26.237 - - [16/Nov/2009:11:55:18 +0100] "GET /img/skola.jpg HTTP/1.1" 200 1117 "http://www.vtsns.edu.rs/o_skoli.php" "Mozilla/5.0 (Windows; U; Windows NT 5.1; en-US; rv:1.9.1.5) Gecko/20091102 Firefox/3.5.5"
          77.105.26.237 - - [16/Nov/2009:11:55:18 +0100] "GET /img/head3.jpg HTTP/1.1" 200 28679 "http://www.vtsns.edu.rs/o_skoli.php" "Mozilla/5.0 (Windows; U; Windows NT 5.1; en-US; rv:1.9.1.5) Gecko/20091102 Firefox/3.5.5"
          77.105.26.237 - - [16/Nov/2009:11:55:30 +0100] "GET /stud_sluzba.php HTTP/1.1" 200 3932 "http://www.vtsns.edu.rs/o_skoli.php" "Mozilla/5.0 (Windows; U; Windows NT 5.1; en-US; rv:1.9.1.5) Gecko/20091102 Firefox/3.5.5"
          77.105.26.237 - - [16/Nov/2009:11:55:30 +0100] "GET /img/stud_sluzba.jpg HTTP/1.1" 200 2135 "http://www.vtsns.edu.rs/stud_sluzba.php" "Mozilla/5.0 (Windows; U; Windows NT 5.1; en-US; rv:1.9.1.5) Gecko/20091102 Firefox/3.5.5"
          77.105.26.237 - - [16/Nov/2009:11:55:32 +0100] "GET /biblioteka.php HTTP/1.1" 200 3538 "http://www.vtsns.edu.rs/stud_sluzba.php" "Mozilla/5.0 (Windows; U; Windows NT 5.1; en-US; rv:1.9.1.5) Gecko/20091102 Firefox/3.5.5"
          77.105.26.237 - - [16/Nov/2009:11:55:32 +0100] "GET /img/biblioteka.jpg HTTP/1.1" 200 1496 "http://www.vtsns.edu.rs/biblioteka.php" "Mozilla/5.0 (Windows; U; Windows NT 5.1; en-US; rv:1.9.1.5) Gecko/20091102 Firefox/3.5.5"
          77.105.26.237 - - [16/Nov/2009:11:55:32 +0100] "GET /nenastavno_osoblje.php HTTP/1.1" 200 5576 "http://www.vtsns.edu.rs/biblioteka.php" "Mozilla/5.0 (Windows; U; Windows NT 5.1; en-US; rv:1.9.1.5) Gecko/20091102 Firefox/3.5.5"
          77.105.26.237 - - [16/Nov/2009:11:55:33 +0100] "GET /img/nenastavno.jpg HTTP/1.1" 200 2279 "http://www.vtsns.edu.rs/nenastavno_osoblje.php" "Mozilla/5.0 (Windows; U; Windows NT 5.1; en-US; rv:1.9.1.5) Gecko/20091102 Firefox/3.5.5"
          77.105.26.237 - - [16/Nov/2009:11:55:34 +0100] "GET /skriptarnica.php HTTP/1.1" 200 17962 "http://www.vtsns.edu.rs/nenastavno_osoblje.php" "Mozilla/5.0 (Windows; U; Windows NT 5.1; en-US; rv:1.9.1.5) Gecko/20091102 Firefox/3.5.5"
          77.105.26.237 - - [16/Nov/2009:11:55:34 +0100] "GET /img/skriptarnica.jpg HTTP/1.1" 200 1659 "http://www.vtsns.edu.rs/skriptarnica.php" "Mozilla/5.0 (Windows; U; Windows NT 5.1; en-US; rv:1.9.1.5) Gecko/20091102 Firefox/3.5.5"
          77.105.26.237 - - [16/Nov/2009:11:55:38 +0100] "GET /galerija.php HTTP/1.1" 200 2981 "http://www.vtsns.edu.rs/skriptarnica.php" "Mozilla/5.0 (Windows; U; Windows NT 5.1; en-US; rv:1.9.1.5) Gecko/20091102 Firefox/3.5.5"
          77.105.26.237 - - [16/Nov/2009:11:55:38 +0100] "GET /img/galerija.jpg HTTP/1.1" 200 1233 "http://www.vtsns.edu.rs/galerija.php" "Mozilla/5.0 (Windows; U; Windows NT 5.1; en-US; rv:1.9.1.5) Gecko/20091102 Firefox/3.5.5"
          77.105.26.237 - - [16/Nov/2009:11:55:41 +0100] "GET /galerija.php?kategorija=2 HTTP/1.1" 200 2981 "http://www.vtsns.edu.rs/galerija.php" "Mozilla/5.0 (Windows; U; Windows NT 5.1; en-US; rv:1.9.1.5) Gecko/20091102 Firefox/3.5.5"
          77.105.26.237 - - [16/Nov/2009:11:55:45 +0100] "GET /galerija.php?kategorija=1 HTTP/1.1" 200 2981 "http://www.vtsns.edu.rs/galerija.php?kategorija=2" "Mozilla/5.0 (Windows; U; Windows NT 5.1; en-US; rv:1.9.1.5) Gecko/20091102 Firefox/3.5.5"
          77.105.26.237 - - [16/Nov/2009:11:55:52 +0100] "GET /index.php HTTP/1.1" 200 3669 "http://www.vtsns.edu.rs/galerija.php?kategorija=1" "Mozilla/5.0 (Windows; U; Windows NT 5.1; en-US; rv:1.9.1.5) Gecko/20091102 Firefox/3.5.5"
          93.86.34.65 - - [16/Nov/2009:11:57:04 +0100] "GET / HTTP/1.1" 200 3669 "http://www.google.com/search?hl=en&source=hp&q=visoka+tehnicka+skola+novi+sad&aq=1&oq=visoka+tehni&aqi=g10" "Mozilla/5.0 (Windows; U; Windows NT 5.1; en-US) AppleWebKit/532.0 (KHTML, like Gecko) Chrome/3.0.195.32 Safari/532.0"
          93.86.34.65 - - [16/Nov/2009:11:57:05 +0100] "GET /style.css HTTP/1.1" 200 6554 "http://www.vtsns.edu.rs/" "Mozilla/5.0 (Windows; U; Windows NT 5.1; en-US) AppleWebKit/532.0 (KHTML, like Gecko) Chrome/3.0.195.32 Safari/532.0"
          93.86.34.65 - - [16/Nov/2009:11:57:05 +0100] "GET /img/vts.jpg HTTP/1.1" 200 4053 "http://www.vtsns.edu.rs/" "Mozilla/5.0 (Windows; U; Windows NT 5.1; en-US) AppleWebKit/532.0 (KHTML, like Gecko) Chrome/3.0.195.32 Safari/532.0"
          93.86.34.65 - - [16/Nov/2009:11:57:05 +0100] "GET /img/copyprint.jpg HTTP/1.1" 200 1662 "http://www.vtsns.edu.rs/" "Mozilla/5.0 (Windows; U; Windows NT 5.1; en-US) AppleWebKit/532.0 (KHTML, like Gecko) Chrome/3.0.195.32 Safari/532.0"
          93.86.34.65 - - [16/Nov/2009:11:57:05 +0100] "GET /img/novosti.jpg HTTP/1.1" 200 1161 "http://www.vtsns.edu.rs/" "Mozilla/5.0 (Windows; U; Windows NT 5.1; en-US) AppleWebKit/532.0 (KHTML, like Gecko) Chrome/3.0.195.32 Safari/532.0"
          93.86.34.65 - - [16/Nov/2009:11:57:06 +0100] "GET /img/bg.jpg HTTP/1.1" 200 23084 "http://www.vtsns.edu.rs/" "Mozilla/5.0 (Windows; U; Windows NT 5.1; en-US) AppleWebKit/532.0 (KHTML, like Gecko) Chrome/3.0.195.32 Safari/532.0"
          93.86.34.65 - - [16/Nov/2009:11:57:05 +0100] "GET /img/head2.jpg HTTP/1.1" 200 74512 "http://www.vtsns.edu.rs/" "Mozilla/5.0 (Windows; U; Windows NT 5.1; en-US) AppleWebKit/532.0 (KHTML, like Gecko) Chrome/3.0.195.32 Safari/532.0"
          93.86.34.65 - - [16/Nov/2009:11:57:07 +0100] "GET /favicon.ico HTTP/1.1" 404 - "-" "Mozilla/5.0 (Windows; U; Windows NT 5.1; en-US) AppleWebKit/532.0 (KHTML, like Gecko) Chrome/3.0.195.32 Safari/532.0"
          77.105.6.86 - - [16/Nov/2009:11:58:12 +0100] "GET / HTTP/1.1" 200 3669 "-" "Mozilla/5.0 (Windows; U; Windows NT 5.1; en-US) AppleWebKit/531.9 (KHTML, like Gecko) Version/4.0.3 Safari/531.9.1"
          77.105.6.86 - - [16/Nov/2009:11:58:20 +0100] "GET /oglasna.php HTTP/1.1" 200 4545 "http://www.vtsns.edu.rs/" "Mozilla/5.0 (Windows; U; Windows NT 5.1; en-US) AppleWebKit/531.9 (KHTML, like Gecko) Version/4.0.3 Safari/531.9.1"
          82.208.207.41 - - [16/Nov/2009:11:58:50 +0100] "GET /oglasna.php HTTP/1.1" 200 4545 "-" "Mozilla/4.0 (compatible; MSIE 6.0; Windows NT 5.1; SV1)"
          82.208.207.41 - - [16/Nov/2009:11:58:51 +0100] "GET /style.css HTTP/1.1" 200 6554 "http://vtsns.edu.rs/oglasna.php" "Mozilla/4.0 (compatible; MSIE 6.0; Windows NT 5.1; SV1)"
          82.208.207.41 - - [16/Nov/2009:11:58:51 +0100] "GET /img/vts.jpg HTTP/1.1" 200 4053 "http://vtsns.edu.rs/oglasna.php" "Mozilla/4.0 (compatible; MSIE 6.0; Windows NT 5.1; SV1)"
          82.208.207.41 - - [16/Nov/2009:11:58:55 +0100] "GET /img/copyprint.jpg HTTP/1.1" 200 1662 "http://vtsns.edu.rs/oglasna.php" "Mozilla/4.0 (compatible; MSIE 6.0; Windows NT 5.1; SV1)"
          82.208.207.41 - - [16/Nov/2009:11:58:56 +0100] "GET /img/oglasna.jpg HTTP/1.1" 200 1832 "http://vtsns.edu.rs/oglasna.php" "Mozilla/4.0 (compatible; MSIE 6.0; Windows NT 5.1; SV1)"
          82.208.207.41 - - [16/Nov/2009:11:58:55 +0100] "GET /img/head6.jpg HTTP/1.1" 200 26425 "http://vtsns.edu.rs/oglasna.php" "Mozilla/4.0 (compatible; MSIE 6.0; Windows NT 5.1; SV1)"
          82.208.207.41 - - [16/Nov/2009:11:58:58 +0100] "GET /img/bg.jpg HTTP/1.1" 200 23084 "http://vtsns.edu.rs/oglasna.php" "Mozilla/4.0 (compatible; MSIE 6.0; Windows NT 5.1; SV1)"
          82.208.207.41 - - [16/Nov/2009:11:59:15 +0100] "GET /Obav.o%20Odipl.graf.DJURDJEV%20MILOS-SEGEDINAC.rtf HTTP/1.1" 200 34663 "http://vtsns.edu.rs/oglasna.php" "Mozilla/4.0 (compatible; MSIE 6.0; Windows NT 5.1; SV1)"
          82.208.207.41 - - [16/Nov/2009:11:59:21 +0100] "OPTIONS / HTTP/1.1" 200 3669 "-" "Microsoft Office Protocol Discovery"
          82.208.207.41 - - [16/Nov/2009:11:59:53 +0100] "OPTIONS / HTTP/1.1" 200 3669 "-" "Microsoft Data Access Internet Publishing Provider Protocol Discovery"
          82.208.207.41 - - [16/Nov/2009:11:59:54 +0100] "OPTIONS /Obav.o%2520Odipl.graf.DJURDJEV%2520MILOS-SEGEDINAC.rtf HTTP/1.1" 200 - "-" "Microsoft Data Access Internet Publishing Provider Protocol Discovery"
          82.208.207.41 - - [16/Nov/2009:12:00:10 +0100] "GET /ispiti.php HTTP/1.1" 200 3176 "http://vtsns.edu.rs/oglasna.php" "Mozilla/4.0 (compatible; MSIE 6.0; Windows NT 5.1; SV1)"
          82.208.207.41 - - [16/Nov/2009:12:00:11 +0100] "GET /img/ispiti.jpg HTTP/1.1" 200 826 "http://vtsns.edu.rs/ispiti.php" "Mozilla/4.0 (compatible; MSIE 6.0; Windows NT 5.1; SV1)"
          82.208.207.41 - - [16/Nov/2009:12:00:11 +0100] "GET /img/head5.jpg HTTP/1.1" 200 23689 "http://vtsns.edu.rs/ispiti.php" "Mozilla/4.0 (compatible; MSIE 6.0; Windows NT 5.1; SV1)"
          82.208.207.41 - - [16/Nov/2009:12:00:22 +0100] "GET /ispit_rezultati.php HTTP/1.1" 200 5740 "http://vtsns.edu.rs/ispiti.php" "Mozilla/4.0 (compatible; MSIE 6.0; Windows NT 5.1; SV1)"
          82.208.207.41 - - [16/Nov/2009:12:00:24 +0100] "GET /img/ispit_rezultati.jpg HTTP/1.1" 200 1947 "http://vtsns.edu.rs/ispit_rezultati.php" "Mozilla/4.0 (compatible; MSIE 6.0; Windows NT 5.1; SV1)"
          82.208.207.41 - - [16/Nov/2009:12:00:38 +0100] "GET /Rezultati%20engleski.doc HTTP/1.1" 200 26112 "http://vtsns.edu.rs/ispit_rezultati.php" "Mozilla/4.0 (compatible; MSIE 6.0; Windows NT 5.1; SV1)"
          93.86.163.28 - - [16/Nov/2009:12:00:52 +0100] "GET / HTTP/1.1" 200 3669 "-" "Mozilla/4.0 (compatible; MSIE 8.0; Windows NT 5.1; Trident/4.0; GTB6)"
          93.86.163.28 - - [16/Nov/2009:12:00:52 +0100] "GET /img/vts.jpg HTTP/1.1" 304 - "http://www.vtsns.edu.rs/" "Mozilla/4.0 (compatible; MSIE 8.0; Windows NT 5.1; Trident/4.0; GTB6)"
          93.86.163.28 - - [16/Nov/2009:12:00:52 +0100] "GET /img/head2.jpg HTTP/1.1" 304 - "http://www.vtsns.edu.rs/" "Mozilla/4.0 (compatible; MSIE 8.0; Windows NT 5.1; Trident/4.0; GTB6)"
          93.86.163.28 - - [16/Nov/2009:12:00:52 +0100] "GET /style.css HTTP/1.1" 304 - "http://www.vtsns.edu.rs/" "Mozilla/4.0 (compatible; MSIE 8.0; Windows NT 5.1; Trident/4.0; GTB6)"
          93.86.163.28 - - [16/Nov/2009:12:00:52 +0100] "GET /img/copyprint.jpg HTTP/1.1" 304 - "http://www.vtsns.edu.rs/" "Mozilla/4.0 (compatible; MSIE 8.0; Windows NT 5.1; Trident/4.0; GTB6)"
          93.86.163.28 - - [16/Nov/2009:12:00:52 +0100] "GET /img/novosti.jpg HTTP/1.1" 304 - "http://www.vtsns.edu.rs/" "Mozilla/4.0 (compatible; MSIE 8.0; Windows NT 5.1; Trident/4.0; GTB6)"
          93.86.163.28 - - [16/Nov/2009:12:00:52 +0100] "GET /img/bg.jpg HTTP/1.1" 304 - "http://www.vtsns.edu.rs/" "Mozilla/4.0 (compatible; MSIE 8.0; Windows NT 5.1; Trident/4.0; GTB6)"
          93.86.163.28 - - [16/Nov/2009:12:00:55 +0100] "GET / HTTP/1.1" 200 3669 "-" "Mozilla/4.0 (compatible; MSIE 8.0; Windows NT 5.1; Trident/4.0; GTB6)"
          93.86.163.28 - - [16/Nov/2009:12:00:55 +0100] "GET /style.css HTTP/1.1" 304 - "http://www.vtsns.edu.rs/" "Mozilla/4.0 (compatible; MSIE 8.0; Windows NT 5.1; Trident/4.0; GTB6)"
          93.86.163.28 - - [16/Nov/2009:12:00:55 +0100] "GET /img/vts.jpg HTTP/1.1" 304 - "http://www.vtsns.edu.rs/" "Mozilla/4.0 (compatible; MSIE 8.0; Windows NT 5.1; Trident/4.0; GTB6)"
          93.86.163.28 - - [16/Nov/2009:12:00:56 +0100] "GET /img/copyprint.jpg HTTP/1.1" 304 - "http://www.vtsns.edu.rs/" "Mozilla/4.0 (compatible; MSIE 8.0; Windows NT 5.1; Trident/4.0; GTB6)"
          93.86.163.28 - - [16/Nov/2009:12:00:56 +0100] "GET /img/head2.jpg HTTP/1.1" 304 - "http://www.vtsns.edu.rs/" "Mozilla/4.0 (compatible; MSIE 8.0; Windows NT 5.1; Trident/4.0; GTB6)"
          93.86.163.28 - - [16/Nov/2009:12:00:56 +0100] "GET /img/novosti.jpg HTTP/1.1" 304 - "http://www.vtsns.edu.rs/" "Mozilla/4.0 (compatible; MSIE 8.0; Windows NT 5.1; Trident/4.0; GTB6)"
          93.86.163.28 - - [16/Nov/2009:12:00:56 +0100] "GET /img/bg.jpg HTTP/1.1" 304 - "http://www.vtsns.edu.rs/" "Mozilla/4.0 (compatible; MSIE 8.0; Windows NT 5.1; Trident/4.0; GTB6)"
          93.86.163.28 - - [16/Nov/2009:12:00:59 +0100] "GET / HTTP/1.1" 200 3669 "-" "Mozilla/4.0 (compatible; MSIE 8.0; Windows NT 5.1; Trident/4.0; GTB6)"
          93.86.163.28 - - [16/Nov/2009:12:00:59 +0100] "GET /img/vts.jpg HTTP/1.1" 304 - "http://www.vtsns.edu.rs/" "Mozilla/4.0 (compatible; MSIE 8.0; Windows NT 5.1; Trident/4.0; GTB6)"
          93.86.163.28 - - [16/Nov/2009:12:00:59 +0100] "GET /style.css HTTP/1.1" 304 - "http://www.vtsns.edu.rs/" "Mozilla/4.0 (compatible; MSIE 8.0; Windows NT 5.1; Trident/4.0; GTB6)"
          93.86.163.28 - - [16/Nov/2009:12:00:59 +0100] "GET /img/copyprint.jpg HTTP/1.1" 304 - "http://www.vtsns.edu.rs/" "Mozilla/4.0 (compatible; MSIE 8.0; Windows NT 5.1; Trident/4.0; GTB6)"
          93.86.163.28 - - [16/Nov/2009:12:00:59 +0100] "GET /img/head2.jpg HTTP/1.1" 304 - "http://www.vtsns.edu.rs/" "Mozilla/4.0 (compatible; MSIE 8.0; Windows NT 5.1; Trident/4.0; GTB6)"
          93.86.163.28 - - [16/Nov/2009:12:00:59 +0100] "GET /img/novosti.jpg HTTP/1.1" 304 - "http://www.vtsns.edu.rs/" "Mozilla/4.0 (compatible; MSIE 8.0; Windows NT 5.1; Trident/4.0; GTB6)"
          93.86.163.28 - - [16/Nov/2009:12:01:00 +0100] "GET /img/bg.jpg HTTP/1.1" 304 - "http://www.vtsns.edu.rs/" "Mozilla/4.0 (compatible; MSIE 8.0; Windows NT 5.1; Trident/4.0; GTB6)"
          82.208.207.41 - - [16/Nov/2009:12:01:16 +0100] "OPTIONS / HTTP/1.1" 200 3669 "-" "Microsoft Data Access Internet Publishing Provider Protocol Discovery"
          82.208.207.41 - - [16/Nov/2009:12:01:17 +0100] "OPTIONS /Rezultati%2520engleski.doc HTTP/1.1" 200 - "-" "Microsoft Data Access Internet Publishing Provider Protocol Discovery"
          82.208.207.41 - - [16/Nov/2009:12:01:21 +0100] "GET /ispit_odbijeni.php HTTP/1.1" 200 3829 "http://vtsns.edu.rs/ispit_rezultati.php" "Mozilla/4.0 (compatible; MSIE 6.0; Windows NT 5.1; SV1)"
          82.208.207.41 - - [16/Nov/2009:12:01:22 +0100] "GET /img/ispit_odbijeni.jpg HTTP/1.1" 200 2642 "http://vtsns.edu.rs/ispit_odbijeni.php" "Mozilla/4.0 (compatible; MSIE 6.0; Windows NT 5.1; SV1)"
          82.208.207.41 - - [16/Nov/2009:12:01:26 +0100] "GET /ispit_odbijeni_spisak.php?odsek=4 HTTP/1.1" 200 3353 "http://vtsns.edu.rs/ispit_odbijeni.php" "Mozilla/4.0 (compatible; MSIE 6.0; Windows NT 5.1; SV1)"
          82.208.207.41 - - [16/Nov/2009:12:01:26 +0100] "GET /ispit_odbijeni_spisak.php?odsek=4 HTTP/1.1" 200 3353 "http://vtsns.edu.rs/ispit_odbijeni.php" "Mozilla/4.0 (compatible; MSIE 6.0; Windows NT 5.1; SV1)"
          82.208.207.41 - - [16/Nov/2009:12:01:37 +0100] "GET /galerija.php HTTP/1.1" 200 2981 "http://vtsns.edu.rs/oglasna.php" "Mozilla/4.0 (compatible; MSIE 6.0; Windows NT 5.1; SV1)"
          82.208.207.41 - - [16/Nov/2009:12:01:38 +0100] "GET /img/galerija.jpg HTTP/1.1" 200 1233 "http://vtsns.edu.rs/galerija.php" "Mozilla/4.0 (compatible; MSIE 6.0; Windows NT 5.1; SV1)"
          82.208.207.41 - - [16/Nov/2009:12:01:40 +0100] "GET /galerija.php?kategorija=1 HTTP/1.1" 200 2981 "http://vtsns.edu.rs/galerija.php" "Mozilla/4.0 (compatible; MSIE 6.0; Windows NT 5.1; SV1)"
          82.208.207.41 - - [16/Nov/2009:12:01:45 +0100] "GET /galerija.php?kategorija=1 HTTP/1.1" 200 2981 "http://vtsns.edu.rs/galerija.php?kategorija=1" "Mozilla/4.0 (compatible; MSIE 6.0; Windows NT 5.1; SV1)"
          82.208.207.41 - - [16/Nov/2009:12:01:48 +0100] "GET /galerija.php?kategorija=2 HTTP/1.1" 200 2981 "http://vtsns.edu.rs/galerija.php?kategorija=1" "Mozilla/4.0 (compatible; MSIE 6.0; Windows NT 5.1; SV1)"
          93.86.163.26 - - [16/Nov/2009:12:02:03 +0100] "GET /noviSajt/administrator/assets/posred.png HTTP/1.1" 304 - "http://www.vtsns.edu.rs/noviSajt/administrator/Vtsns.swf" "Mozilla/4.0 (compatible; MSIE 6.0; Windows NT 5.1; SV1; .NET CLR 1.1.4322)"
          93.86.163.26 - - [16/Nov/2009:12:02:03 +0100] "GET /noviSajt/administrator/assets/posred.png HTTP/1.1" 304 - "http://www.vtsns.edu.rs/noviSajt/administrator/Vtsns.swf" "Mozilla/4.0 (compatible; MSIE 6.0; Windows NT 5.1; SV1; .NET CLR 1.1.4322)"
          93.86.163.26 - - [16/Nov/2009:12:02:04 +0100] "GET /noviSajt/administrator/assets/posred.png HTTP/1.1" 304 - "http://www.vtsns.edu.rs/noviSajt/administrator/Vtsns.swf" "Mozilla/4.0 (compatible; MSIE 6.0; Windows NT 5.1; SV1; .NET CLR 1.1.4322)"
          93.86.163.26 - - [16/Nov/2009:12:02:04 +0100] "GET /noviSajt/administrator/history/historyFrame.html?app=c029&4863-selectedIndex=2 HTTP/1.1" 304 - "http://www.vtsns.edu.rs/noviSajt/administrator/" "Mozilla/4.0 (compatible; MSIE 6.0; Windows NT 5.1; SV1; .NET CLR 1.1.4322)"
          93.86.163.26 - - [16/Nov/2009:12:02:04 +0100] "GET /noviSajt/administrator/assets/posred.png HTTP/1.1" 304 - "http://www.vtsns.edu.rs/noviSajt/administrator/Vtsns.swf" "Mozilla/4.0 (compatible; MSIE 6.0; Windows NT 5.1; SV1; .NET CLR 1.1.4322)"
          93.86.163.26 - - [16/Nov/2009:12:02:09 +0100] "POST /noviSajt/vtsns_admin/amfphp/gateway.php HTTP/1.1" 200 875 "http://www.vtsns.edu.rs/noviSajt/administrator/Vtsns.swf" "Mozilla/4.0 (compatible; MSIE 6.0; Windows NT 5.1; SV1; .NET CLR 1.1.4322)"
          93.86.163.26 - - [16/Nov/2009:12:02:21 +0100] "POST /noviSajt/vtsns_admin/amfphp/gateway.php HTTP/1.1" 200 16276 "http://www.vtsns.edu.rs/noviSajt/administrator/Vtsns.swf" "Mozilla/4.0 (compatible; MSIE 6.0; Windows NT 5.1; SV1; .NET CLR 1.1.4322)"
          93.86.163.26 - - [16/Nov/2009:12:02:31 +0100] "POST /noviSajt/vtsns_admin/amfphp/gateway.php HTTP/1.1" 200 1745 "http://www.vtsns.edu.rs/noviSajt/administrator/Vtsns.swf" "Mozilla/4.0 (compatible; MSIE 6.0; Windows NT 5.1; SV1; .NET CLR 1.1.4322)"
          93.86.163.26 - - [16/Nov/2009:12:02:49 +0100] "GET /noviSajt/administrator/assets/cal.png HTTP/1.1" 304 - "http://www.vtsns.edu.rs/noviSajt/administrator/Vtsns.swf" "Mozilla/4.0 (compatible; MSIE 6.0; Windows NT 5.1; SV1; .NET CLR 1.1.4322)"
          93.86.163.26 - - [16/Nov/2009:12:02:49 +0100] "GET /noviSajt/administrator/assets/cal.png HTTP/1.1" 304 - "http://www.vtsns.edu.rs/noviSajt/administrator/Vtsns.swf" "Mozilla/4.0 (compatible; MSIE 6.0; Windows NT 5.1; SV1; .NET CLR 1.1.4322)"
          93.86.163.26 - - [16/Nov/2009:12:02:49 +0100] "GET /noviSajt/administrator/assets/cal.png HTTP/1.1" 304 - "http://www.vtsns.edu.rs/noviSajt/administrator/Vtsns.swf" "Mozilla/4.0 (compatible; MSIE 6.0; Windows NT 5.1; SV1; .NET CLR 1.1.4322)"
          93.86.163.26 - - [16/Nov/2009:12:02:49 +0100] "GET /noviSajt/administrator/history/historyFrame.html?app=c029&4863-selectedIndex=3 HTTP/1.1" 304 - "http://www.vtsns.edu.rs/noviSajt/administrator/" "Mozilla/4.0 (compatible; MSIE 6.0; Windows NT 5.1; SV1; .NET CLR 1.1.4322)"
          93.86.163.26 - - [16/Nov/2009:12:02:49 +0100] "GET /noviSajt/administrator/assets/cal.png HTTP/1.1" 304 - "http://www.vtsns.edu.rs/noviSajt/administrator/Vtsns.swf" "Mozilla/4.0 (compatible; MSIE 6.0; Windows NT 5.1; SV1; .NET CLR 1.1.4322)"
          93.86.163.26 - - [16/Nov/2009:12:02:49 +0100] "GET /noviSajt/administrator/assets/cal.png HTTP/1.1" 304 - "http://www.vtsns.edu.rs/noviSajt/administrator/Vtsns.swf" "Mozilla/4.0 (compatible; MSIE 6.0; Windows NT 5.1; SV1; .NET CLR 1.1.4322)"
          93.86.163.26 - - [16/Nov/2009:12:02:49 +0100] "GET /noviSajt/administrator/assets/cal.png HTTP/1.1" 304 - "http://www.vtsns.edu.rs/noviSajt/administrator/Vtsns.swf" "Mozilla/4.0 (compatible; MSIE 6.0; Windows NT 5.1; SV1; .NET CLR 1.1.4322)"
          93.86.163.26 - - [16/Nov/2009:12:02:49 +0100] "GET /noviSajt/administrator/assets/cal.png HTTP/1.1" 304 - "http://www.vtsns.edu.rs/noviSajt/administrator/Vtsns.swf" "Mozilla/4.0 (compatible; MSIE 6.0; Windows NT 5.1; SV1; .NET CLR 1.1.4322)"
          93.86.163.26 - - [16/Nov/2009:12:02:50 +0100] "GET /noviSajt/administrator/assets/cal.png HTTP/1.1" 304 - "http://www.vtsns.edu.rs/noviSajt/administrator/Vtsns.swf" "Mozilla/4.0 (compatible; MSIE 6.0; Windows NT 5.1; SV1; .NET CLR 1.1.4322)"
          93.86.163.26 - - [16/Nov/2009:12:02:50 +0100] "GET /noviSajt/administrator/assets/cal.png HTTP/1.1" 304 - "http://www.vtsns.edu.rs/noviSajt/administrator/Vtsns.swf" "Mozilla/4.0 (compatible; MSIE 6.0; Windows NT 5.1; SV1; .NET CLR 1.1.4322)"
          93.86.163.26 - - [16/Nov/2009:12:02:50 +0100] "GET /noviSajt/administrator/assets/cal.png HTTP/1.1" 304 - "http://www.vtsns.edu.rs/noviSajt/administrator/Vtsns.swf" "Mozilla/4.0 (compatible; MSIE 6.0; Windows NT 5.1; SV1; .NET CLR 1.1.4322)"
          93.86.163.26 - - [16/Nov/2009:12:02:52 +0100] "POST /noviSajt/vtsns_admin/amfphp/gateway.php HTTP/1.1" 200 421 "http://www.vtsns.edu.rs/noviSajt/administrator/Vtsns.swf" "Mozilla/4.0 (compatible; MSIE 6.0; Windows NT 5.1; SV1; .NET CLR 1.1.4322)"
          93.86.163.26 - - [16/Nov/2009:12:02:52 +0100] "POST /noviSajt/vtsns_admin/amfphp/gateway.php HTTP/1.1" 200 536 "http://www.vtsns.edu.rs/noviSajt/administrator/Vtsns.swf" "Mozilla/4.0 (compatible; MSIE 6.0; Windows NT 5.1; SV1; .NET CLR 1.1.4322)"
          93.86.163.26 - - [16/Nov/2009:12:03:03 +0100] "POST /noviSajt/vtsns_admin/amfphp/gateway.php HTTP/1.1" 200 11929 "http://www.vtsns.edu.rs/noviSajt/administrator/Vtsns.swf" "Mozilla/4.0 (compatible; MSIE 6.0; Windows NT 5.1; SV1; .NET CLR 1.1.4322)"
          93.86.163.26 - - [16/Nov/2009:12:03:03 +0100] "POST /noviSajt/vtsns_admin/amfphp/gateway.php HTTP/1.1" 200 536 "http://www.vtsns.edu.rs/noviSajt/administrator/Vtsns.swf" "Mozilla/4.0 (compatible; MSIE 6.0; Windows NT 5.1; SV1; .NET CLR 1.1.4322)"
          79.175.92.58 - - [16/Nov/2009:12:03:12 +0100] "GET / HTTP/1.1" 200 3669 "-" "Mozilla/5.0 (Windows; U; Windows NT 5.1; en-GB; rv:1.9.1.5) Gecko/20091102 Firefox/3.5.5"
          93.86.163.26 - - [16/Nov/2009:12:03:12 +0100] "POST /noviSajt/vtsns_admin/amfphp/gateway.php HTTP/1.1" 200 832 "http://www.vtsns.edu.rs/noviSajt/administrator/Vtsns.swf" "Mozilla/4.0 (compatible; MSIE 6.0; Windows NT 5.1; SV1; .NET CLR 1.1.4322)"
          93.86.163.26 - - [16/Nov/2009:12:03:12 +0100] "POST /noviSajt/vtsns_admin/amfphp/gateway.php HTTP/1.1" 200 8051 "http://www.vtsns.edu.rs/noviSajt/administrator/Vtsns.swf" "Mozilla/4.0 (compatible; MSIE 6.0; Windows NT 5.1; SV1; .NET CLR 1.1.4322)"
          93.86.163.26 - - [16/Nov/2009:12:03:13 +0100] "POST /noviSajt/vtsns_admin/amfphp/gateway.php HTTP/1.1" 200 2481 "http://www.vtsns.edu.rs/noviSajt/administrator/Vtsns.swf" "Mozilla/4.0 (compatible; MSIE 6.0; Windows NT 5.1; SV1; .NET CLR 1.1.4322)"
          79.175.92.58 - - [16/Nov/2009:12:03:16 +0100] "GET /favicon.ico HTTP/1.1" 404 - "-" "Mozilla/5.0 (Windows; U; Windows NT 5.1; en-GB; rv:1.9.1.5) Gecko/20091102 Firefox/3.5.5"
          81.18.55.98 - - [16/Nov/2009:12:03:18 +0100] "GET / HTTP/1.1" 200 3669 "-" "Mozilla/5.0 (Windows; U; Windows NT 5.1; en-US; rv:1.8.1) Gecko/20061010 Firefox/2.0"
          188.2.177.222 - - [16/Nov/2009:12:03:18 +0100] "GET / HTTP/1.1" 200 3669 "-" "Mozilla/4.0 (compatible; MSIE 6.0; Windows NT 5.1; SV1; .NET CLR 2.0.50727; .NET CLR 3.0.4506.2152; .NET CLR 3.5.30729)"
          188.2.177.222 - - [16/Nov/2009:12:03:18 +0100] "GET /img/vts.jpg HTTP/1.1" 304 - "http://www.vtsns.edu.rs/" "Mozilla/4.0 (compatible; MSIE 6.0; Windows NT 5.1; SV1; .NET CLR 2.0.50727; .NET CLR 3.0.4506.2152; .NET CLR 3.5.30729)"
          188.2.177.222 - - [16/Nov/2009:12:03:18 +0100] "GET /style.css HTTP/1.1" 304 - "http://www.vtsns.edu.rs/" "Mozilla/4.0 (compatible; MSIE 6.0; Windows NT 5.1; SV1; .NET CLR 2.0.50727; .NET CLR 3.0.4506.2152; .NET CLR 3.5.30729)"
          188.2.177.222 - - [16/Nov/2009:12:03:19 +0100] "GET /img/copyprint.jpg HTTP/1.1" 304 - "http://www.vtsns.edu.rs/" "Mozilla/4.0 (compatible; MSIE 6.0; Windows NT 5.1; SV1; .NET CLR 2.0.50727; .NET CLR 3.0.4506.2152; .NET CLR 3.5.30729)"
          188.2.177.222 - - [16/Nov/2009:12:03:19 +0100] "GET /img/head2.jpg HTTP/1.1" 304 - "http://www.vtsns.edu.rs/" "Mozilla/4.0 (compatible; MSIE 6.0; Windows NT 5.1; SV1; .NET CLR 2.0.50727; .NET CLR 3.0.4506.2152; .NET CLR 3.5.30729)"
          188.2.177.222 - - [16/Nov/2009:12:03:19 +0100] "GET /img/novosti.jpg HTTP/1.1" 304 - "http://www.vtsns.edu.rs/" "Mozilla/4.0 (compatible; MSIE 6.0; Windows NT 5.1; SV1; .NET CLR 2.0.50727; .NET CLR 3.0.4506.2152; .NET CLR 3.5.30729)"
          188.2.177.222 - - [16/Nov/2009:12:03:19 +0100] "GET /img/bg.jpg HTTP/1.1" 304 - "http://www.vtsns.edu.rs/" "Mozilla/4.0 (compatible; MSIE 6.0; Windows NT 5.1; SV1; .NET CLR 2.0.50727; .NET CLR 3.0.4506.2152; .NET CLR 3.5.30729)"
          81.18.55.98 - - [16/Nov/2009:12:03:20 +0100] "GET /oglasna.php HTTP/1.1" 200 4545 "http://www.vtsns.edu.rs/" "Mozilla/5.0 (Windows; U; Windows NT 5.1; en-US; rv:1.8.1) Gecko/20061010 Firefox/2.0"
          93.86.163.26 - - [16/Nov/2009:12:03:34 +0100] "POST /noviSajt/vtsns_admin/amfphp/gateway.php HTTP/1.1" 200 700 "http://www.vtsns.edu.rs/noviSajt/administrator/Vtsns.swf" "Mozilla/4.0 (compatible; MSIE 6.0; Windows NT 5.1; SV1; .NET CLR 1.1.4322)"
          93.86.163.26 - - [16/Nov/2009:12:03:42 +0100] "POST /noviSajt/vtsns_admin/amfphp/gateway.php HTTP/1.1" 200 6514 "http://www.vtsns.edu.rs/noviSajt/administrator/Vtsns.swf" "Mozilla/4.0 (compatible; MSIE 6.0; Windows NT 5.1; SV1; .NET CLR 1.1.4322)"
          93.86.163.26 - - [16/Nov/2009:12:03:54 +0100] "POST /noviSajt/vtsns_admin/amfphp/gateway.php HTTP/1.1" 200 4448 "http://www.vtsns.edu.rs/noviSajt/administrator/Vtsns.swf" "Mozilla/4.0 (compatible; MSIE 6.0; Windows NT 5.1; SV1; .NET CLR 1.1.4322)"
          93.86.163.26 - - [16/Nov/2009:12:04:02 +0100] "POST /noviSajt/vtsns_admin/amfphp/gateway.php HTTP/1.1" 200 11928 "http://www.vtsns.edu.rs/noviSajt/administrator/Vtsns.swf" "Mozilla/4.0 (compatible; MSIE 6.0; Windows NT 5.1; SV1; .NET CLR 1.1.4322)"
          93.86.163.26 - - [16/Nov/2009:12:04:02 +0100] "POST /noviSajt/vtsns_admin/amfphp/gateway.php HTTP/1.1" 200 1052 "http://www.vtsns.edu.rs/noviSajt/administrator/Vtsns.swf" "Mozilla/4.0 (compatible; MSIE 6.0; Windows NT 5.1; SV1; .NET CLR 1.1.4322)"
          188.2.197.170 - - [16/Nov/2009:12:04:08 +0100] "GET / HTTP/1.1" 200 3669 "-" "Mozilla/5.0 (Windows; U; Windows NT 6.0; en-US) AppleWebKit/532.0 (KHTML, like Gecko) Chrome/3.0.195.33 Safari/532.0"
          188.2.197.170 - - [16/Nov/2009:12:04:08 +0100] "GET /favicon.ico HTTP/1.1" 404 - "-" "Mozilla/5.0 (Windows; U; Windows NT 6.0; en-US) AppleWebKit/532.0 (KHTML, like Gecko) Chrome/3.0.195.33 Safari/532.0"
          93.86.163.26 - - [16/Nov/2009:12:04:13 +0100] "POST /noviSajt/vtsns_admin/amfphp/gateway.php HTTP/1.1" 200 780 "http://www.vtsns.edu.rs/noviSajt/administrator/Vtsns.swf" "Mozilla/4.0 (compatible; MSIE 6.0; Windows NT 5.1; SV1; .NET CLR 1.1.4322)"
          93.86.163.26 - - [16/Nov/2009:12:04:16 +0100] "GET /noviSajt/administrator/history/historyFrame.html?app=c029&4863-selectedIndex=4 HTTP/1.1" 304 - "http://www.vtsns.edu.rs/noviSajt/administrator/" "Mozilla/4.0 (compatible; MSIE 6.0; Windows NT 5.1; SV1; .NET CLR 1.1.4322)"
          93.86.163.26 - - [16/Nov/2009:12:04:21 +0100] "POST /noviSajt/vtsns_admin/amfphp/gateway.php HTTP/1.1" 200 832 "http://www.vtsns.edu.rs/noviSajt/administrator/Vtsns.swf" "Mozilla/4.0 (compatible; MSIE 6.0; Windows NT 5.1; SV1; .NET CLR 1.1.4322)"
          93.86.163.26 - - [16/Nov/2009:12:04:21 +0100] "POST /noviSajt/vtsns_admin/amfphp/gateway.php HTTP/1.1" 200 5122 "http://www.vtsns.edu.rs/noviSajt/administrator/Vtsns.swf" "Mozilla/4.0 (compatible; MSIE 6.0; Windows NT 5.1; SV1; .NET CLR 1.1.4322)"
          93.86.163.26 - - [16/Nov/2009:12:04:24 +0100] "GET /noviSajt/administrator/assets/ress.png HTTP/1.1" 200 3662 "http://www.vtsns.edu.rs/noviSajt/administrator/Vtsns.swf" "Mozilla/4.0 (compatible; MSIE 6.0; Windows NT 5.1; SV1; .NET CLR 1.1.4322)"
          93.86.163.26 - - [16/Nov/2009:12:04:24 +0100] "GET /noviSajt/administrator/assets/ress.png HTTP/1.1" 200 3662 "http://www.vtsns.edu.rs/noviSajt/administrator/Vtsns.swf" "Mozilla/4.0 (compatible; MSIE 6.0; Windows NT 5.1; SV1; .NET CLR 1.1.4322)"
          93.86.163.26 - - [16/Nov/2009:12:04:25 +0100] "GET /noviSajt/administrator/assets/ress.png HTTP/1.1" 200 3662 "http://www.vtsns.edu.rs/noviSajt/administrator/Vtsns.swf" "Mozilla/4.0 (compatible; MSIE 6.0; Windows NT 5.1; SV1; .NET CLR 1.1.4322)"
          93.86.163.26 - - [16/Nov/2009:12:04:25 +0100] "GET /noviSajt/administrator/history/historyFrame.html?app=c029&4863-selectedIndex=5 HTTP/1.1" 200 807 "http://www.vtsns.edu.rs/noviSajt/administrator/" "Mozilla/4.0 (compatible; MSIE 6.0; Windows NT 5.1; SV1; .NET CLR 1.1.4322)"
          93.86.163.26 - - [16/Nov/2009:12:04:28 +0100] "POST /noviSajt/vtsns_admin/amfphp/gateway.php HTTP/1.1" 200 522 "http://www.vtsns.edu.rs/noviSajt/administrator/Vtsns.swf" "Mozilla/4.0 (compatible; MSIE 6.0; Windows NT 5.1; SV1; .NET CLR 1.1.4322)"
          93.86.163.26 - - [16/Nov/2009:12:04:31 +0100] "POST /noviSajt/vtsns_admin/amfphp/gateway.php HTTP/1.1" 200 4647 "http://www.vtsns.edu.rs/noviSajt/administrator/Vtsns.swf" "Mozilla/4.0 (compatible; MSIE 6.0; Windows NT 5.1; SV1; .NET CLR 1.1.4322)"
          188.2.177.222 - - [16/Nov/2009:12:04:32 +0100] "GET /index.php HTTP/1.1" 200 3669 "http://www.vtsns.edu.rs/" "Mozilla/4.0 (compatible; MSIE 6.0; Windows NT 5.1; SV1; .NET CLR 2.0.50727; .NET CLR 3.0.4506.2152; .NET CLR 3.5.30729)"
          93.86.163.26 - - [16/Nov/2009:12:04:36 +0100] "POST /noviSajt/vtsns_admin/amfphp/gateway.php HTTP/1.1" 200 5373 "http://www.vtsns.edu.rs/noviSajt/administrator/Vtsns.swf" "Mozilla/4.0 (compatible; MSIE 6.0; Windows NT 5.1; SV1; .NET CLR 1.1.4322)"
          188.2.177.222 - - [16/Nov/2009:12:04:40 +0100] "GET /upis4.doc HTTP/1.1" 404 - "http://www.vtsns.edu.rs/" "Mozilla/4.0 (compatible; MSIE 6.0; Windows NT 5.1; SV1; .NET CLR 2.0.50727; .NET CLR 3.0.4506.2152; .NET CLR 3.5.30729)"
          188.2.177.222 - - [16/Nov/2009:12:04:40 +0100] "GET /upis4.doc HTTP/1.1" 404 - "-" "mAgent"
          93.86.163.26 - - [16/Nov/2009:12:04:47 +0100] "GET /noviSajt/administrator/history/historyFrame.html?app=c029&4863-selectedIndex=6 HTTP/1.1" 304 - "http://www.vtsns.edu.rs/noviSajt/administrator/" "Mozilla/4.0 (compatible; MSIE 6.0; Windows NT 5.1; SV1; .NET CLR 1.1.4322)"
          188.2.177.222 - - [16/Nov/2009:12:04:48 +0100] "GET /o_skoli.php HTTP/1.1" 200 9847 "http://www.vtsns.edu.rs/" "Mozilla/4.0 (compatible; MSIE 6.0; Windows NT 5.1; SV1; .NET CLR 2.0.50727; .NET CLR 3.0.4506.2152; .NET CLR 3.5.30729)"
          188.2.177.222 - - [16/Nov/2009:12:04:48 +0100] "GET /img/skola.jpg HTTP/1.1" 200 1117 "http://www.vtsns.edu.rs/o_skoli.php" "Mozilla/4.0 (compatible; MSIE 6.0; Windows NT 5.1; SV1; .NET CLR 2.0.50727; .NET CLR 3.0.4506.2152; .NET CLR 3.5.30729)"
          188.2.177.222 - - [16/Nov/2009:12:04:48 +0100] "GET /img/head3.jpg HTTP/1.1" 200 28679 "http://www.vtsns.edu.rs/o_skoli.php" "Mozilla/4.0 (compatible; MSIE 6.0; Windows NT 5.1; SV1; .NET CLR 2.0.50727; .NET CLR 3.0.4506.2152; .NET CLR 3.5.30729)"
          93.86.163.26 - - [16/Nov/2009:12:04:50 +0100] "POST /noviSajt/vtsns_admin/amfphp/gateway.php HTTP/1.1" 200 3782 "http://www.vtsns.edu.rs/noviSajt/administrator/Vtsns.swf" "Mozilla/4.0 (compatible; MSIE 6.0; Windows NT 5.1; SV1; .NET CLR 1.1.4322)"
          188.2.177.222 - - [16/Nov/2009:12:04:54 +0100] "GET /nastavno_osoblje.php HTTP/1.1" 200 19571 "http://www.vtsns.edu.rs/o_skoli.php" "Mozilla/4.0 (compatible; MSIE 6.0; Windows NT 5.1; SV1; .NET CLR 2.0.50727; .NET CLR 3.0.4506.2152; .NET CLR 3.5.30729)"
          188.2.177.222 - - [16/Nov/2009:12:04:54 +0100] "GET /img/nastavno.jpg HTTP/1.1" 200 1874 "http://www.vtsns.edu.rs/nastavno_osoblje.php" "Mozilla/4.0 (compatible; MSIE 6.0; Windows NT 5.1; SV1; .NET CLR 2.0.50727; .NET CLR 3.0.4506.2152; .NET CLR 3.5.30729)"
          93.86.163.26 - - [16/Nov/2009:12:05:02 +0100] "POST /noviSajt/vtsns_admin/amfphp/gateway.php HTTP/1.1" 200 536 "http://www.vtsns.edu.rs/noviSajt/administrator/Vtsns.swf" "Mozilla/4.0 (compatible; MSIE 6.0; Windows NT 5.1; SV1; .NET CLR 1.1.4322)"
          93.86.163.26 - - [16/Nov/2009:12:05:02 +0100] "POST /noviSajt/vtsns_admin/amfphp/gateway.php HTTP/1.1" 200 947 "http://www.vtsns.edu.rs/noviSajt/administrator/Vtsns.swf" "Mozilla/4.0 (compatible; MSIE 6.0; Windows NT 5.1; SV1; .NET CLR 1.1.4322)"
          188.2.177.222 - - [16/Nov/2009:12:05:07 +0100] "GET /stud_sluzba.php HTTP/1.1" 200 3932 "http://www.vtsns.edu.rs/nastavno_osoblje.php" "Mozilla/4.0 (compatible; MSIE 6.0; Windows NT 5.1; SV1; .NET CLR 2.0.50727; .NET CLR 3.0.4506.2152; .NET CLR 3.5.30729)"
          188.2.177.222 - - [16/Nov/2009:12:05:08 +0100] "GET /img/stud_sluzba.jpg HTTP/1.1" 200 2135 "http://www.vtsns.edu.rs/stud_sluzba.php" "Mozilla/4.0 (compatible; MSIE 6.0; Windows NT 5.1; SV1; .NET CLR 2.0.50727; .NET CLR 3.0.4506.2152; .NET CLR 3.5.30729)"
          188.2.177.222 - - [16/Nov/2009:12:05:14 +0100] "GET /o_skoli.php HTTP/1.1" 200 9847 "http://www.vtsns.edu.rs/stud_sluzba.php" "Mozilla/4.0 (compatible; MSIE 6.0; Windows NT 5.1; SV1; .NET CLR 2.0.50727; .NET CLR 3.0.4506.2152; .NET CLR 3.5.30729)"
          188.2.177.222 - - [16/Nov/2009:12:05:16 +0100] "GET /upload/zakon_o_visokom_obrazovanju.doc HTTP/1.1" 200 499712 "http://www.vtsns.edu.rs/o_skoli.php" "Mozilla/4.0 (compatible; MSIE 6.0; Windows NT 5.1; SV1; .NET CLR 2.0.50727; .NET CLR 3.0.4506.2152; .NET CLR 3.5.30729)"
          188.2.177.222 - - [16/Nov/2009:12:05:30 +0100] "GET /smerovi.php HTTP/1.1" 200 7046 "http://www.vtsns.edu.rs/o_skoli.php" "Mozilla/4.0 (compatible; MSIE 6.0; Windows NT 5.1; SV1; .NET CLR 2.0.50727; .NET CLR 3.0.4506.2152; .NET CLR 3.5.30729)"
          188.2.177.222 - - [16/Nov/2009:12:05:31 +0100] "GET /img/smer.jpg HTTP/1.1" 304 - "http://www.vtsns.edu.rs/smerovi.php" "Mozilla/4.0 (compatible; MSIE 6.0; Windows NT 5.1; SV1; .NET CLR 2.0.50727; .NET CLR 3.0.4506.2152; .NET CLR 3.5.30729)"
          188.2.177.222 - - [16/Nov/2009:12:05:31 +0100] "GET /img/head7.jpg HTTP/1.1" 304 - "http://www.vtsns.edu.rs/smerovi.php" "Mozilla/4.0 (compatible; MSIE 6.0; Windows NT 5.1; SV1; .NET CLR 2.0.50727; .NET CLR 3.0.4506.2152; .NET CLR 3.5.30729)"
          93.86.163.26 - - [16/Nov/2009:12:05:51 +0100] "GET /noviSajt/administrator/assets/rot.png HTTP/1.1" 304 - "http://www.vtsns.edu.rs/noviSajt/administrator/Vtsns.swf" "Mozilla/4.0 (compatible; MSIE 6.0; Windows NT 5.1; SV1; .NET CLR 1.1.4322)"
          93.86.163.26 - - [16/Nov/2009:12:05:51 +0100] "GET /noviSajt/administrator/assets/rot.png HTTP/1.1" 304 - "http://www.vtsns.edu.rs/noviSajt/administrator/Vtsns.swf" "Mozilla/4.0 (compatible; MSIE 6.0; Windows NT 5.1; SV1; .NET CLR 1.1.4322)"
          93.86.163.26 - - [16/Nov/2009:12:05:51 +0100] "GET /noviSajt/administrator/history/historyFrame.html?app=c029&4863-selectedIndex=7 HTTP/1.1" 304 - "http://www.vtsns.edu.rs/noviSajt/administrator/" "Mozilla/4.0 (compatible; MSIE 6.0; Windows NT 5.1; SV1; .NET CLR 1.1.4322)"
          93.86.163.26 - - [16/Nov/2009:12:05:53 +0100] "POST /noviSajt/vtsns_admin/amfphp/gateway.php HTTP/1.1" 200 11053 "http://www.vtsns.edu.rs/noviSajt/administrator/Vtsns.swf" "Mozilla/4.0 (compatible; MSIE 6.0; Windows NT 5.1; SV1; .NET CLR 1.1.4322)"
          93.86.163.26 - - [16/Nov/2009:12:05:55 +0100] "GET /noviSajt/administrator/assets/trace.png HTTP/1.1" 200 3467 "http://www.vtsns.edu.rs/noviSajt/administrator/Vtsns.swf" "Mozilla/4.0 (compatible; MSIE 6.0; Windows NT 5.1; SV1; .NET CLR 1.1.4322)"
          93.86.163.26 - - [16/Nov/2009:12:05:55 +0100] "GET /noviSajt/administrator/assets/trace.png HTTP/1.1" 200 3467 "http://www.vtsns.edu.rs/noviSajt/administrator/Vtsns.swf" "Mozilla/4.0 (compatible; MSIE 6.0; Windows NT 5.1; SV1; .NET CLR 1.1.4322)"
          93.86.163.26 - - [16/Nov/2009:12:05:55 +0100] "GET /noviSajt/administrator/history/historyFrame.html?app=c029&4863-selectedIndex=8 HTTP/1.1" 200 807 "http://www.vtsns.edu.rs/noviSajt/administrator/" "Mozilla/4.0 (compatible; MSIE 6.0; Windows NT 5.1; SV1; .NET CLR 1.1.4322)"
          93.86.163.26 - - [16/Nov/2009:12:05:57 +0100] "POST /noviSajt/vtsns_admin/amfphp/gateway.php HTTP/1.1" 200 924 "http://www.vtsns.edu.rs/noviSajt/administrator/Vtsns.swf" "Mozilla/4.0 (compatible; MSIE 6.0; Windows NT 5.1; SV1; .NET CLR 1.1.4322)"
          93.86.163.26 - - [16/Nov/2009:12:06:07 +0100] "GET /noviSajt/administrator/assets/sl_pr.png HTTP/1.1" 200 3633 "http://www.vtsns.edu.rs/noviSajt/administrator/Vtsns.swf" "Mozilla/4.0 (compatible; MSIE 6.0; Windows NT 5.1; SV1; .NET CLR 1.1.4322)"
          93.86.163.26 - - [16/Nov/2009:12:06:07 +0100] "GET /noviSajt/administrator/assets/sl_pr.png HTTP/1.1" 200 3633 "http://www.vtsns.edu.rs/noviSajt/administrator/Vtsns.swf" "Mozilla/4.0 (compatible; MSIE 6.0; Windows NT 5.1; SV1; .NET CLR 1.1.4322)"
          93.86.163.26 - - [16/Nov/2009:12:06:07 +0100] "GET /noviSajt/administrator/history/historyFrame.html?app=c029&4863-selectedIndex=9 HTTP/1.1" 200 807 "http://www.vtsns.edu.rs/noviSajt/administrator/" "Mozilla/4.0 (compatible; MSIE 6.0; Windows NT 5.1; SV1; .NET CLR 1.1.4322)"
          93.86.163.26 - - [16/Nov/2009:12:06:09 +0100] "POST /noviSajt/vtsns_admin/amfphp/gateway.php HTTP/1.1" 200 5167 "http://www.vtsns.edu.rs/noviSajt/administrator/Vtsns.swf" "Mozilla/4.0 (compatible; MSIE 6.0; Windows NT 5.1; SV1; .NET CLR 1.1.4322)"
          93.86.163.26 - - [16/Nov/2009:12:06:14 +0100] "GET /noviSajt/administrator/assets/slika.png HTTP/1.1" 200 3682 "http://www.vtsns.edu.rs/noviSajt/administrator/Vtsns.swf" "Mozilla/4.0 (compatible; MSIE 6.0; Windows NT 5.1; SV1; .NET CLR 1.1.4322)"
          93.86.163.26 - - [16/Nov/2009:12:06:14 +0100] "GET /noviSajt/administrator/assets/slika.png HTTP/1.1" 200 3682 "http://www.vtsns.edu.rs/noviSajt/administrator/Vtsns.swf" "Mozilla/4.0 (compatible; MSIE 6.0; Windows NT 5.1; SV1; .NET CLR 1.1.4322)"
          93.86.163.26 - - [16/Nov/2009:12:06:14 +0100] "GET /noviSajt/administrator/history/historyFrame.html?app=c029&4863-selectedIndex=10 HTTP/1.1" 200 807 "http://www.vtsns.edu.rs/noviSajt/administrator/" "Mozilla/4.0 (compatible; MSIE 6.0; Windows NT 5.1; SV1; .NET CLR 1.1.4322)"
          93.86.163.26 - - [16/Nov/2009:12:06:16 +0100] "POST /noviSajt/vtsns_admin/amfphp/gateway.php HTTP/1.1" 200 611 "http://www.vtsns.edu.rs/noviSajt/administrator/Vtsns.swf" "Mozilla/4.0 (compatible; MSIE 6.0; Windows NT 5.1; SV1; .NET CLR 1.1.4322)"
          93.86.163.26 - - [16/Nov/2009:12:06:16 +0100] "POST /noviSajt/vtsns_admin/amfphp/gateway.php HTTP/1.1" 200 11931 "http://www.vtsns.edu.rs/noviSajt/administrator/Vtsns.swf" "Mozilla/4.0 (compatible; MSIE 6.0; Windows NT 5.1; SV1; .NET CLR 1.1.4322)"
          93.86.163.26 - - [16/Nov/2009:12:06:16 +0100] "GET /noviSajt/vtsns_admin/gallery/gallery_1.png HTTP/1.1" 200 91760 "http://www.vtsns.edu.rs/noviSajt/administrator/Vtsns.swf" "Mozilla/4.0 (compatible; MSIE 6.0; Windows NT 5.1; SV1; .NET CLR 1.1.4322)"
          93.86.163.26 - - [16/Nov/2009:12:06:17 +0100] "GET /noviSajt/vtsns_admin/gallery/gallery_2.png HTTP/1.1" 200 97364 "http://www.vtsns.edu.rs/noviSajt/administrator/Vtsns.swf" "Mozilla/4.0 (compatible; MSIE 6.0; Windows NT 5.1; SV1; .NET CLR 1.1.4322)"
          93.86.163.26 - - [16/Nov/2009:12:06:18 +0100] "GET /noviSajt/vtsns_admin/gallery/gallery_5.gif HTTP/1.1" 200 4047 "http://www.vtsns.edu.rs/noviSajt/administrator/Vtsns.swf" "Mozilla/4.0 (compatible; MSIE 6.0; Windows NT 5.1; SV1; .NET CLR 1.1.4322)"
          93.86.163.26 - - [16/Nov/2009:12:06:18 +0100] "GET /noviSajt/vtsns_admin/gallery/gallery_3.jpg HTTP/1.1" 200 38359 "http://www.vtsns.edu.rs/noviSajt/administrator/Vtsns.swf" "Mozilla/4.0 (compatible; MSIE 6.0; Windows NT 5.1; SV1; .NET CLR 1.1.4322)"
          93.86.163.26 - - [16/Nov/2009:12:06:18 +0100] "GET /noviSajt/vtsns_admin/gallery/gallery_4.jpg HTTP/1.1" 200 144269 "http://www.vtsns.edu.rs/noviSajt/administrator/Vtsns.swf" "Mozilla/4.0 (compatible; MSIE 6.0; Windows NT 5.1; SV1; .NET CLR 1.1.4322)"
          188.2.177.222 - - [16/Nov/2009:12:06:32 +0100] "GET /konsultacije.php HTTP/1.1" 200 2822 "http://www.vtsns.edu.rs/smerovi.php" "Mozilla/4.0 (compatible; MSIE 6.0; Windows NT 5.1; SV1; .NET CLR 2.0.50727; .NET CLR 3.0.4506.2152; .NET CLR 3.5.30729)"
          188.2.177.222 - - [16/Nov/2009:12:06:33 +0100] "GET /img/konsultacije.jpg HTTP/1.1" 200 2567 "http://www.vtsns.edu.rs/konsultacije.php" "Mozilla/4.0 (compatible; MSIE 6.0; Windows NT 5.1; SV1; .NET CLR 2.0.50727; .NET CLR 3.0.4506.2152; .NET CLR 3.5.30729)"
          188.2.177.222 - - [16/Nov/2009:12:06:33 +0100] "GET /img/head5.jpg HTTP/1.1" 304 - "http://www.vtsns.edu.rs/konsultacije.php" "Mozilla/4.0 (compatible; MSIE 6.0; Windows NT 5.1; SV1; .NET CLR 2.0.50727; .NET CLR 3.0.4506.2152; .NET CLR 3.5.30729)"
          93.86.166.97 - - [16/Nov/2009:12:06:35 +0100] "GET / HTTP/1.1" 200 3669 "http://www.google.com/search?client=firefox-a&rls=org.mozilla%3Aen-US%3Aofficial&channel=s&hl=en&source=hp&q=visoka+thni%C4%8Dka+%C5%A1kola+u+novom+sadu&btnG=Google+Search" "Mozilla/5.0 (Windows; U; Windows NT 5.1; en-US; rv:1.9.0.15) Gecko/2009101601 Firefox/3.0.15"
          93.86.166.97 - - [16/Nov/2009:12:06:35 +0100] "GET /img/vts.jpg HTTP/1.1" 200 4053 "http://www.vtsns.edu.rs/" "Mozilla/5.0 (Windows; U; Windows NT 5.1; en-US; rv:1.9.0.15) Gecko/2009101601 Firefox/3.0.15"
          93.86.166.97 - - [16/Nov/2009:12:06:36 +0100] "GET /style.css HTTP/1.1" 200 6554 "http://www.vtsns.edu.rs/" "Mozilla/5.0 (Windows; U; Windows NT 5.1; en-US; rv:1.9.0.15) Gecko/2009101601 Firefox/3.0.15"
          93.86.166.97 - - [16/Nov/2009:12:06:36 +0100] "GET /img/copyprint.jpg HTTP/1.1" 200 1662 "http://www.vtsns.edu.rs/" "Mozilla/5.0 (Windows; U; Windows NT 5.1; en-US; rv:1.9.0.15) Gecko/2009101601 Firefox/3.0.15"
          93.86.166.97 - - [16/Nov/2009:12:06:36 +0100] "GET /img/novosti.jpg HTTP/1.1" 200 1161 "http://www.vtsns.edu.rs/" "Mozilla/5.0 (Windows; U; Windows NT 5.1; en-US; rv:1.9.0.15) Gecko/2009101601 Firefox/3.0.15"
          188.2.177.222 - - [16/Nov/2009:12:06:36 +0100] "GET /ispiti.php HTTP/1.1" 200 3176 "http://www.vtsns.edu.rs/konsultacije.php" "Mozilla/4.0 (compatible; MSIE 6.0; Windows NT 5.1; SV1; .NET CLR 2.0.50727; .NET CLR 3.0.4506.2152; .NET CLR 3.5.30729)"
          188.2.177.222 - - [16/Nov/2009:12:06:37 +0100] "GET /img/ispiti.jpg HTTP/1.1" 200 826 "http://www.vtsns.edu.rs/ispiti.php" "Mozilla/4.0 (compatible; MSIE 6.0; Windows NT 5.1; SV1; .NET CLR 2.0.50727; .NET CLR 3.0.4506.2152; .NET CLR 3.5.30729)"
          93.86.166.97 - - [16/Nov/2009:12:06:36 +0100] "GET /img/bg.jpg HTTP/1.1" 200 23084 "http://www.vtsns.edu.rs/style.css" "Mozilla/5.0 (Windows; U; Windows NT 5.1; en-US; rv:1.9.0.15) Gecko/2009101601 Firefox/3.0.15"
          188.2.177.222 - - [16/Nov/2009:12:06:39 +0100] "GET /raspored_predavanja.php HTTP/1.1" 200 8527 "http://www.vtsns.edu.rs/ispiti.php" "Mozilla/4.0 (compatible; MSIE 6.0; Windows NT 5.1; SV1; .NET CLR 2.0.50727; .NET CLR 3.0.4506.2152; .NET CLR 3.5.30729)"
          93.86.166.97 - - [16/Nov/2009:12:06:36 +0100] "GET /img/head2.jpg HTTP/1.1" 200 74512 "http://www.vtsns.edu.rs/" "Mozilla/5.0 (Windows; U; Windows NT 5.1; en-US; rv:1.9.0.15) Gecko/2009101601 Firefox/3.0.15"
          93.86.166.97 - - [16/Nov/2009:12:06:40 +0100] "GET /favicon.ico HTTP/1.1" 404 - "-" "Mozilla/5.0 (Windows; U; Windows NT 5.1; en-US; rv:1.9.0.15) Gecko/2009101601 Firefox/3.0.15"
          93.86.166.97 - - [16/Nov/2009:12:06:43 +0100] "GET /favicon.ico HTTP/1.1" 404 - "-" "Mozilla/5.0 (Windows; U; Windows NT 5.1; en-US; rv:1.9.0.15) Gecko/2009101601 Firefox/3.0.15"
          188.2.177.222 - - [16/Nov/2009:12:06:48 +0100] "GET /ispit_raspored_akt.php HTTP/1.1" 200 3893 "http://www.vtsns.edu.rs/raspored_predavanja.php" "Mozilla/4.0 (compatible; MSIE 6.0; Windows NT 5.1; SV1; .NET CLR 2.0.50727; .NET CLR 3.0.4506.2152; .NET CLR 3.5.30729)"
          188.2.177.222 - - [16/Nov/2009:12:06:48 +0100] "GET /img/ispit_akt.jpg HTTP/1.1" 200 2184 "http://www.vtsns.edu.rs/ispit_raspored_akt.php" "Mozilla/4.0 (compatible; MSIE 6.0; Windows NT 5.1; SV1; .NET CLR 2.0.50727; .NET CLR 3.0.4506.2152; .NET CLR 3.5.30729)"
          188.2.177.222 - - [16/Nov/2009:12:07:03 +0100] "GET /ispit_raspored_god.php HTTP/1.1" 200 4074 "http://www.vtsns.edu.rs/ispit_raspored_akt.php" "Mozilla/4.0 (compatible; MSIE 6.0; Windows NT 5.1; SV1; .NET CLR 2.0.50727; .NET CLR 3.0.4506.2152; .NET CLR 3.5.30729)"
