          79.101.168.25 - - [16/Nov/2009:11:36:19 +0100] "GET / HTTP/1.1" 200 3669 "http://www.google.com/url?sa=t&source=web&ct=res&cd=1&ved=0CAgQFjAA&url=http%3A%2F%2Fvtsns.edu.yu%2F&rct=j&q=visoka+tehnicka+skola+novi+sad&ei=JCsBS-X_KcaJ4QaB-dXwCw&usg=AFQjCNGuocZnfANaPKH-tpZMoSVvKVnJCg" "Mozilla/5.0 (Windows; U; Windows NT 5.1; en-US; rv:1.9.0.15) Gecko/2009101601 Firefox/3.0.15"
          79.101.168.25 - - [16/Nov/2009:11:36:20 +0100] "GET /style.css HTTP/1.1" 200 6554 "http://www.vtsns.edu.rs/" "Mozilla/5.0 (Windows; U; Windows NT 5.1; en-US; rv:1.9.0.15) Gecko/2009101601 Firefox/3.0.15"
          79.101.168.25 - - [16/Nov/2009:11:36:20 +0100] "GET /img/vts.jpg HTTP/1.1" 200 4053 "http://www.vtsns.edu.rs/" "Mozilla/5.0 (Windows; U; Windows NT 5.1; en-US; rv:1.9.0.15) Gecko/2009101601 Firefox/3.0.15"
          79.101.168.25 - - [16/Nov/2009:11:36:20 +0100] "GET /img/copyprint.jpg HTTP/1.1" 200 1662 "http://www.vtsns.edu.rs/" "Mozilla/5.0 (Windows; U; Windows NT 5.1; en-US; rv:1.9.0.15) Gecko/2009101601 Firefox/3.0.15"
          79.101.168.25 - - [16/Nov/2009:11:36:20 +0100] "GET /img/novosti.jpg HTTP/1.1" 200 1161 "http://www.vtsns.edu.rs/" "Mozilla/5.0 (Windows; U; Windows NT 5.1; en-US; rv:1.9.0.15) Gecko/2009101601 Firefox/3.0.15"
          79.101.168.25 - - [16/Nov/2009:11:36:21 +0100] "GET /img/bg.jpg HTTP/1.1" 200 23084 "http://www.vtsns.edu.rs/style.css" "Mozilla/5.0 (Windows; U; Windows NT 5.1; en-US; rv:1.9.0.15) Gecko/2009101601 Firefox/3.0.15"
          79.101.168.25 - - [16/Nov/2009:11:36:20 +0100] "GET /img/head2.jpg HTTP/1.1" 200 74512 "http://www.vtsns.edu.rs/" "Mozilla/5.0 (Windows; U; Windows NT 5.1; en-US; rv:1.9.0.15) Gecko/2009101601 Firefox/3.0.15"
          79.101.168.25 - - [16/Nov/2009:11:36:24 +0100] "GET /favicon.ico HTTP/1.1" 404 - "-" "Mozilla/5.0 (Windows; U; Windows NT 5.1; en-US; rv:1.9.0.15) Gecko/2009101601 Firefox/3.0.15"
          79.101.168.25 - - [16/Nov/2009:11:36:27 +0100] "GET /favicon.ico HTTP/1.1" 404 - "-" "Mozilla/5.0 (Windows; U; Windows NT 5.1; en-US; rv:1.9.0.15) Gecko/2009101601 Firefox/3.0.15"
          79.101.168.25 - - [16/Nov/2009:11:36:28 +0100] "GET /ispit_rezultati.php HTTP/1.1" 200 5740 "http://www.vtsns.edu.rs/" "Mozilla/5.0 (Windows; U; Windows NT 5.1; en-US; rv:1.9.0.15) Gecko/2009101601 Firefox/3.0.15"
          79.101.168.25 - - [16/Nov/2009:11:36:28 +0100] "GET /img/head5.jpg HTTP/1.1" 200 23689 "http://www.vtsns.edu.rs/ispit_rezultati.php" "Mozilla/5.0 (Windows; U; Windows NT 5.1; en-US; rv:1.9.0.15) Gecko/2009101601 Firefox/3.0.15"
          79.101.168.25 - - [16/Nov/2009:11:36:29 +0100] "GET /img/ispit_rezultati.jpg HTTP/1.1" 200 1947 "http://www.vtsns.edu.rs/ispit_rezultati.php" "Mozilla/5.0 (Windows; U; Windows NT 5.1; en-US; rv:1.9.0.15) Gecko/2009101601 Firefox/3.0.15"
          213.198.236.111 - - [16/Nov/2009:11:36:52 +0100] "GET / HTTP/1.1" 200 3669 "http://www.google.com/url?sa=t&source=web&ct=res&cd=1&ved=0CAcQFjAA&url=http%3A%2F%2Fvtsns.edu.yu%2F&rct=j&q=visoka+tehnicka+skola+novi+sad&ei=RSsBS4vxLJGGsAaGoKmjDA&usg=AFQjCNGuocZnfANaPKH-tpZMoSVvKVnJCg" "Mozilla/5.0 (Windows; U; Windows NT 5.1; sr; rv:1.9.1.5) Gecko/20091102 Firefox/3.5.5"
          213.198.236.111 - - [16/Nov/2009:11:36:52 +0100] "GET /img/novosti.jpg HTTP/1.1" 200 1161 "http://www.vtsns.edu.rs/" "Mozilla/5.0 (Windows; U; Windows NT 5.1; sr; rv:1.9.1.5) Gecko/20091102 Firefox/3.5.5"
          213.198.236.111 - - [16/Nov/2009:11:36:52 +0100] "GET /style.css HTTP/1.1" 200 6554 "http://www.vtsns.edu.rs/" "Mozilla/5.0 (Windows; U; Windows NT 5.1; sr; rv:1.9.1.5) Gecko/20091102 Firefox/3.5.5"
          213.198.236.111 - - [16/Nov/2009:11:36:52 +0100] "GET /img/vts.jpg HTTP/1.1" 200 4053 "http://www.vtsns.edu.rs/" "Mozilla/5.0 (Windows; U; Windows NT 5.1; sr; rv:1.9.1.5) Gecko/20091102 Firefox/3.5.5"
          213.198.236.111 - - [16/Nov/2009:11:36:52 +0100] "GET /img/copyprint.jpg HTTP/1.1" 200 1662 "http://www.vtsns.edu.rs/" "Mozilla/5.0 (Windows; U; Windows NT 5.1; sr; rv:1.9.1.5) Gecko/20091102 Firefox/3.5.5"
          213.198.236.111 - - [16/Nov/2009:11:36:53 +0100] "GET /img/bg.jpg HTTP/1.1" 200 23084 "http://www.vtsns.edu.rs/style.css" "Mozilla/5.0 (Windows; U; Windows NT 5.1; sr; rv:1.9.1.5) Gecko/20091102 Firefox/3.5.5"
          213.198.236.111 - - [16/Nov/2009:11:36:52 +0100] "GET /img/head2.jpg HTTP/1.1" 200 74512 "http://www.vtsns.edu.rs/" "Mozilla/5.0 (Windows; U; Windows NT 5.1; sr; rv:1.9.1.5) Gecko/20091102 Firefox/3.5.5"
          213.198.236.111 - - [16/Nov/2009:11:36:54 +0100] "GET /favicon.ico HTTP/1.1" 404 - "-" "Mozilla/5.0 (Windows; U; Windows NT 5.1; sr; rv:1.9.1.5) Gecko/20091102 Firefox/3.5.5"
          213.198.236.111 - - [16/Nov/2009:11:36:57 +0100] "GET /favicon.ico HTTP/1.1" 404 - "-" "Mozilla/5.0 (Windows; U; Windows NT 5.1; sr; rv:1.9.1.5) Gecko/20091102 Firefox/3.5.5"
          89.216.30.146 - - [16/Nov/2009:11:36:56 +0100] "GET /Raspored%20svi3.doc HTTP/1.1" 200 368640 "http://www.vtsns.edu.rs/oglasna.php" "Mozilla/4.0 (compatible; MSIE 8.0; Windows NT 6.1; WOW64; Trident/4.0; SLCC2; .NET CLR 2.0.50727; .NET CLR 3.5.30729; .NET CLR 3.0.30729; Media Center PC 6.0; InfoPath.2)"
          89.216.30.146 - - [16/Nov/2009:11:36:59 +0100] "OPTIONS / HTTP/1.1" 200 3669 "-" "Microsoft-WebDAV-MiniRedir/6.1.7600"
          89.216.30.146 - - [16/Nov/2009:11:36:59 +0100] "PROPFIND / HTTP/1.1" 404 - "-" "Microsoft-WebDAV-MiniRedir/6.1.7600"
          89.216.30.146 - - [16/Nov/2009:11:36:59 +0100] "PROPFIND / HTTP/1.1" 404 - "-" "Microsoft-WebDAV-MiniRedir/6.1.7600"
          213.198.236.111 - - [16/Nov/2009:11:37:01 +0100] "GET /oglasna.php HTTP/1.1" 200 4545 "http://www.vtsns.edu.rs/" "Mozilla/5.0 (Windows; U; Windows NT 5.1; sr; rv:1.9.1.5) Gecko/20091102 Firefox/3.5.5"
          89.216.30.146 - - [16/Nov/2009:11:37:02 +0100] "HEAD /Raspored%20svi3.doc HTTP/1.1" 200 - "-" "Microsoft Office Existence Discovery"
          213.198.236.111 - - [16/Nov/2009:11:37:02 +0100] "GET /img/oglasna.jpg HTTP/1.1" 200 1832 "http://www.vtsns.edu.rs/oglasna.php" "Mozilla/5.0 (Windows; U; Windows NT 5.1; sr; rv:1.9.1.5) Gecko/20091102 Firefox/3.5.5"
          213.198.236.111 - - [16/Nov/2009:11:37:02 +0100] "GET /img/head6.jpg HTTP/1.1" 200 26425 "http://www.vtsns.edu.rs/oglasna.php" "Mozilla/5.0 (Windows; U; Windows NT 5.1; sr; rv:1.9.1.5) Gecko/20091102 Firefox/3.5.5"
          93.86.163.28 - - [16/Nov/2009:11:37:02 +0100] "GET /favicon.ico HTTP/1.1" 404 - "-" "Mozilla/5.0 (Windows; U; Windows NT 5.1; en-US; rv:1.8.1.6) Gecko/20070725 Firefox/2.0.0.6"
          79.101.168.25 - - [16/Nov/2009:11:37:03 +0100] "GET /o_skoli.php HTTP/1.1" 200 9847 "http://www.vtsns.edu.rs/ispit_rezultati.php" "Mozilla/5.0 (Windows; U; Windows NT 5.1; en-US; rv:1.9.0.15) Gecko/2009101601 Firefox/3.0.15"
          79.101.168.25 - - [16/Nov/2009:11:37:04 +0100] "GET /img/skola.jpg HTTP/1.1" 200 1117 "http://www.vtsns.edu.rs/o_skoli.php" "Mozilla/5.0 (Windows; U; Windows NT 5.1; en-US; rv:1.9.0.15) Gecko/2009101601 Firefox/3.0.15"
          79.101.168.25 - - [16/Nov/2009:11:37:04 +0100] "GET /img/head3.jpg HTTP/1.1" 200 28679 "http://www.vtsns.edu.rs/o_skoli.php" "Mozilla/5.0 (Windows; U; Windows NT 5.1; en-US; rv:1.9.0.15) Gecko/2009101601 Firefox/3.0.15"
          213.198.236.111 - - [16/Nov/2009:11:37:06 +0100] "GET /Obav.o%20Odipl.graf.DJURDJEV%20MILOS-SEGEDINAC.rtf HTTP/1.1" 200 34663 "http://www.vtsns.edu.rs/oglasna.php" "Mozilla/5.0 (Windows; U; Windows NT 5.1; sr; rv:1.9.1.5) Gecko/20091102 Firefox/3.5.5"
          79.101.168.25 - - [16/Nov/2009:11:37:18 +0100] "GET /nenastavno_osoblje.php HTTP/1.1" 200 5576 "http://www.vtsns.edu.rs/o_skoli.php" "Mozilla/5.0 (Windows; U; Windows NT 5.1; en-US; rv:1.9.0.15) Gecko/2009101601 Firefox/3.0.15"
          79.101.168.25 - - [16/Nov/2009:11:37:19 +0100] "GET /img/nenastavno.jpg HTTP/1.1" 200 2279 "http://www.vtsns.edu.rs/nenastavno_osoblje.php" "Mozilla/5.0 (Windows; U; Windows NT 5.1; en-US; rv:1.9.0.15) Gecko/2009101601 Firefox/3.0.15"
          213.198.236.111 - - [16/Nov/2009:11:37:38 +0100] "GET /raspored_predavanja.php HTTP/1.1" 200 8527 "http://www.vtsns.edu.rs/oglasna.php" "Mozilla/5.0 (Windows; U; Windows NT 5.1; sr; rv:1.9.1.5) Gecko/20091102 Firefox/3.5.5"
          213.198.236.111 - - [16/Nov/2009:11:37:38 +0100] "GET /img/head5.jpg HTTP/1.1" 200 23689 "http://www.vtsns.edu.rs/raspored_predavanja.php" "Mozilla/5.0 (Windows; U; Windows NT 5.1; sr; rv:1.9.1.5) Gecko/20091102 Firefox/3.5.5"
          79.101.168.25 - - [16/Nov/2009:11:37:42 +0100] "GET /img/nastavno.jpg HTTP/1.1" 200 1874 "http://www.vtsns.edu.rs/nastavno_osoblje.php" "Mozilla/5.0 (Windows; U; Windows NT 5.1; en-US; rv:1.9.0.15) Gecko/2009101601 Firefox/3.0.15"
          79.101.168.25 - - [16/Nov/2009:11:37:41 +0100] "GET /nastavno_osoblje.php HTTP/1.1" 200 19571 "http://www.vtsns.edu.rs/nenastavno_osoblje.php" "Mozilla/5.0 (Windows; U; Windows NT 5.1; en-US; rv:1.9.0.15) Gecko/2009101601 Firefox/3.0.15"
          89.216.30.146 - - [16/Nov/2009:11:37:45 +0100] "GET /ispit_rezultati.php HTTP/1.1" 200 5740 "http://www.vtsns.edu.rs/oglasna.php" "Mozilla/4.0 (compatible; MSIE 8.0; Windows NT 6.1; WOW64; Trident/4.0; SLCC2; .NET CLR 2.0.50727; .NET CLR 3.5.30729; .NET CLR 3.0.30729; Media Center PC 6.0; InfoPath.2)"
          89.216.30.146 - - [16/Nov/2009:11:37:46 +0100] "GET /img/ispit_rezultati.jpg HTTP/1.1" 200 1947 "http://www.vtsns.edu.rs/ispit_rezultati.php" "Mozilla/4.0 (compatible; MSIE 8.0; Windows NT 6.1; WOW64; Trident/4.0; SLCC2; .NET CLR 2.0.50727; .NET CLR 3.5.30729; .NET CLR 3.0.30729; Media Center PC 6.0; InfoPath.2)"
          89.216.30.146 - - [16/Nov/2009:11:37:46 +0100] "GET /img/head5.jpg HTTP/1.1" 200 23689 "http://www.vtsns.edu.rs/ispit_rezultati.php" "Mozilla/4.0 (compatible; MSIE 8.0; Windows NT 6.1; WOW64; Trident/4.0; SLCC2; .NET CLR 2.0.50727; .NET CLR 3.5.30729; .NET CLR 3.0.30729; Media Center PC 6.0; InfoPath.2)"
          213.198.236.111 - - [16/Nov/2009:11:37:52 +0100] "GET /Termoenergetika%20i%20odrzavanje_I.doc HTTP/1.1" 200 50688 "http://www.vtsns.edu.rs/raspored_predavanja.php" "Mozilla/5.0 (Windows; U; Windows NT 5.1; sr; rv:1.9.1.5) Gecko/20091102 Firefox/3.5.5"
          79.101.168.25 - - [16/Nov/2009:11:38:18 +0100] "GET /profesor.php?id=70 HTTP/1.1" 200 5435 "http://www.vtsns.edu.rs/nastavno_osoblje.php" "Mozilla/5.0 (Windows; U; Windows NT 5.1; en-US; rv:1.9.0.15) Gecko/2009101601 Firefox/3.0.15"
          77.222.18.107 - - [16/Nov/2009:11:38:26 +0100] "GET /favicon.ico HTTP/1.1" 404 - "http://www.vtsns.edu.rs/o_skoli.php" "Opera/9.64 (Windows NT 5.1; U; en)"
          79.101.168.25 - - [16/Nov/2009:11:38:27 +0100] "GET /img/skriptarnica.jpg HTTP/1.1" 200 1659 "http://www.vtsns.edu.rs/skriptarnica.php" "Mozilla/5.0 (Windows; U; Windows NT 5.1; en-US; rv:1.9.0.15) Gecko/2009101601 Firefox/3.0.15"
          79.101.168.25 - - [16/Nov/2009:11:38:26 +0100] "GET /skriptarnica.php HTTP/1.1" 200 17962 "http://www.vtsns.edu.rs/profesor.php?id=70" "Mozilla/5.0 (Windows; U; Windows NT 5.1; en-US; rv:1.9.0.15) Gecko/2009101601 Firefox/3.0.15"
          213.198.236.111 - - [16/Nov/2009:11:38:34 +0100] "GET /Termoenergetika%20i%20odrzavanje_II.doc HTTP/1.1" 200 43520 "http://www.vtsns.edu.rs/raspored_predavanja.php" "Mozilla/5.0 (Windows; U; Windows NT 5.1; sr; rv:1.9.1.5) Gecko/20091102 Firefox/3.5.5"
          95.85.130.194 - - [16/Nov/2009:11:38:40 +0100] "GET / HTTP/1.1" 200 3669 "-" "Mozilla/5.0 (Windows; U; Windows NT 6.1; en-US; rv:1.9.1.5) Gecko/20091102 Firefox/3.5.5"
          93.86.163.28 - - [16/Nov/2009:11:38:41 +0100] "GET /favicon.ico HTTP/1.1" 404 - "-" "Mozilla/5.0 (Windows; U; Windows NT 5.1; en-US; rv:1.8.1.6) Gecko/20070725 Firefox/2.0.0.6"
          95.85.130.194 - - [16/Nov/2009:11:38:41 +0100] "GET /style.css HTTP/1.1" 200 6554 "http://vtsns.edu.rs/" "Mozilla/5.0 (Windows; U; Windows NT 6.1; en-US; rv:1.9.1.5) Gecko/20091102 Firefox/3.5.5"
          95.85.130.194 - - [16/Nov/2009:11:38:41 +0100] "GET /img/vts.jpg HTTP/1.1" 200 4053 "http://vtsns.edu.rs/" "Mozilla/5.0 (Windows; U; Windows NT 6.1; en-US; rv:1.9.1.5) Gecko/20091102 Firefox/3.5.5"
          95.85.130.194 - - [16/Nov/2009:11:38:41 +0100] "GET /img/copyprint.jpg HTTP/1.1" 200 1662 "http://vtsns.edu.rs/" "Mozilla/5.0 (Windows; U; Windows NT 6.1; en-US; rv:1.9.1.5) Gecko/20091102 Firefox/3.5.5"
          95.85.130.194 - - [16/Nov/2009:11:38:42 +0100] "GET /img/novosti.jpg HTTP/1.1" 200 1161 "http://vtsns.edu.rs/" "Mozilla/5.0 (Windows; U; Windows NT 6.1; en-US; rv:1.9.1.5) Gecko/20091102 Firefox/3.5.5"
          95.85.130.194 - - [16/Nov/2009:11:38:43 +0100] "GET /img/bg.jpg HTTP/1.1" 200 23084 "http://vtsns.edu.rs/style.css" "Mozilla/5.0 (Windows; U; Windows NT 6.1; en-US; rv:1.9.1.5) Gecko/20091102 Firefox/3.5.5"
          95.85.130.194 - - [16/Nov/2009:11:38:41 +0100] "GET /img/head2.jpg HTTP/1.1" 200 74512 "http://vtsns.edu.rs/" "Mozilla/5.0 (Windows; U; Windows NT 6.1; en-US; rv:1.9.1.5) Gecko/20091102 Firefox/3.5.5"
          95.85.130.194 - - [16/Nov/2009:11:38:46 +0100] "GET /favicon.ico HTTP/1.1" 404 - "-" "Mozilla/5.0 (Windows; U; Windows NT 6.1; en-US; rv:1.9.1.5) Gecko/20091102 Firefox/3.5.5"
          95.85.130.194 - - [16/Nov/2009:11:38:48 +0100] "GET /konkursi.php HTTP/1.1" 200 2755 "http://vtsns.edu.rs/" "Mozilla/5.0 (Windows; U; Windows NT 6.1; en-US; rv:1.9.1.5) Gecko/20091102 Firefox/3.5.5"
          95.85.130.194 - - [16/Nov/2009:11:38:49 +0100] "GET /img/konkursi.jpg HTTP/1.1" 200 1279 "http://vtsns.edu.rs/konkursi.php" "Mozilla/5.0 (Windows; U; Windows NT 6.1; en-US; rv:1.9.1.5) Gecko/20091102 Firefox/3.5.5"
          95.85.130.194 - - [16/Nov/2009:11:38:49 +0100] "GET /img/head6.jpg HTTP/1.1" 200 26425 "http://vtsns.edu.rs/konkursi.php" "Mozilla/5.0 (Windows; U; Windows NT 6.1; en-US; rv:1.9.1.5) Gecko/20091102 Firefox/3.5.5"
          95.85.130.194 - - [16/Nov/2009:11:38:52 +0100] "GET /favicon.ico HTTP/1.1" 404 - "-" "Mozilla/5.0 (Windows; U; Windows NT 6.1; en-US; rv:1.9.1.5) Gecko/20091102 Firefox/3.5.5"
          95.85.130.194 - - [16/Nov/2009:11:38:52 +0100] "GET /favicon.ico HTTP/1.1" 404 - "-" "Mozilla/5.0 (Windows; U; Windows NT 6.1; en-US; rv:1.9.1.5) Gecko/20091102 Firefox/3.5.5"
          79.101.168.25 - - [16/Nov/2009:11:38:54 +0100] "GET /biblioteka.php HTTP/1.1" 200 3538 "http://www.vtsns.edu.rs/skriptarnica.php" "Mozilla/5.0 (Windows; U; Windows NT 5.1; en-US; rv:1.9.0.15) Gecko/2009101601 Firefox/3.0.15"
          95.85.130.194 - - [16/Nov/2009:11:38:54 +0100] "GET /kontakt.php HTTP/1.1" 200 3943 "http://vtsns.edu.rs/konkursi.php" "Mozilla/5.0 (Windows; U; Windows NT 6.1; en-US; rv:1.9.1.5) Gecko/20091102 Firefox/3.5.5"
          79.101.168.25 - - [16/Nov/2009:11:38:54 +0100] "GET /img/biblioteka.jpg HTTP/1.1" 200 1496 "http://www.vtsns.edu.rs/biblioteka.php" "Mozilla/5.0 (Windows; U; Windows NT 5.1; en-US; rv:1.9.0.15) Gecko/2009101601 Firefox/3.0.15"
          95.85.130.194 - - [16/Nov/2009:11:38:55 +0100] "GET /img/kontakt.jpg HTTP/1.1" 200 1379 "http://vtsns.edu.rs/kontakt.php" "Mozilla/5.0 (Windows; U; Windows NT 6.1; en-US; rv:1.9.1.5) Gecko/20091102 Firefox/3.5.5"
          95.85.130.194 - - [16/Nov/2009:11:38:55 +0100] "GET /img/head3.jpg HTTP/1.1" 200 28679 "http://vtsns.edu.rs/kontakt.php" "Mozilla/5.0 (Windows; U; Windows NT 6.1; en-US; rv:1.9.1.5) Gecko/20091102 Firefox/3.5.5"
          79.101.168.25 - - [16/Nov/2009:11:38:59 +0100] "GET /biblioteka.php HTTP/1.1" 200 3538 "http://www.vtsns.edu.rs/biblioteka.php" "Mozilla/5.0 (Windows; U; Windows NT 5.1; en-US; rv:1.9.0.15) Gecko/2009101601 Firefox/3.0.15"
          89.216.81.37 - - [16/Nov/2009:11:39:07 +0100] "GET / HTTP/1.1" 200 3669 "http://www.google.com/search?hl=sr&source=hp&q=vts+ns&btnG=Google+%D0%BF%D1%80%D0%B5%D1%82%D1%80%D0%B0%D0%B3%D0%B0&lr=&aq=o&oq=" "Opera/9.80 (Windows NT 5.1; U; en) Presto/2.2.15 Version/10.00"
          89.216.81.37 - - [16/Nov/2009:11:39:08 +0100] "GET /style.css HTTP/1.1" 200 6554 "http://www.vtsns.edu.rs/" "Opera/9.80 (Windows NT 5.1; U; en) Presto/2.2.15 Version/10.00"
          89.216.81.37 - - [16/Nov/2009:11:39:09 +0100] "GET /img/vts.jpg HTTP/1.1" 200 4053 "http://www.vtsns.edu.rs/" "Opera/9.80 (Windows NT 5.1; U; en) Presto/2.2.15 Version/10.00"
          89.216.81.37 - - [16/Nov/2009:11:39:09 +0100] "GET /img/bg.jpg HTTP/1.1" 200 23084 "http://www.vtsns.edu.rs/" "Opera/9.80 (Windows NT 5.1; U; en) Presto/2.2.15 Version/10.00"
          89.216.81.37 - - [16/Nov/2009:11:39:10 +0100] "GET /img/novosti.jpg HTTP/1.1" 200 1161 "http://www.vtsns.edu.rs/" "Opera/9.80 (Windows NT 5.1; U; en) Presto/2.2.15 Version/10.00"
          79.101.168.25 - - [16/Nov/2009:11:39:10 +0100] "GET /kontakt.php HTTP/1.1" 200 3943 "http://www.vtsns.edu.rs/biblioteka.php" "Mozilla/5.0 (Windows; U; Windows NT 5.1; en-US; rv:1.9.0.15) Gecko/2009101601 Firefox/3.0.15"
          79.101.168.25 - - [16/Nov/2009:11:39:11 +0100] "GET /img/kontakt.jpg HTTP/1.1" 200 1379 "http://www.vtsns.edu.rs/kontakt.php" "Mozilla/5.0 (Windows; U; Windows NT 5.1; en-US; rv:1.9.0.15) Gecko/2009101601 Firefox/3.0.15"
          93.86.163.26 - - [16/Nov/2009:11:39:11 +0100] "GET /noviSajt/administrator HTTP/1.1" 301 255 "-" "Mozilla/4.0 (compatible; MSIE 6.0; Windows NT 5.1; SV1; .NET CLR 1.1.4322)"
          93.86.163.26 - - [16/Nov/2009:11:39:11 +0100] "GET /noviSajt/administrator/ HTTP/1.1" 304 - "-" "Mozilla/4.0 (compatible; MSIE 6.0; Windows NT 5.1; SV1; .NET CLR 1.1.4322)"
          93.86.163.26 - - [16/Nov/2009:11:39:11 +0100] "GET /noviSajt/administrator/history/history.css HTTP/1.1" 304 - "http://www.vtsns.edu.rs/noviSajt/administrator/" "Mozilla/4.0 (compatible; MSIE 6.0; Windows NT 5.1; SV1; .NET CLR 1.1.4322)"
          93.86.163.26 - - [16/Nov/2009:11:39:12 +0100] "GET /noviSajt/administrator/AC_OETags.js HTTP/1.1" 304 - "http://www.vtsns.edu.rs/noviSajt/administrator/" "Mozilla/4.0 (compatible; MSIE 6.0; Windows NT 5.1; SV1; .NET CLR 1.1.4322)"
          93.86.163.26 - - [16/Nov/2009:11:39:12 +0100] "GET /noviSajt/administrator/history/history.js HTTP/1.1" 304 - "http://www.vtsns.edu.rs/noviSajt/administrator/" "Mozilla/4.0 (compatible; MSIE 6.0; Windows NT 5.1; SV1; .NET CLR 1.1.4322)"
          93.86.163.26 - - [16/Nov/2009:11:39:12 +0100] "GET /noviSajt/administrator/Vtsns.swf HTTP/1.1" 304 - "http://www.vtsns.edu.rs/noviSajt/administrator/" "Mozilla/4.0 (compatible; MSIE 6.0; Windows NT 5.1; SV1; .NET CLR 1.1.4322)"
          93.86.163.26 - - [16/Nov/2009:11:39:14 +0100] "GET /noviSajt/administrator/history/historyFrame.html? HTTP/1.1" 304 - "http://www.vtsns.edu.rs/noviSajt/administrator/" "Mozilla/4.0 (compatible; MSIE 6.0; Windows NT 5.1; SV1; .NET CLR 1.1.4322)"
          89.216.81.37 - - [16/Nov/2009:11:39:14 +0100] "GET /img/copyprint.jpg HTTP/1.1" 200 1662 "http://www.vtsns.edu.rs/" "Opera/9.80 (Windows NT 5.1; U; en) Presto/2.2.15 Version/10.00"
          93.86.163.26 - - [16/Nov/2009:11:39:14 +0100] "GET /noviSajt/administrator/assets/pencil_add.png HTTP/1.1" 304 - "http://www.vtsns.edu.rs/noviSajt/administrator/Vtsns.swf" "Mozilla/4.0 (compatible; MSIE 6.0; Windows NT 5.1; SV1; .NET CLR 1.1.4322)"
          93.86.163.26 - - [16/Nov/2009:11:39:14 +0100] "GET /noviSajt/administrator/assets/pencil_add.png HTTP/1.1" 304 - "http://www.vtsns.edu.rs/noviSajt/administrator/Vtsns.swf" "Mozilla/4.0 (compatible; MSIE 6.0; Windows NT 5.1; SV1; .NET CLR 1.1.4322)"
          93.86.163.26 - - [16/Nov/2009:11:39:14 +0100] "GET /noviSajt/administrator/assets/pencil_add.png HTTP/1.1" 304 - "http://www.vtsns.edu.rs/noviSajt/administrator/Vtsns.swf" "Mozilla/4.0 (compatible; MSIE 6.0; Windows NT 5.1; SV1; .NET CLR 1.1.4322)"
          213.198.236.111 - - [16/Nov/2009:11:39:17 +0100] "GET /Proizvodni%20inzenjering_I.doc HTTP/1.1" 200 47616 "http://www.vtsns.edu.rs/raspored_predavanja.php" "Mozilla/5.0 (Windows; U; Windows NT 5.1; sr; rv:1.9.1.5) Gecko/20091102 Firefox/3.5.5"
          79.101.168.25 - - [16/Nov/2009:11:39:20 +0100] "GET /oglasna.php HTTP/1.1" 200 4545 "http://www.vtsns.edu.rs/kontakt.php" "Mozilla/5.0 (Windows; U; Windows NT 5.1; en-US; rv:1.9.0.15) Gecko/2009101601 Firefox/3.0.15"
          79.101.168.25 - - [16/Nov/2009:11:39:21 +0100] "GET /img/oglasna.jpg HTTP/1.1" 200 1832 "http://www.vtsns.edu.rs/oglasna.php" "Mozilla/5.0 (Windows; U; Windows NT 5.1; en-US; rv:1.9.0.15) Gecko/2009101601 Firefox/3.0.15"
          89.216.81.37 - - [16/Nov/2009:11:39:12 +0100] "GET /img/head2.jpg HTTP/1.1" 200 74512 "http://www.vtsns.edu.rs/" "Opera/9.80 (Windows NT 5.1; U; en) Presto/2.2.15 Version/10.00"
          79.101.168.25 - - [16/Nov/2009:11:39:21 +0100] "GET /img/head6.jpg HTTP/1.1" 200 26425 "http://www.vtsns.edu.rs/oglasna.php" "Mozilla/5.0 (Windows; U; Windows NT 5.1; en-US; rv:1.9.0.15) Gecko/2009101601 Firefox/3.0.15"
          89.216.81.37 - - [16/Nov/2009:11:39:23 +0100] "GET /favicon.ico HTTP/1.1" 404 - "http://www.vtsns.edu.rs/" "Opera/9.80 (Windows NT 5.1; U; en) Presto/2.2.15 Version/10.00"
          89.216.81.37 - - [16/Nov/2009:11:39:30 +0100] "GET /ispiti.php HTTP/1.1" 200 3176 "http://www.vtsns.edu.rs/" "Opera/9.80 (Windows NT 5.1; U; en) Presto/2.2.15 Version/10.00"
          89.216.81.37 - - [16/Nov/2009:11:39:31 +0100] "GET /img/ispiti.jpg HTTP/1.1" 200 826 "http://www.vtsns.edu.rs/ispiti.php" "Opera/9.80 (Windows NT 5.1; U; en) Presto/2.2.15 Version/10.00"
          93.86.163.26 - - [16/Nov/2009:11:39:32 +0100] "POST /noviSajt/vtsns_admin/amfphp/gateway.php HTTP/1.1" 200 675 "http://www.vtsns.edu.rs/noviSajt/administrator/Vtsns.swf" "Mozilla/4.0 (compatible; MSIE 6.0; Windows NT 5.1; SV1; .NET CLR 1.1.4322)"
          79.101.168.25 - - [16/Nov/2009:11:39:33 +0100] "GET /vesti.php HTTP/1.1" 200 3367 "http://www.vtsns.edu.rs/oglasna.php" "Mozilla/5.0 (Windows; U; Windows NT 5.1; en-US; rv:1.9.0.15) Gecko/2009101601 Firefox/3.0.15"
          89.216.81.37 - - [16/Nov/2009:11:39:32 +0100] "GET /img/head5.jpg HTTP/1.1" 200 23689 "http://www.vtsns.edu.rs/ispiti.php" "Opera/9.80 (Windows NT 5.1; U; en) Presto/2.2.15 Version/10.00"
          79.101.168.25 - - [16/Nov/2009:11:39:33 +0100] "GET /img/vesti.jpg HTTP/1.1" 200 1503 "http://www.vtsns.edu.rs/vesti.php" "Mozilla/5.0 (Windows; U; Windows NT 5.1; en-US; rv:1.9.0.15) Gecko/2009101601 Firefox/3.0.15"
          89.216.81.37 - - [16/Nov/2009:11:40:06 +0100] "GET /ispit_raspored_akt.php HTTP/1.1" 200 3893 "http://www.vtsns.edu.rs/ispiti.php" "Opera/9.80 (Windows NT 5.1; U; en) Presto/2.2.15 Version/10.00"
          89.216.81.37 - - [16/Nov/2009:11:40:08 +0100] "GET /img/ispit_akt.jpg HTTP/1.1" 200 2184 "http://www.vtsns.edu.rs/ispit_raspored_akt.php" "Opera/9.80 (Windows NT 5.1; U; en) Presto/2.2.15 Version/10.00"
          93.86.163.26 - - [16/Nov/2009:11:40:27 +0100] "GET /noviSajt/administrator/assets/upored.png HTTP/1.1" 304 - "http://www.vtsns.edu.rs/noviSajt/administrator/Vtsns.swf" "Mozilla/4.0 (compatible; MSIE 6.0; Windows NT 5.1; SV1; .NET CLR 1.1.4322)"
          93.86.163.26 - - [16/Nov/2009:11:40:27 +0100] "GET /noviSajt/administrator/assets/upored.png HTTP/1.1" 304 - "http://www.vtsns.edu.rs/noviSajt/administrator/Vtsns.swf" "Mozilla/4.0 (compatible; MSIE 6.0; Windows NT 5.1; SV1; .NET CLR 1.1.4322)"
          93.86.163.26 - - [16/Nov/2009:11:40:27 +0100] "GET /noviSajt/administrator/assets/upored.png HTTP/1.1" 304 - "http://www.vtsns.edu.rs/noviSajt/administrator/Vtsns.swf" "Mozilla/4.0 (compatible; MSIE 6.0; Windows NT 5.1; SV1; .NET CLR 1.1.4322)"
          93.86.163.26 - - [16/Nov/2009:11:40:27 +0100] "GET /noviSajt/administrator/history/historyFrame.html?app=c029&4863-selectedIndex=6 HTTP/1.1" 304 - "http://www.vtsns.edu.rs/noviSajt/administrator/" "Mozilla/4.0 (compatible; MSIE 6.0; Windows NT 5.1; SV1; .NET CLR 1.1.4322)"
          93.86.163.26 - - [16/Nov/2009:11:40:27 +0100] "GET /noviSajt/administrator/assets/upored.png HTTP/1.1" 304 - "http://www.vtsns.edu.rs/noviSajt/administrator/Vtsns.swf" "Mozilla/4.0 (compatible; MSIE 6.0; Windows NT 5.1; SV1; .NET CLR 1.1.4322)"
          93.87.102.180 - - [16/Nov/2009:11:40:28 +0100] "GET / HTTP/1.1" 200 3669 "http://www.google.com/search?client=firefox-a&rls=org.mozilla%3Aen-US%3Aofficial&channel=s&hl=en&source=hp&q=vtsns&btnG=Google+Search" "Mozilla/5.0 (Windows; U; Windows NT 5.1; en-US; rv:1.9.0.10) Gecko/2009042316 Firefox/3.0.10"
          93.87.102.180 - - [16/Nov/2009:11:40:29 +0100] "GET /img/novosti.jpg HTTP/1.1" 200 1161 "http://www.vtsns.edu.rs/" "Mozilla/5.0 (Windows; U; Windows NT 5.1; en-US; rv:1.9.0.10) Gecko/2009042316 Firefox/3.0.10"
          93.87.102.180 - - [16/Nov/2009:11:40:29 +0100] "GET /style.css HTTP/1.1" 200 6554 "http://www.vtsns.edu.rs/" "Mozilla/5.0 (Windows; U; Windows NT 5.1; en-US; rv:1.9.0.10) Gecko/2009042316 Firefox/3.0.10"
          93.86.163.26 - - [16/Nov/2009:11:40:28 +0100] "POST /noviSajt/vtsns_admin/amfphp/gateway.php HTTP/1.1" 200 1455 "http://www.vtsns.edu.rs/noviSajt/administrator/Vtsns.swf" "Mozilla/4.0 (compatible; MSIE 6.0; Windows NT 5.1; SV1; .NET CLR 1.1.4322)"
          93.87.102.180 - - [16/Nov/2009:11:40:29 +0100] "GET /img/vts.jpg HTTP/1.1" 200 4053 "http://www.vtsns.edu.rs/" "Mozilla/5.0 (Windows; U; Windows NT 5.1; en-US; rv:1.9.0.10) Gecko/2009042316 Firefox/3.0.10"
          93.87.102.180 - - [16/Nov/2009:11:40:29 +0100] "GET /img/copyprint.jpg HTTP/1.1" 200 1662 "http://www.vtsns.edu.rs/" "Mozilla/5.0 (Windows; U; Windows NT 5.1; en-US; rv:1.9.0.10) Gecko/2009042316 Firefox/3.0.10"
          93.87.102.180 - - [16/Nov/2009:11:40:29 +0100] "GET /img/bg.jpg HTTP/1.1" 200 23084 "http://www.vtsns.edu.rs/style.css" "Mozilla/5.0 (Windows; U; Windows NT 5.1; en-US; rv:1.9.0.10) Gecko/2009042316 Firefox/3.0.10"
          93.87.102.180 - - [16/Nov/2009:11:40:29 +0100] "GET /img/head2.jpg HTTP/1.1" 200 74512 "http://www.vtsns.edu.rs/" "Mozilla/5.0 (Windows; U; Windows NT 5.1; en-US; rv:1.9.0.10) Gecko/2009042316 Firefox/3.0.10"
          93.87.102.180 - - [16/Nov/2009:11:40:30 +0100] "GET /favicon.ico HTTP/1.1" 404 - "-" "Mozilla/5.0 (Windows; U; Windows NT 5.1; en-US; rv:1.9.0.10) Gecko/2009042316 Firefox/3.0.10"
          93.87.102.180 - - [16/Nov/2009:11:40:31 +0100] "GET /favicon.ico HTTP/1.1" 404 - "-" "Mozilla/5.0 (Windows; U; Windows NT 5.1; en-US; rv:1.9.0.10) Gecko/2009042316 Firefox/3.0.10"
          93.87.102.180 - - [16/Nov/2009:11:40:34 +0100] "GET /raspored_predavanja.php HTTP/1.1" 200 8527 "http://www.vtsns.edu.rs/" "Mozilla/5.0 (Windows; U; Windows NT 5.1; en-US; rv:1.9.0.10) Gecko/2009042316 Firefox/3.0.10"
          93.87.102.180 - - [16/Nov/2009:11:40:34 +0100] "GET /img/head5.jpg HTTP/1.1" 200 23689 "http://www.vtsns.edu.rs/raspored_predavanja.php" "Mozilla/5.0 (Windows; U; Windows NT 5.1; en-US; rv:1.9.0.10) Gecko/2009042316 Firefox/3.0.10"
          93.87.102.180 - - [16/Nov/2009:11:40:40 +0100] "GET /Graficko%20inzenjerstvo_I.doc HTTP/1.1" 200 51712 "http://www.vtsns.edu.rs/raspored_predavanja.php" "Mozilla/5.0 (Windows; U; Windows NT 5.1; en-US; rv:1.9.0.10) Gecko/2009042316 Firefox/3.0.10"
          89.216.81.37 - - [16/Nov/2009:11:41:02 +0100] "GET /oglasna.php HTTP/1.1" 200 4545 "http://www.vtsns.edu.rs/ispiti.php" "Opera/9.80 (Windows NT 5.1; U; en) Presto/2.2.15 Version/10.00"
          89.216.81.37 - - [16/Nov/2009:11:41:03 +0100] "GET /img/oglasna.jpg HTTP/1.1" 200 1832 "http://www.vtsns.edu.rs/oglasna.php" "Opera/9.80 (Windows NT 5.1; U; en) Presto/2.2.15 Version/10.00"
          89.216.81.37 - - [16/Nov/2009:11:41:08 +0100] "GET /Aktuelni%20ispitni%20rok.doc HTTP/1.1" 200 98816 "http://www.vtsns.edu.rs/ispit_raspored_akt.php" "Opera/9.80 (Windows NT 5.1; U; en) Presto/2.2.15 Version/10.00"
          89.216.81.37 - - [16/Nov/2009:11:41:25 +0100] "GET /img/head6.jpg HTTP/1.1" 200 26425 "http://www.vtsns.edu.rs/oglasna.php" "Opera/9.80 (Windows NT 5.1; U; en) Presto/2.2.15 Version/10.00"
          188.2.183.40 - - [16/Nov/2009:11:41:45 +0100] "GET / HTTP/1.1" 200 3669 "http://www.google.com/search?hl=en&source=hp&q=visoka+tehnicka+skola&aq=f&aqi=g10&oq=&fp=1c443ffcb5a5cce1" "Mozilla/5.0 (Windows; U; Windows NT 5.1; en-US; rv:1.9.0.15) Gecko/2009101601 Firefox/3.0.15"
          188.2.183.40 - - [16/Nov/2009:11:41:46 +0100] "GET / HTTP/1.1" 200 3669 "http://www.google.com/url?sa=t&source=web&ct=res&cd=1&ved=0CAsQFjAA&url=http%3A%2F%2Fvtsns.edu.yu%2F&rct=j&q=visoka+tehnicka+skola&ei=bCwBS-yUItnI_gbOke2RCw&usg=AFQjCNGuocZnfANaPKH-tpZMoSVvKVnJCg" "Mozilla/5.0 (Windows; U; Windows NT 5.1; en-US; rv:1.9.0.15) Gecko/2009101601 Firefox/3.0.15"
          188.2.183.40 - - [16/Nov/2009:11:41:47 +0100] "GET /style.css HTTP/1.1" 200 6554 "http://www.vtsns.edu.rs/" "Mozilla/5.0 (Windows; U; Windows NT 5.1; en-US; rv:1.9.0.15) Gecko/2009101601 Firefox/3.0.15"
          188.2.183.40 - - [16/Nov/2009:11:41:47 +0100] "GET /img/vts.jpg HTTP/1.1" 200 4053 "http://www.vtsns.edu.rs/" "Mozilla/5.0 (Windows; U; Windows NT 5.1; en-US; rv:1.9.0.15) Gecko/2009101601 Firefox/3.0.15"
          188.2.183.40 - - [16/Nov/2009:11:41:47 +0100] "GET /img/copyprint.jpg HTTP/1.1" 200 1662 "http://www.vtsns.edu.rs/" "Mozilla/5.0 (Windows; U; Windows NT 5.1; en-US; rv:1.9.0.15) Gecko/2009101601 Firefox/3.0.15"
          188.2.183.40 - - [16/Nov/2009:11:41:47 +0100] "GET /img/novosti.jpg HTTP/1.1" 200 1161 "http://www.vtsns.edu.rs/" "Mozilla/5.0 (Windows; U; Windows NT 5.1; en-US; rv:1.9.0.15) Gecko/2009101601 Firefox/3.0.15"
          188.2.183.40 - - [16/Nov/2009:11:41:47 +0100] "GET /img/bg.jpg HTTP/1.1" 200 23084 "http://www.vtsns.edu.rs/style.css" "Mozilla/5.0 (Windows; U; Windows NT 5.1; en-US; rv:1.9.0.15) Gecko/2009101601 Firefox/3.0.15"
          188.2.183.40 - - [16/Nov/2009:11:41:47 +0100] "GET /img/head2.jpg HTTP/1.1" 200 74512 "http://www.vtsns.edu.rs/" "Mozilla/5.0 (Windows; U; Windows NT 5.1; en-US; rv:1.9.0.15) Gecko/2009101601 Firefox/3.0.15"
          188.2.183.40 - - [16/Nov/2009:11:41:48 +0100] "GET /favicon.ico HTTP/1.1" 404 - "-" "Mozilla/5.0 (Windows; U; Windows NT 5.1; en-US; rv:1.9.0.15) Gecko/2009101601 Firefox/3.0.15"
          188.2.183.40 - - [16/Nov/2009:11:41:51 +0100] "GET /favicon.ico HTTP/1.1" 404 - "-" "Mozilla/5.0 (Windows; U; Windows NT 5.1; en-US; rv:1.9.0.15) Gecko/2009101601 Firefox/3.0.15"
          188.2.183.40 - - [16/Nov/2009:11:41:52 +0100] "GET /ispiti.php HTTP/1.1" 200 3176 "http://www.vtsns.edu.rs/" "Mozilla/5.0 (Windows; U; Windows NT 5.1; en-US; rv:1.9.0.15) Gecko/2009101601 Firefox/3.0.15"
          188.2.183.40 - - [16/Nov/2009:11:41:52 +0100] "GET /img/ispiti.jpg HTTP/1.1" 200 826 "http://www.vtsns.edu.rs/ispiti.php" "Mozilla/5.0 (Windows; U; Windows NT 5.1; en-US; rv:1.9.0.15) Gecko/2009101601 Firefox/3.0.15"
          188.2.183.40 - - [16/Nov/2009:11:41:52 +0100] "GET /img/head5.jpg HTTP/1.1" 200 23689 "http://www.vtsns.edu.rs/ispiti.php" "Mozilla/5.0 (Windows; U; Windows NT 5.1; en-US; rv:1.9.0.15) Gecko/2009101601 Firefox/3.0.15"
          188.2.183.40 - - [16/Nov/2009:11:41:54 +0100] "GET /ispit_raspored_akt.php HTTP/1.1" 200 3893 "http://www.vtsns.edu.rs/ispiti.php" "Mozilla/5.0 (Windows; U; Windows NT 5.1; en-US; rv:1.9.0.15) Gecko/2009101601 Firefox/3.0.15"
          188.2.183.40 - - [16/Nov/2009:11:41:54 +0100] "GET /img/ispit_akt.jpg HTTP/1.1" 200 2184 "http://www.vtsns.edu.rs/ispit_raspored_akt.php" "Mozilla/5.0 (Windows; U; Windows NT 5.1; en-US; rv:1.9.0.15) Gecko/2009101601 Firefox/3.0.15"
          188.2.183.40 - - [16/Nov/2009:11:41:55 +0100] "GET /Aktuelni%20ispitni%20rok.doc HTTP/1.1" 200 98816 "http://www.vtsns.edu.rs/ispit_raspored_akt.php" "Mozilla/5.0 (Windows; U; Windows NT 5.1; en-US; rv:1.9.0.15) Gecko/2009101601 Firefox/3.0.15"
          188.2.183.40 - - [16/Nov/2009:11:42:10 +0100] "GET /oglasna.php HTTP/1.1" 200 4545 "http://www.vtsns.edu.rs/ispit_raspored_akt.php" "Mozilla/5.0 (Windows; U; Windows NT 5.1; en-US; rv:1.9.0.15) Gecko/2009101601 Firefox/3.0.15"
          188.2.183.40 - - [16/Nov/2009:11:42:11 +0100] "GET /img/oglasna.jpg HTTP/1.1" 200 1832 "http://www.vtsns.edu.rs/oglasna.php" "Mozilla/5.0 (Windows; U; Windows NT 5.1; en-US; rv:1.9.0.15) Gecko/2009101601 Firefox/3.0.15"
          188.2.183.40 - - [16/Nov/2009:11:42:11 +0100] "GET /img/head6.jpg HTTP/1.1" 200 26425 "http://www.vtsns.edu.rs/oglasna.php" "Mozilla/5.0 (Windows; U; Windows NT 5.1; en-US; rv:1.9.0.15) Gecko/2009101601 Firefox/3.0.15"
          188.2.183.40 - - [16/Nov/2009:11:42:26 +0100] "GET /index.php HTTP/1.1" 200 3669 "http://www.vtsns.edu.rs/oglasna.php" "Mozilla/5.0 (Windows; U; Windows NT 5.1; en-US; rv:1.9.0.15) Gecko/2009101601 Firefox/3.0.15"
          89.216.81.37 - - [16/Nov/2009:11:42:55 +0100] "GET /Doc2-%20prijava%20ispita-NOVEMBAR-2009-10.1.doc HTTP/1.1" 200 26624 "http://www.vtsns.edu.rs/oglasna.php" "Opera/9.80 (Windows NT 5.1; U; en) Presto/2.2.15 Version/10.00"
          89.216.81.37 - - [16/Nov/2009:11:43:01 +0100] "GET /oglasna.php?page=1 HTTP/1.1" 200 2943 "http://www.vtsns.edu.rs/oglasna.php" "Opera/9.80 (Windows NT 5.1; U; en) Presto/2.2.15 Version/10.00"
          79.175.92.58 - - [16/Nov/2009:11:43:16 +0100] "GET / HTTP/1.1" 200 3669 "-" "Mozilla/5.0 (Windows; U; Windows NT 5.1; en-GB; rv:1.9.1.5) Gecko/20091102 Firefox/3.5.5"
          79.175.92.58 - - [16/Nov/2009:11:43:19 +0100] "GET /favicon.ico HTTP/1.1" 404 - "-" "Mozilla/5.0 (Windows; U; Windows NT 5.1; en-GB; rv:1.9.1.5) Gecko/20091102 Firefox/3.5.5"
          93.86.163.26 - - [16/Nov/2009:11:44:33 +0100] "GET /noviSajt/administrator/assets/date_add.png HTTP/1.1" 304 - "http://www.vtsns.edu.rs/noviSajt/administrator/Vtsns.swf" "Mozilla/4.0 (compatible; MSIE 6.0; Windows NT 5.1; SV1; .NET CLR 1.1.4322)"
          93.86.163.26 - - [16/Nov/2009:11:44:33 +0100] "GET /noviSajt/administrator/assets/date_add.png HTTP/1.1" 304 - "http://www.vtsns.edu.rs/noviSajt/administrator/Vtsns.swf" "Mozilla/4.0 (compatible; MSIE 6.0; Windows NT 5.1; SV1; .NET CLR 1.1.4322)"
          93.86.163.26 - - [16/Nov/2009:11:44:33 +0100] "GET /noviSajt/administrator/assets/date_add.png HTTP/1.1" 304 - "http://www.vtsns.edu.rs/noviSajt/administrator/Vtsns.swf" "Mozilla/4.0 (compatible; MSIE 6.0; Windows NT 5.1; SV1; .NET CLR 1.1.4322)"
          93.86.163.26 - - [16/Nov/2009:11:44:33 +0100] "GET /noviSajt/administrator/history/historyFrame.html?app=c029&4863-selectedIndex=1 HTTP/1.1" 304 - "http://www.vtsns.edu.rs/noviSajt/administrator/" "Mozilla/4.0 (compatible; MSIE 6.0; Windows NT 5.1; SV1; .NET CLR 1.1.4322)"
          93.86.163.26 - - [16/Nov/2009:11:44:34 +0100] "GET /noviSajt/administrator/assets/date_add.png HTTP/1.1" 304 - "http://www.vtsns.edu.rs/noviSajt/administrator/Vtsns.swf" "Mozilla/4.0 (compatible; MSIE 6.0; Windows NT 5.1; SV1; .NET CLR 1.1.4322)"
          93.86.163.26 - - [16/Nov/2009:11:44:34 +0100] "GET /noviSajt/administrator/assets/date_add.png HTTP/1.1" 304 - "http://www.vtsns.edu.rs/noviSajt/administrator/Vtsns.swf" "Mozilla/4.0 (compatible; MSIE 6.0; Windows NT 5.1; SV1; .NET CLR 1.1.4322)"
          93.86.163.26 - - [16/Nov/2009:11:44:34 +0100] "GET /noviSajt/administrator/assets/date_add.png HTTP/1.1" 304 - "http://www.vtsns.edu.rs/noviSajt/administrator/Vtsns.swf" "Mozilla/4.0 (compatible; MSIE 6.0; Windows NT 5.1; SV1; .NET CLR 1.1.4322)"
          93.86.163.26 - - [16/Nov/2009:11:44:39 +0100] "POST /noviSajt/vtsns_admin/amfphp/gateway.php HTTP/1.1" 200 881 "http://www.vtsns.edu.rs/noviSajt/administrator/Vtsns.swf" "Mozilla/4.0 (compatible; MSIE 6.0; Windows NT 5.1; SV1; .NET CLR 1.1.4322)"
          93.86.163.26 - - [16/Nov/2009:11:44:39 +0100] "POST /noviSajt/vtsns_admin/amfphp/gateway.php HTTP/1.1" 200 675 "http://www.vtsns.edu.rs/noviSajt/administrator/Vtsns.swf" "Mozilla/4.0 (compatible; MSIE 6.0; Windows NT 5.1; SV1; .NET CLR 1.1.4322)"
          93.86.163.26 - - [16/Nov/2009:11:44:47 +0100] "POST /noviSajt/vtsns_admin/amfphp/gateway.php HTTP/1.1" 200 678 "http://www.vtsns.edu.rs/noviSajt/administrator/Vtsns.swf" "Mozilla/4.0 (compatible; MSIE 6.0; Windows NT 5.1; SV1; .NET CLR 1.1.4322)"
          93.86.163.26 - - [16/Nov/2009:11:45:56 +0100] "POST /noviSajt/vtsns_admin/amfphp/gateway.php HTTP/1.1" 200 3983 "http://www.vtsns.edu.rs/noviSajt/administrator/Vtsns.swf" "Mozilla/4.0 (compatible; MSIE 6.0; Windows NT 5.1; SV1; .NET CLR 1.1.4322)"
          109.93.18.182 - - [16/Nov/2009:11:46:35 +0100] "GET / HTTP/1.1" 200 3669 "-" "Mozilla/5.0 (Windows; U; Windows NT 5.1; en-US; rv:1.9.1.5) Gecko/20091102 Firefox/3.5.5"
          109.93.18.182 - - [16/Nov/2009:11:46:36 +0100] "GET /img/novosti.jpg HTTP/1.1" 200 1161 "http://www.vtsns.edu.rs/" "Mozilla/5.0 (Windows; U; Windows NT 5.1; en-US; rv:1.9.1.5) Gecko/20091102 Firefox/3.5.5"
          109.93.18.182 - - [16/Nov/2009:11:46:36 +0100] "GET /style.css HTTP/1.1" 200 6554 "http://www.vtsns.edu.rs/" "Mozilla/5.0 (Windows; U; Windows NT 5.1; en-US; rv:1.9.1.5) Gecko/20091102 Firefox/3.5.5"
          109.93.18.182 - - [16/Nov/2009:11:46:36 +0100] "GET /img/vts.jpg HTTP/1.1" 200 4053 "http://www.vtsns.edu.rs/" "Mozilla/5.0 (Windows; U; Windows NT 5.1; en-US; rv:1.9.1.5) Gecko/20091102 Firefox/3.5.5"
          109.93.18.182 - - [16/Nov/2009:11:46:36 +0100] "GET /img/copyprint.jpg HTTP/1.1" 200 1662 "http://www.vtsns.edu.rs/" "Mozilla/5.0 (Windows; U; Windows NT 5.1; en-US; rv:1.9.1.5) Gecko/20091102 Firefox/3.5.5"
          109.93.18.182 - - [16/Nov/2009:11:46:37 +0100] "GET /img/bg.jpg HTTP/1.1" 200 23084 "http://www.vtsns.edu.rs/style.css" "Mozilla/5.0 (Windows; U; Windows NT 5.1; en-US; rv:1.9.1.5) Gecko/20091102 Firefox/3.5.5"
          109.93.18.182 - - [16/Nov/2009:11:46:36 +0100] "GET /img/head2.jpg HTTP/1.1" 200 74512 "http://www.vtsns.edu.rs/" "Mozilla/5.0 (Windows; U; Windows NT 5.1; en-US; rv:1.9.1.5) Gecko/20091102 Firefox/3.5.5"
          109.93.18.182 - - [16/Nov/2009:11:46:40 +0100] "GET /favicon.ico HTTP/1.1" 404 - "-" "Mozilla/5.0 (Windows; U; Windows NT 5.1; en-US; rv:1.9.1.5) Gecko/20091102 Firefox/3.5.5"
          109.93.18.182 - - [16/Nov/2009:11:46:42 +0100] "GET /o_skoli.php HTTP/1.1" 200 9847 "http://www.vtsns.edu.rs/" "Mozilla/5.0 (Windows; U; Windows NT 5.1; en-US; rv:1.9.1.5) Gecko/20091102 Firefox/3.5.5"
          109.93.18.182 - - [16/Nov/2009:11:46:43 +0100] "GET /img/skola.jpg HTTP/1.1" 200 1117 "http://www.vtsns.edu.rs/o_skoli.php" "Mozilla/5.0 (Windows; U; Windows NT 5.1; en-US; rv:1.9.1.5) Gecko/20091102 Firefox/3.5.5"
          109.93.18.182 - - [16/Nov/2009:11:46:44 +0100] "GET /kontakt.php HTTP/1.1" 200 3943 "http://www.vtsns.edu.rs/o_skoli.php" "Mozilla/5.0 (Windows; U; Windows NT 5.1; en-US; rv:1.9.1.5) Gecko/20091102 Firefox/3.5.5"
          109.93.18.182 - - [16/Nov/2009:11:46:45 +0100] "GET /img/kontakt.jpg HTTP/1.1" 200 1379 "http://www.vtsns.edu.rs/kontakt.php" "Mozilla/5.0 (Windows; U; Windows NT 5.1; en-US; rv:1.9.1.5) Gecko/20091102 Firefox/3.5.5"
          109.93.18.182 - - [16/Nov/2009:11:46:46 +0100] "GET /favicon.ico HTTP/1.1" 404 - "-" "Mozilla/5.0 (Windows; U; Windows NT 5.1; en-US; rv:1.9.1.5) Gecko/20091102 Firefox/3.5.5"
          109.93.18.182 - - [16/Nov/2009:11:46:45 +0100] "GET /img/head3.jpg HTTP/1.1" 200 28679 "http://www.vtsns.edu.rs/kontakt.php" "Mozilla/5.0 (Windows; U; Windows NT 5.1; en-US; rv:1.9.1.5) Gecko/20091102 Firefox/3.5.5"
          109.93.18.182 - - [16/Nov/2009:11:46:46 +0100] "GET /favicon.ico HTTP/1.1" 404 - "-" "Mozilla/5.0 (Windows; U; Windows NT 5.1; en-US; rv:1.9.1.5) Gecko/20091102 Firefox/3.5.5"
          109.93.18.182 - - [16/Nov/2009:11:46:48 +0100] "GET /stud_sluzba.php HTTP/1.1" 200 3932 "http://www.vtsns.edu.rs/kontakt.php" "Mozilla/5.0 (Windows; U; Windows NT 5.1; en-US; rv:1.9.1.5) Gecko/20091102 Firefox/3.5.5"
          109.93.18.182 - - [16/Nov/2009:11:46:48 +0100] "GET /img/stud_sluzba.jpg HTTP/1.1" 200 2135 "http://www.vtsns.edu.rs/stud_sluzba.php" "Mozilla/5.0 (Windows; U; Windows NT 5.1; en-US; rv:1.9.1.5) Gecko/20091102 Firefox/3.5.5"
          79.101.237.197 - - [16/Nov/2009:11:46:57 +0100] "GET / HTTP/1.1" 200 3669 "http://www.google.com/search?hl=en&client=firefox-a&rls=org.mozilla%3Aen-US%3Aofficial&hs=xYz&q=ekonomska+skola+novi+sad&aq=8&oq=ekonomska&aqi=g10" "Mozilla/5.0 (Windows; U; Windows NT 5.1; en-US; rv:1.9.1.5) Gecko/20091102 Firefox/3.5.5"
          79.101.237.197 - - [16/Nov/2009:11:46:58 +0100] "GET /style.css HTTP/1.1" 200 6554 "http://www.vtsns.edu.rs/" "Mozilla/5.0 (Windows; U; Windows NT 5.1; en-US; rv:1.9.1.5) Gecko/20091102 Firefox/3.5.5"
          79.101.237.197 - - [16/Nov/2009:11:46:58 +0100] "GET /img/vts.jpg HTTP/1.1" 200 4053 "http://www.vtsns.edu.rs/" "Mozilla/5.0 (Windows; U; Windows NT 5.1; en-US; rv:1.9.1.5) Gecko/20091102 Firefox/3.5.5"
          79.101.237.197 - - [16/Nov/2009:11:46:58 +0100] "GET /img/copyprint.jpg HTTP/1.1" 200 1662 "http://www.vtsns.edu.rs/" "Mozilla/5.0 (Windows; U; Windows NT 5.1; en-US; rv:1.9.1.5) Gecko/20091102 Firefox/3.5.5"
          79.101.237.197 - - [16/Nov/2009:11:46:58 +0100] "GET /img/novosti.jpg HTTP/1.1" 200 1161 "http://www.vtsns.edu.rs/" "Mozilla/5.0 (Windows; U; Windows NT 5.1; en-US; rv:1.9.1.5) Gecko/20091102 Firefox/3.5.5"
          79.101.237.197 - - [16/Nov/2009:11:46:58 +0100] "GET /img/bg.jpg HTTP/1.1" 200 23084 "http://www.vtsns.edu.rs/style.css" "Mozilla/5.0 (Windows; U; Windows NT 5.1; en-US; rv:1.9.1.5) Gecko/20091102 Firefox/3.5.5"
          79.101.237.197 - - [16/Nov/2009:11:46:58 +0100] "GET /img/head2.jpg HTTP/1.1" 200 74512 "http://www.vtsns.edu.rs/" "Mozilla/5.0 (Windows; U; Windows NT 5.1; en-US; rv:1.9.1.5) Gecko/20091102 Firefox/3.5.5"
          79.101.237.197 - - [16/Nov/2009:11:47:00 +0100] "GET /favicon.ico HTTP/1.1" 404 - "-" "Mozilla/5.0 (Windows; U; Windows NT 5.1; en-US; rv:1.9.1.5) Gecko/20091102 Firefox/3.5.5"
          79.101.237.197 - - [16/Nov/2009:11:47:01 +0100] "GET /favicon.ico HTTP/1.1" 404 - "-" "Mozilla/5.0 (Windows; U; Windows NT 5.1; en-US; rv:1.9.1.5) Gecko/20091102 Firefox/3.5.5"
          89.216.77.252 - - [16/Nov/2009:11:48:35 +0100] "GET / HTTP/1.1" 200 3669 "-" "Opera/9.62 (Windows NT 5.1; U; en)"
          89.216.77.252 - - [16/Nov/2009:11:48:37 +0100] "GET /favicon.ico HTTP/1.1" 404 - "http://www.vtsns.edu.rs/" "Opera/9.62 (Windows NT 5.1; U; en)"
          93.86.163.26 - - [16/Nov/2009:11:48:37 +0100] "GET /noviSajt/administrator/assets/doda.png HTTP/1.1" 304 - "http://www.vtsns.edu.rs/noviSajt/administrator/Vtsns.swf" "Mozilla/4.0 (compatible; MSIE 6.0; Windows NT 5.1; SV1; .NET CLR 1.1.4322)"
          93.86.163.26 - - [16/Nov/2009:11:48:37 +0100] "GET /noviSajt/administrator/assets/doda.png HTTP/1.1" 304 - "http://www.vtsns.edu.rs/noviSajt/administrator/Vtsns.swf" "Mozilla/4.0 (compatible; MSIE 6.0; Windows NT 5.1; SV1; .NET CLR 1.1.4322)"
          93.86.163.26 - - [16/Nov/2009:11:48:38 +0100] "GET /noviSajt/administrator/assets/doda.png HTTP/1.1" 304 - "http://www.vtsns.edu.rs/noviSajt/administrator/Vtsns.swf" "Mozilla/4.0 (compatible; MSIE 6.0; Windows NT 5.1; SV1; .NET CLR 1.1.4322)"
          93.86.163.26 - - [16/Nov/2009:11:48:38 +0100] "GET /noviSajt/administrator/history/historyFrame.html?app=c029&4863-selectedIndex=4 HTTP/1.1" 304 - "http://www.vtsns.edu.rs/noviSajt/administrator/" "Mozilla/4.0 (compatible; MSIE 6.0; Windows NT 5.1; SV1; .NET CLR 1.1.4322)"
          89.216.77.252 - - [16/Nov/2009:11:48:52 +0100] "GET /oglasna.php HTTP/1.1" 200 4545 "http://www.vtsns.edu.rs/" "Opera/9.62 (Windows NT 5.1; U; en)"
          89.216.77.252 - - [16/Nov/2009:11:48:53 +0100] "GET /img/head6.jpg HTTP/1.1" 304 - "http://www.vtsns.edu.rs/oglasna.php" "Opera/9.62 (Windows NT 5.1; U; en)"
          89.216.77.252 - - [16/Nov/2009:11:48:53 +0100] "GET /img/oglasna.jpg HTTP/1.1" 304 - "http://www.vtsns.edu.rs/oglasna.php" "Opera/9.62 (Windows NT 5.1; U; en)"
          93.86.163.26 - - [16/Nov/2009:11:49:06 +0100] "POST /noviSajt/vtsns_admin/amfphp/gateway.php HTTP/1.1" 200 832 "http://www.vtsns.edu.rs/noviSajt/administrator/Vtsns.swf" "Mozilla/4.0 (compatible; MSIE 6.0; Windows NT 5.1; SV1; .NET CLR 1.1.4322)"
          93.86.163.26 - - [16/Nov/2009:11:49:06 +0100] "POST /noviSajt/vtsns_admin/amfphp/gateway.php HTTP/1.1" 200 5122 "http://www.vtsns.edu.rs/noviSajt/administrator/Vtsns.swf" "Mozilla/4.0 (compatible; MSIE 6.0; Windows NT 5.1; SV1; .NET CLR 1.1.4322)"
          89.216.77.252 - - [16/Nov/2009:11:49:41 +0100] "GET /Obav.o%20Odipl.graf.DJURDJEV%20MILOS-SEGEDINAC.rtf HTTP/1.1" 200 34663 "http://www.vtsns.edu.rs/oglasna.php" "Opera/9.62 (Windows NT 5.1; U; en)"
          93.86.163.26 - - [16/Nov/2009:11:50:25 +0100] "GET /noviSajt/administrator/history/historyFrame.html?app=c029&4863-selectedIndex=0 HTTP/1.1" 304 - "http://www.vtsns.edu.rs/noviSajt/administrator/" "Mozilla/4.0 (compatible; MSIE 6.0; Windows NT 5.1; SV1; .NET CLR 1.1.4322)"
          67.202.15.176 - - [16/Nov/2009:11:51:08 +0100] "GET /robots.txt HTTP/1.0" 404 - "-" "ia_archiver (+http://www.alexa.com/site/help/webmasters; crawler@alexa.com)"
          67.202.15.176 - - [16/Nov/2009:11:51:08 +0100] "GET /vest.php? HTTP/1.0" 200 2770 "-" "ia_archiver (+http://www.alexa.com/site/help/webmasters; crawler@alexa.com)"
          79.101.85.80 - - [16/Nov/2009:11:51:51 +0100] "GET / HTTP/1.1" 200 3669 "http://www.google.com/search?hl=en&q=vtsns&aq=f&oq=&aqi=g-s1" "Mozilla/5.0 (Windows; U; Windows NT 5.1; en-US; rv:1.9.0.10) Gecko/2009042316 Firefox/3.0.10"
          79.101.85.80 - - [16/Nov/2009:11:51:52 +0100] "GET /img/novosti.jpg HTTP/1.1" 200 1161 "http://www.vtsns.edu.rs/" "Mozilla/5.0 (Windows; U; Windows NT 5.1; en-US; rv:1.9.0.10) Gecko/2009042316 Firefox/3.0.10"
          79.101.85.80 - - [16/Nov/2009:11:51:54 +0100] "GET /style.css HTTP/1.1" 200 6554 "http://www.vtsns.edu.rs/" "Mozilla/5.0 (Windows; U; Windows NT 5.1; en-US; rv:1.9.0.10) Gecko/2009042316 Firefox/3.0.10"
          79.101.85.80 - - [16/Nov/2009:11:51:54 +0100] "GET /img/vts.jpg HTTP/1.1" 200 4053 "http://www.vtsns.edu.rs/" "Mozilla/5.0 (Windows; U; Windows NT 5.1; en-US; rv:1.9.0.10) Gecko/2009042316 Firefox/3.0.10"
          79.101.85.80 - - [16/Nov/2009:11:51:55 +0100] "GET /img/bg.jpg HTTP/1.1" 200 23084 "http://www.vtsns.edu.rs/style.css" "Mozilla/5.0 (Windows; U; Windows NT 5.1; en-US; rv:1.9.0.10) Gecko/2009042316 Firefox/3.0.10"
          79.101.85.80 - - [16/Nov/2009:11:51:55 +0100] "GET /img/copyprint.jpg HTTP/1.1" 200 1662 "http://www.vtsns.edu.rs/" "Mozilla/5.0 (Windows; U; Windows NT 5.1; en-US; rv:1.9.0.10) Gecko/2009042316 Firefox/3.0.10"
          79.101.85.80 - - [16/Nov/2009:11:52:03 +0100] "GET /img/head2.jpg HTTP/1.1" 200 74512 "http://www.vtsns.edu.rs/" "Mozilla/5.0 (Windows; U; Windows NT 5.1; en-US; rv:1.9.0.10) Gecko/2009042316 Firefox/3.0.10"
          79.101.85.80 - - [16/Nov/2009:11:52:04 +0100] "GET /favicon.ico HTTP/1.1" 404 - "-" "Mozilla/5.0 (Windows; U; Windows NT 5.1; en-US; rv:1.9.0.10) Gecko/2009042316 Firefox/3.0.10"
          79.101.85.80 - - [16/Nov/2009:11:52:07 +0100] "GET /favicon.ico HTTP/1.1" 404 - "-" "Mozilla/5.0 (Windows; U; Windows NT 5.1; en-US; rv:1.9.0.10) Gecko/2009042316 Firefox/3.0.10"
          79.101.85.80 - - [16/Nov/2009:11:52:13 +0100] "GET /oglasna.php HTTP/1.1" 200 4545 "http://www.vtsns.edu.rs/" "Mozilla/5.0 (Windows; U; Windows NT 5.1; en-US; rv:1.9.0.10) Gecko/2009042316 Firefox/3.0.10"
          79.101.85.80 - - [16/Nov/2009:11:52:15 +0100] "GET /img/oglasna.jpg HTTP/1.1" 200 1832 "http://www.vtsns.edu.rs/oglasna.php" "Mozilla/5.0 (Windows; U; Windows NT 5.1; en-US; rv:1.9.0.10) Gecko/2009042316 Firefox/3.0.10"
          79.101.85.80 - - [16/Nov/2009:11:52:15 +0100] "GET /img/head6.jpg HTTP/1.1" 200 26425 "http://www.vtsns.edu.rs/oglasna.php" "Mozilla/5.0 (Windows; U; Windows NT 5.1; en-US; rv:1.9.0.10) Gecko/2009042316 Firefox/3.0.10"
          89.216.77.252 - - [16/Nov/2009:11:52:21 +0100] "GET /ispiti.php HTTP/1.1" 200 3176 "http://www.vtsns.edu.rs/" "Opera/9.62 (Windows NT 5.1; U; en)"
          89.216.77.252 - - [16/Nov/2009:11:52:25 +0100] "GET /ispit_raspored_akt.php HTTP/1.1" 200 3893 "http://www.vtsns.edu.rs/ispiti.php" "Opera/9.62 (Windows NT 5.1; U; en)"
          89.216.77.252 - - [16/Nov/2009:11:52:27 +0100] "GET /Aktuelni%20ispitni%20rok.doc HTTP/1.1" 200 98816 "http://www.vtsns.edu.rs/ispit_raspored_akt.php" "Opera/9.62 (Windows NT 5.1; U; en)"
          93.86.163.26 - - [16/Nov/2009:11:52:35 +0100] "GET /noviSajt/administrator/history/historyFrame.html?app=c029&4863-selectedIndex=1 HTTP/1.1" 304 - "http://www.vtsns.edu.rs/noviSajt/administrator/" "Mozilla/4.0 (compatible; MSIE 6.0; Windows NT 5.1; SV1; .NET CLR 1.1.4322)"
          79.101.85.80 - - [16/Nov/2009:11:52:47 +0100] "GET /REGULISANJE%20APSOLVENTSKOG%20STAZA2.doc HTTP/1.1" 200 20992 "http://www.vtsns.edu.rs/oglasna.php" "Mozilla/5.0 (Windows; U; Windows NT 5.1; en-US; rv:1.9.0.10) Gecko/2009042316 Firefox/3.0.10"
          93.86.163.26 - - [16/Nov/2009:11:53:04 +0100] "GET /noviSajt/vtsns_admin/amfphp/services/Godisnji.php HTTP/1.1" 200 1333 "http://www.vtsns.edu.rs/noviSajt/administrator/Vtsns.swf" "Mozilla/4.0 (compatible; MSIE 6.0; Windows NT 5.1; SV1; .NET CLR 1.1.4322)"
          77.105.6.86 - - [16/Nov/2009:11:53:47 +0100] "GET / HTTP/1.1" 200 3669 "http://www.google.com/search?hl=en&source=hp&q=vts+novi+sad&aq=f&oq=&aqi=" "Mozilla/5.0 (Windows; U; Windows NT 5.1; en-US) AppleWebKit/531.9 (KHTML, like Gecko) Version/4.0.3 Safari/531.9.1"
          77.105.6.86 - - [16/Nov/2009:11:53:48 +0100] "GET /style.css HTTP/1.1" 200 6554 "http://www.vtsns.edu.rs/" "Mozilla/5.0 (Windows; U; Windows NT 5.1; en-US) AppleWebKit/531.9 (KHTML, like Gecko) Version/4.0.3 Safari/531.9.1"
          77.105.6.86 - - [16/Nov/2009:11:53:48 +0100] "GET /img/vts.jpg HTTP/1.1" 200 4053 "http://www.vtsns.edu.rs/" "Mozilla/5.0 (Windows; U; Windows NT 5.1; en-US) AppleWebKit/531.9 (KHTML, like Gecko) Version/4.0.3 Safari/531.9.1"
          77.105.6.86 - - [16/Nov/2009:11:53:48 +0100] "GET /img/copyprint.jpg HTTP/1.1" 200 1662 "http://www.vtsns.edu.rs/" "Mozilla/5.0 (Windows; U; Windows NT 5.1; en-US) AppleWebKit/531.9 (KHTML, like Gecko) Version/4.0.3 Safari/531.9.1"
          77.105.6.86 - - [16/Nov/2009:11:53:48 +0100] "GET /img/novosti.jpg HTTP/1.1" 200 1161 "http://www.vtsns.edu.rs/" "Mozilla/5.0 (Windows; U; Windows NT 5.1; en-US) AppleWebKit/531.9 (KHTML, like Gecko) Version/4.0.3 Safari/531.9.1"
