          188.2.177.222 - - [16/Nov/2009:12:07:04 +0100] "GET /img/ispit_god.jpg HTTP/1.1" 200 2607 "http://www.vtsns.edu.rs/ispit_raspored_god.php" "Mozilla/4.0 (compatible; MSIE 6.0; Windows NT 5.1; SV1; .NET CLR 2.0.50727; .NET CLR 3.0.4506.2152; .NET CLR 3.5.30729)"
          188.2.177.222 - - [16/Nov/2009:12:07:07 +0100] "GET /ispit_odbijeni.php HTTP/1.1" 200 3829 "http://www.vtsns.edu.rs/ispit_raspored_god.php" "Mozilla/4.0 (compatible; MSIE 6.0; Windows NT 5.1; SV1; .NET CLR 2.0.50727; .NET CLR 3.0.4506.2152; .NET CLR 3.5.30729)"
          188.2.177.222 - - [16/Nov/2009:12:07:07 +0100] "GET /img/ispit_odbijeni.jpg HTTP/1.1" 200 2642 "http://www.vtsns.edu.rs/ispit_odbijeni.php" "Mozilla/4.0 (compatible; MSIE 6.0; Windows NT 5.1; SV1; .NET CLR 2.0.50727; .NET CLR 3.0.4506.2152; .NET CLR 3.5.30729)"
          188.2.177.222 - - [16/Nov/2009:12:07:10 +0100] "GET /ispit_raspored_akt.php HTTP/1.1" 200 3893 "http://www.vtsns.edu.rs/ispit_odbijeni.php" "Mozilla/4.0 (compatible; MSIE 6.0; Windows NT 5.1; SV1; .NET CLR 2.0.50727; .NET CLR 3.0.4506.2152; .NET CLR 3.5.30729)"
          78.30.135.25 - - [16/Nov/2009:12:07:16 +0100] "GET / HTTP/1.1" 200 3669 "-" "Mozilla/5.0 (Windows; U; Windows NT 5.1; en-US) AppleWebKit/532.0 (KHTML, like Gecko) Chrome/3.0.195.32 Safari/532.0"
          78.30.135.25 - - [16/Nov/2009:12:07:16 +0100] "GET /style.css HTTP/1.1" 200 6554 "http://www.vtsns.edu.rs/" "Mozilla/5.0 (Windows; U; Windows NT 5.1; en-US) AppleWebKit/532.0 (KHTML, like Gecko) Chrome/3.0.195.32 Safari/532.0"
          78.30.135.25 - - [16/Nov/2009:12:07:16 +0100] "GET /img/vts.jpg HTTP/1.1" 200 4053 "http://www.vtsns.edu.rs/" "Mozilla/5.0 (Windows; U; Windows NT 5.1; en-US) AppleWebKit/532.0 (KHTML, like Gecko) Chrome/3.0.195.32 Safari/532.0"
          78.30.135.25 - - [16/Nov/2009:12:07:16 +0100] "GET /img/copyprint.jpg HTTP/1.1" 200 1662 "http://www.vtsns.edu.rs/" "Mozilla/5.0 (Windows; U; Windows NT 5.1; en-US) AppleWebKit/532.0 (KHTML, like Gecko) Chrome/3.0.195.32 Safari/532.0"
          78.30.135.25 - - [16/Nov/2009:12:07:17 +0100] "GET /img/novosti.jpg HTTP/1.1" 200 1161 "http://www.vtsns.edu.rs/" "Mozilla/5.0 (Windows; U; Windows NT 5.1; en-US) AppleWebKit/532.0 (KHTML, like Gecko) Chrome/3.0.195.32 Safari/532.0"
          78.30.135.25 - - [16/Nov/2009:12:07:17 +0100] "GET /img/bg.jpg HTTP/1.1" 200 23084 "http://www.vtsns.edu.rs/" "Mozilla/5.0 (Windows; U; Windows NT 5.1; en-US) AppleWebKit/532.0 (KHTML, like Gecko) Chrome/3.0.195.32 Safari/532.0"
          78.30.135.25 - - [16/Nov/2009:12:07:16 +0100] "GET /img/head2.jpg HTTP/1.1" 200 74512 "http://www.vtsns.edu.rs/" "Mozilla/5.0 (Windows; U; Windows NT 5.1; en-US) AppleWebKit/532.0 (KHTML, like Gecko) Chrome/3.0.195.32 Safari/532.0"
          78.30.135.25 - - [16/Nov/2009:12:07:18 +0100] "GET /favicon.ico HTTP/1.1" 404 - "-" "Mozilla/5.0 (Windows; U; Windows NT 5.1; en-US) AppleWebKit/532.0 (KHTML, like Gecko) Chrome/3.0.195.32 Safari/532.0"
          78.30.135.25 - - [16/Nov/2009:12:07:19 +0100] "GET /ispiti.php HTTP/1.1" 200 3176 "http://www.vtsns.edu.rs/" "Mozilla/5.0 (Windows; U; Windows NT 5.1; en-US) AppleWebKit/532.0 (KHTML, like Gecko) Chrome/3.0.195.32 Safari/532.0"
          78.30.135.25 - - [16/Nov/2009:12:07:20 +0100] "GET /img/ispiti.jpg HTTP/1.1" 200 826 "http://www.vtsns.edu.rs/ispiti.php" "Mozilla/5.0 (Windows; U; Windows NT 5.1; en-US) AppleWebKit/532.0 (KHTML, like Gecko) Chrome/3.0.195.32 Safari/532.0"
          78.30.135.25 - - [16/Nov/2009:12:07:20 +0100] "GET /img/head5.jpg HTTP/1.1" 200 23689 "http://www.vtsns.edu.rs/ispiti.php" "Mozilla/5.0 (Windows; U; Windows NT 5.1; en-US) AppleWebKit/532.0 (KHTML, like Gecko) Chrome/3.0.195.32 Safari/532.0"
          78.30.135.25 - - [16/Nov/2009:12:07:21 +0100] "GET /favicon.ico HTTP/1.1" 404 - "-" "Mozilla/5.0 (Windows; U; Windows NT 5.1; en-US) AppleWebKit/532.0 (KHTML, like Gecko) Chrome/3.0.195.32 Safari/532.0"
          78.30.135.25 - - [16/Nov/2009:12:07:22 +0100] "GET /ispit_raspored_akt.php HTTP/1.1" 200 3893 "http://www.vtsns.edu.rs/ispiti.php" "Mozilla/5.0 (Windows; U; Windows NT 5.1; en-US) AppleWebKit/532.0 (KHTML, like Gecko) Chrome/3.0.195.32 Safari/532.0"
          78.30.135.25 - - [16/Nov/2009:12:07:23 +0100] "GET /img/ispit_akt.jpg HTTP/1.1" 200 2184 "http://www.vtsns.edu.rs/ispit_raspored_akt.php" "Mozilla/5.0 (Windows; U; Windows NT 5.1; en-US) AppleWebKit/532.0 (KHTML, like Gecko) Chrome/3.0.195.32 Safari/532.0"
          78.30.135.25 - - [16/Nov/2009:12:07:23 +0100] "GET /favicon.ico HTTP/1.1" 404 - "-" "Mozilla/5.0 (Windows; U; Windows NT 5.1; en-US) AppleWebKit/532.0 (KHTML, like Gecko) Chrome/3.0.195.32 Safari/532.0"
          78.30.135.25 - - [16/Nov/2009:12:07:25 +0100] "GET /Aktuelni%20ispitni%20rok.doc HTTP/1.1" 200 98816 "http://www.vtsns.edu.rs/ispit_raspored_akt.php" "Mozilla/5.0 (Windows; U; Windows NT 5.1; en-US) AppleWebKit/532.0 (KHTML, like Gecko) Chrome/3.0.195.32 Safari/532.0"
          188.2.177.222 - - [16/Nov/2009:12:07:37 +0100] "GET /konsultacije.php HTTP/1.1" 200 2822 "http://www.vtsns.edu.rs/ispit_raspored_akt.php" "Mozilla/4.0 (compatible; MSIE 6.0; Windows NT 5.1; SV1; .NET CLR 2.0.50727; .NET CLR 3.0.4506.2152; .NET CLR 3.5.30729)"
          188.2.177.222 - - [16/Nov/2009:12:07:43 +0100] "GET /konkursi.php HTTP/1.1" 200 2755 "http://www.vtsns.edu.rs/konsultacije.php" "Mozilla/4.0 (compatible; MSIE 6.0; Windows NT 5.1; SV1; .NET CLR 2.0.50727; .NET CLR 3.0.4506.2152; .NET CLR 3.5.30729)"
          188.2.177.222 - - [16/Nov/2009:12:07:44 +0100] "GET /img/konkursi.jpg HTTP/1.1" 200 1279 "http://www.vtsns.edu.rs/konkursi.php" "Mozilla/4.0 (compatible; MSIE 6.0; Windows NT 5.1; SV1; .NET CLR 2.0.50727; .NET CLR 3.0.4506.2152; .NET CLR 3.5.30729)"
          188.2.177.222 - - [16/Nov/2009:12:07:44 +0100] "GET /img/head6.jpg HTTP/1.1" 200 26425 "http://www.vtsns.edu.rs/konkursi.php" "Mozilla/4.0 (compatible; MSIE 6.0; Windows NT 5.1; SV1; .NET CLR 2.0.50727; .NET CLR 3.0.4506.2152; .NET CLR 3.5.30729)"
          188.2.177.222 - - [16/Nov/2009:12:07:52 +0100] "GET /oglasna.php HTTP/1.1" 200 4545 "http://www.vtsns.edu.rs/konkursi.php" "Mozilla/4.0 (compatible; MSIE 6.0; Windows NT 5.1; SV1; .NET CLR 2.0.50727; .NET CLR 3.0.4506.2152; .NET CLR 3.5.30729)"
          188.2.177.222 - - [16/Nov/2009:12:07:53 +0100] "GET /img/oglasna.jpg HTTP/1.1" 200 1832 "http://www.vtsns.edu.rs/oglasna.php" "Mozilla/4.0 (compatible; MSIE 6.0; Windows NT 5.1; SV1; .NET CLR 2.0.50727; .NET CLR 3.0.4506.2152; .NET CLR 3.5.30729)"
          93.86.166.97 - - [16/Nov/2009:12:08:06 +0100] "GET /upis4.doc HTTP/1.1" 404 - "http://www.vtsns.edu.rs/" "Mozilla/5.0 (Windows; U; Windows NT 5.1; en-US; rv:1.9.0.15) Gecko/2009101601 Firefox/3.0.15"
          93.86.166.97 - - [16/Nov/2009:12:08:09 +0100] "GET /index.php HTTP/1.1" 200 3669 "http://www.vtsns.edu.rs/" "Mozilla/5.0 (Windows; U; Windows NT 5.1; en-US; rv:1.9.0.15) Gecko/2009101601 Firefox/3.0.15"
          93.86.166.97 - - [16/Nov/2009:12:08:12 +0100] "GET /o_skoli.php HTTP/1.1" 200 9847 "http://www.vtsns.edu.rs/index.php" "Mozilla/5.0 (Windows; U; Windows NT 5.1; en-US; rv:1.9.0.15) Gecko/2009101601 Firefox/3.0.15"
          93.86.166.97 - - [16/Nov/2009:12:08:13 +0100] "GET /img/skola.jpg HTTP/1.1" 200 1117 "http://www.vtsns.edu.rs/o_skoli.php" "Mozilla/5.0 (Windows; U; Windows NT 5.1; en-US; rv:1.9.0.15) Gecko/2009101601 Firefox/3.0.15"
          93.86.166.97 - - [16/Nov/2009:12:08:12 +0100] "GET /img/head3.jpg HTTP/1.1" 200 28679 "http://www.vtsns.edu.rs/o_skoli.php" "Mozilla/5.0 (Windows; U; Windows NT 5.1; en-US; rv:1.9.0.15) Gecko/2009101601 Firefox/3.0.15"
          188.2.177.222 - - [16/Nov/2009:12:08:33 +0100] "GET /galerija.php HTTP/1.1" 200 2981 "http://www.vtsns.edu.rs/oglasna.php" "Mozilla/4.0 (compatible; MSIE 6.0; Windows NT 5.1; SV1; .NET CLR 2.0.50727; .NET CLR 3.0.4506.2152; .NET CLR 3.5.30729)"
          188.2.177.222 - - [16/Nov/2009:12:08:33 +0100] "GET /img/galerija.jpg HTTP/1.1" 200 1233 "http://www.vtsns.edu.rs/galerija.php" "Mozilla/4.0 (compatible; MSIE 6.0; Windows NT 5.1; SV1; .NET CLR 2.0.50727; .NET CLR 3.0.4506.2152; .NET CLR 3.5.30729)"
          79.175.111.83 - - [16/Nov/2009:12:08:51 +0100] "GET / HTTP/1.1" 200 3669 "-" "Mozilla/5.0 (Windows; U; Windows NT 5.1; en-US; rv:1.9.1) Gecko/20090624 Firefox/3.5"
          188.2.177.222 - - [16/Nov/2009:12:08:53 +0100] "GET /galerija.php?kategorija=2 HTTP/1.1" 200 2981 "http://www.vtsns.edu.rs/galerija.php" "Mozilla/4.0 (compatible; MSIE 6.0; Windows NT 5.1; SV1; .NET CLR 2.0.50727; .NET CLR 3.0.4506.2152; .NET CLR 3.5.30729)"
          188.2.177.222 - - [16/Nov/2009:12:09:04 +0100] "GET /galerija.php?kategorija=1 HTTP/1.1" 200 2981 "http://www.vtsns.edu.rs/galerija.php?kategorija=2" "Mozilla/4.0 (compatible; MSIE 6.0; Windows NT 5.1; SV1; .NET CLR 2.0.50727; .NET CLR 3.0.4506.2152; .NET CLR 3.5.30729)"
          188.2.177.222 - - [16/Nov/2009:12:09:15 +0100] "GET /vesti.php HTTP/1.1" 200 3367 "http://www.vtsns.edu.rs/galerija.php?kategorija=1" "Mozilla/4.0 (compatible; MSIE 6.0; Windows NT 5.1; SV1; .NET CLR 2.0.50727; .NET CLR 3.0.4506.2152; .NET CLR 3.5.30729)"
          188.2.177.222 - - [16/Nov/2009:12:09:15 +0100] "GET /img/vesti.jpg HTTP/1.1" 200 1503 "http://www.vtsns.edu.rs/vesti.php" "Mozilla/4.0 (compatible; MSIE 6.0; Windows NT 5.1; SV1; .NET CLR 2.0.50727; .NET CLR 3.0.4506.2152; .NET CLR 3.5.30729)"
          188.2.197.170 - - [16/Nov/2009:12:09:20 +0100] "GET /VTSINFORMATOR2009.pdf HTTP/1.1" 200 1666096 "http://www.vtsns.edu.rs/" "Mozilla/5.0 (Windows; U; Windows NT 6.0; en-US) AppleWebKit/532.0 (KHTML, like Gecko) Chrome/3.0.195.33 Safari/532.0"
          188.2.197.170 - - [16/Nov/2009:12:09:22 +0100] "GET /favicon.ico HTTP/1.1" 404 - "-" "Mozilla/5.0 (Windows; U; Windows NT 6.0; en-US) AppleWebKit/532.0 (KHTML, like Gecko) Chrome/3.0.195.33 Safari/532.0"
          188.2.197.170 - - [16/Nov/2009:12:09:22 +0100] "GET /VTSINFORMATOR2009.pdf HTTP/1.1" 206 143792 "http://www.vtsns.edu.rs/VTSINFORMATOR2009.pdf" "Mozilla/5.0 (Windows; U; Windows NT 6.0; en-US) AppleWebKit/532.0 (KHTML, like Gecko) Chrome/3.0.195.33 Safari/532.0"
          188.2.197.170 - - [16/Nov/2009:12:09:23 +0100] "GET /VTSINFORMATOR2009.pdf HTTP/1.1" 206 4327 "http://www.vtsns.edu.rs/VTSINFORMATOR2009.pdf" "Mozilla/5.0 (Windows; U; Windows NT 6.0; en-US) AppleWebKit/532.0 (KHTML, like Gecko) Chrome/3.0.195.33 Safari/532.0"
          188.2.197.170 - - [16/Nov/2009:12:09:23 +0100] "GET /VTSINFORMATOR2009.pdf HTTP/1.1" 206 251 "http://www.vtsns.edu.rs/VTSINFORMATOR2009.pdf" "Mozilla/5.0 (Windows; U; Windows NT 6.0; en-US) AppleWebKit/532.0 (KHTML, like Gecko) Chrome/3.0.195.33 Safari/532.0"
          188.2.197.170 - - [16/Nov/2009:12:09:24 +0100] "GET /VTSINFORMATOR2009.pdf HTTP/1.1" 206 9595 "http://www.vtsns.edu.rs/VTSINFORMATOR2009.pdf" "Mozilla/5.0 (Windows; U; Windows NT 6.0; en-US) AppleWebKit/532.0 (KHTML, like Gecko) Chrome/3.0.195.33 Safari/532.0"
          188.2.197.170 - - [16/Nov/2009:12:09:24 +0100] "GET /favicon.ico HTTP/1.1" 404 - "-" "Mozilla/5.0 (Windows; U; Windows NT 6.0; en-US) AppleWebKit/532.0 (KHTML, like Gecko) Chrome/3.0.195.33 Safari/532.0"
          188.2.197.170 - - [16/Nov/2009:12:09:24 +0100] "GET /favicon.ico HTTP/1.1" 404 - "-" "Mozilla/5.0 (Windows; U; Windows NT 6.0; en-US) AppleWebKit/532.0 (KHTML, like Gecko) Chrome/3.0.195.33 Safari/532.0"
          188.2.197.170 - - [16/Nov/2009:12:09:24 +0100] "GET /favicon.ico HTTP/1.1" 404 - "-" "Mozilla/5.0 (Windows; U; Windows NT 6.0; en-US) AppleWebKit/532.0 (KHTML, like Gecko) Chrome/3.0.195.33 Safari/532.0"
          188.2.197.170 - - [16/Nov/2009:12:09:24 +0100] "GET /favicon.ico HTTP/1.1" 404 - "-" "Mozilla/5.0 (Windows; U; Windows NT 6.0; en-US) AppleWebKit/532.0 (KHTML, like Gecko) Chrome/3.0.195.33 Safari/532.0"
          188.2.197.170 - - [16/Nov/2009:12:09:25 +0100] "GET /VTSINFORMATOR2009.pdf HTTP/1.1" 206 11062 "http://www.vtsns.edu.rs/VTSINFORMATOR2009.pdf" "Mozilla/5.0 (Windows; U; Windows NT 6.0; en-US) AppleWebKit/532.0 (KHTML, like Gecko) Chrome/3.0.195.33 Safari/532.0"
          188.2.197.170 - - [16/Nov/2009:12:09:25 +0100] "GET /VTSINFORMATOR2009.pdf HTTP/1.1" 206 7829 "http://www.vtsns.edu.rs/VTSINFORMATOR2009.pdf" "Mozilla/5.0 (Windows; U; Windows NT 6.0; en-US) AppleWebKit/532.0 (KHTML, like Gecko) Chrome/3.0.195.33 Safari/532.0"
          188.2.197.170 - - [16/Nov/2009:12:09:25 +0100] "GET /VTSINFORMATOR2009.pdf HTTP/1.1" 206 17179 "http://www.vtsns.edu.rs/VTSINFORMATOR2009.pdf" "Mozilla/5.0 (Windows; U; Windows NT 6.0; en-US) AppleWebKit/532.0 (KHTML, like Gecko) Chrome/3.0.195.33 Safari/532.0"
          188.2.197.170 - - [16/Nov/2009:12:09:25 +0100] "GET /favicon.ico HTTP/1.1" 404 - "-" "Mozilla/5.0 (Windows; U; Windows NT 6.0; en-US) AppleWebKit/532.0 (KHTML, like Gecko) Chrome/3.0.195.33 Safari/532.0"
          188.2.197.170 - - [16/Nov/2009:12:09:25 +0100] "GET /favicon.ico HTTP/1.1" 404 - "-" "Mozilla/5.0 (Windows; U; Windows NT 6.0; en-US) AppleWebKit/532.0 (KHTML, like Gecko) Chrome/3.0.195.33 Safari/532.0"
          188.2.197.170 - - [16/Nov/2009:12:09:26 +0100] "GET /favicon.ico HTTP/1.1" 404 - "-" "Mozilla/5.0 (Windows; U; Windows NT 6.0; en-US) AppleWebKit/532.0 (KHTML, like Gecko) Chrome/3.0.195.33 Safari/532.0"
          188.2.197.170 - - [16/Nov/2009:12:09:26 +0100] "GET /VTSINFORMATOR2009.pdf HTTP/1.1" 206 31727 "http://www.vtsns.edu.rs/VTSINFORMATOR2009.pdf" "Mozilla/5.0 (Windows; U; Windows NT 6.0; en-US) AppleWebKit/532.0 (KHTML, like Gecko) Chrome/3.0.195.33 Safari/532.0"
          188.2.197.170 - - [16/Nov/2009:12:09:26 +0100] "GET /favicon.ico HTTP/1.1" 404 - "-" "Mozilla/5.0 (Windows; U; Windows NT 6.0; en-US) AppleWebKit/532.0 (KHTML, like Gecko) Chrome/3.0.195.33 Safari/532.0"
          188.2.197.170 - - [16/Nov/2009:12:09:27 +0100] "GET /VTSINFORMATOR2009.pdf HTTP/1.1" 206 34254 "http://www.vtsns.edu.rs/VTSINFORMATOR2009.pdf" "Mozilla/5.0 (Windows; U; Windows NT 6.0; en-US) AppleWebKit/532.0 (KHTML, like Gecko) Chrome/3.0.195.33 Safari/532.0"
          188.2.197.170 - - [16/Nov/2009:12:09:28 +0100] "GET /favicon.ico HTTP/1.1" 404 - "-" "Mozilla/5.0 (Windows; U; Windows NT 6.0; en-US) AppleWebKit/532.0 (KHTML, like Gecko) Chrome/3.0.195.33 Safari/532.0"
          188.2.197.170 - - [16/Nov/2009:12:09:28 +0100] "GET /VTSINFORMATOR2009.pdf HTTP/1.1" 206 32821 "http://www.vtsns.edu.rs/VTSINFORMATOR2009.pdf" "Mozilla/5.0 (Windows; U; Windows NT 6.0; en-US) AppleWebKit/532.0 (KHTML, like Gecko) Chrome/3.0.195.33 Safari/532.0"
          188.2.197.170 - - [16/Nov/2009:12:09:29 +0100] "GET /VTSINFORMATOR2009.pdf HTTP/1.1" 206 34165 "http://www.vtsns.edu.rs/VTSINFORMATOR2009.pdf" "Mozilla/5.0 (Windows; U; Windows NT 6.0; en-US) AppleWebKit/532.0 (KHTML, like Gecko) Chrome/3.0.195.33 Safari/532.0"
          188.2.197.170 - - [16/Nov/2009:12:09:29 +0100] "GET /favicon.ico HTTP/1.1" 404 - "-" "Mozilla/5.0 (Windows; U; Windows NT 6.0; en-US) AppleWebKit/532.0 (KHTML, like Gecko) Chrome/3.0.195.33 Safari/532.0"
          188.2.197.170 - - [16/Nov/2009:12:09:30 +0100] "GET /favicon.ico HTTP/1.1" 404 - "-" "Mozilla/5.0 (Windows; U; Windows NT 6.0; en-US) AppleWebKit/532.0 (KHTML, like Gecko) Chrome/3.0.195.33 Safari/532.0"
          188.2.197.170 - - [16/Nov/2009:12:09:30 +0100] "GET /VTSINFORMATOR2009.pdf HTTP/1.1" 206 35659 "http://www.vtsns.edu.rs/VTSINFORMATOR2009.pdf" "Mozilla/5.0 (Windows; U; Windows NT 6.0; en-US) AppleWebKit/532.0 (KHTML, like Gecko) Chrome/3.0.195.33 Safari/532.0"
          188.2.197.170 - - [16/Nov/2009:12:09:31 +0100] "GET /favicon.ico HTTP/1.1" 404 - "-" "Mozilla/5.0 (Windows; U; Windows NT 6.0; en-US) AppleWebKit/532.0 (KHTML, like Gecko) Chrome/3.0.195.33 Safari/532.0"
          188.2.197.170 - - [16/Nov/2009:12:09:31 +0100] "GET /VTSINFORMATOR2009.pdf HTTP/1.1" 206 32469 "http://www.vtsns.edu.rs/VTSINFORMATOR2009.pdf" "Mozilla/5.0 (Windows; U; Windows NT 6.0; en-US) AppleWebKit/532.0 (KHTML, like Gecko) Chrome/3.0.195.33 Safari/532.0"
          188.2.197.170 - - [16/Nov/2009:12:09:33 +0100] "GET /favicon.ico HTTP/1.1" 404 - "-" "Mozilla/5.0 (Windows; U; Windows NT 6.0; en-US) AppleWebKit/532.0 (KHTML, like Gecko) Chrome/3.0.195.33 Safari/532.0"
          188.2.197.170 - - [16/Nov/2009:12:09:33 +0100] "GET /VTSINFORMATOR2009.pdf HTTP/1.1" 206 31906 "http://www.vtsns.edu.rs/VTSINFORMATOR2009.pdf" "Mozilla/5.0 (Windows; U; Windows NT 6.0; en-US) AppleWebKit/532.0 (KHTML, like Gecko) Chrome/3.0.195.33 Safari/532.0"
          188.2.197.170 - - [16/Nov/2009:12:09:35 +0100] "GET /favicon.ico HTTP/1.1" 404 - "-" "Mozilla/5.0 (Windows; U; Windows NT 6.0; en-US) AppleWebKit/532.0 (KHTML, like Gecko) Chrome/3.0.195.33 Safari/532.0"
          188.2.197.170 - - [16/Nov/2009:12:09:35 +0100] "GET /VTSINFORMATOR2009.pdf HTTP/1.1" 206 33513 "http://www.vtsns.edu.rs/VTSINFORMATOR2009.pdf" "Mozilla/5.0 (Windows; U; Windows NT 6.0; en-US) AppleWebKit/532.0 (KHTML, like Gecko) Chrome/3.0.195.33 Safari/532.0"
          188.2.197.170 - - [16/Nov/2009:12:09:36 +0100] "GET /favicon.ico HTTP/1.1" 404 - "-" "Mozilla/5.0 (Windows; U; Windows NT 6.0; en-US) AppleWebKit/532.0 (KHTML, like Gecko) Chrome/3.0.195.33 Safari/532.0"
          188.2.197.170 - - [16/Nov/2009:12:09:37 +0100] "GET /VTSINFORMATOR2009.pdf HTTP/1.1" 206 507 "http://www.vtsns.edu.rs/VTSINFORMATOR2009.pdf" "Mozilla/5.0 (Windows; U; Windows NT 6.0; en-US) AppleWebKit/532.0 (KHTML, like Gecko) Chrome/3.0.195.33 Safari/532.0"
          188.2.197.170 - - [16/Nov/2009:12:09:37 +0100] "GET /VTSINFORMATOR2009.pdf HTTP/1.1" 206 4206 "http://www.vtsns.edu.rs/VTSINFORMATOR2009.pdf" "Mozilla/5.0 (Windows; U; Windows NT 6.0; en-US) AppleWebKit/532.0 (KHTML, like Gecko) Chrome/3.0.195.33 Safari/532.0"
          188.2.197.170 - - [16/Nov/2009:12:09:37 +0100] "GET /favicon.ico HTTP/1.1" 404 - "-" "Mozilla/5.0 (Windows; U; Windows NT 6.0; en-US) AppleWebKit/532.0 (KHTML, like Gecko) Chrome/3.0.195.33 Safari/532.0"
          188.2.197.170 - - [16/Nov/2009:12:09:37 +0100] "GET /favicon.ico HTTP/1.1" 404 - "-" "Mozilla/5.0 (Windows; U; Windows NT 6.0; en-US) AppleWebKit/532.0 (KHTML, like Gecko) Chrome/3.0.195.33 Safari/532.0"
          188.2.197.170 - - [16/Nov/2009:12:09:37 +0100] "GET /VTSINFORMATOR2009.pdf HTTP/1.1" 206 1016 "http://www.vtsns.edu.rs/VTSINFORMATOR2009.pdf" "Mozilla/5.0 (Windows; U; Windows NT 6.0; en-US) AppleWebKit/532.0 (KHTML, like Gecko) Chrome/3.0.195.33 Safari/532.0"
          188.2.197.170 - - [16/Nov/2009:12:09:38 +0100] "GET /favicon.ico HTTP/1.1" 404 - "-" "Mozilla/5.0 (Windows; U; Windows NT 6.0; en-US) AppleWebKit/532.0 (KHTML, like Gecko) Chrome/3.0.195.33 Safari/532.0"
          188.2.197.170 - - [16/Nov/2009:12:09:38 +0100] "GET /VTSINFORMATOR2009.pdf HTTP/1.1" 206 32101 "http://www.vtsns.edu.rs/VTSINFORMATOR2009.pdf" "Mozilla/5.0 (Windows; U; Windows NT 6.0; en-US) AppleWebKit/532.0 (KHTML, like Gecko) Chrome/3.0.195.33 Safari/532.0"
          188.2.197.170 - - [16/Nov/2009:12:09:39 +0100] "GET /favicon.ico HTTP/1.1" 404 - "-" "Mozilla/5.0 (Windows; U; Windows NT 6.0; en-US) AppleWebKit/532.0 (KHTML, like Gecko) Chrome/3.0.195.33 Safari/532.0"
          188.2.197.170 - - [16/Nov/2009:12:09:39 +0100] "GET /VTSINFORMATOR2009.pdf HTTP/1.1" 206 32325 "http://www.vtsns.edu.rs/VTSINFORMATOR2009.pdf" "Mozilla/5.0 (Windows; U; Windows NT 6.0; en-US) AppleWebKit/532.0 (KHTML, like Gecko) Chrome/3.0.195.33 Safari/532.0"
          188.2.197.170 - - [16/Nov/2009:12:09:40 +0100] "GET /favicon.ico HTTP/1.1" 404 - "-" "Mozilla/5.0 (Windows; U; Windows NT 6.0; en-US) AppleWebKit/532.0 (KHTML, like Gecko) Chrome/3.0.195.33 Safari/532.0"
          188.2.197.170 - - [16/Nov/2009:12:09:40 +0100] "GET /VTSINFORMATOR2009.pdf HTTP/1.1" 206 43767 "http://www.vtsns.edu.rs/VTSINFORMATOR2009.pdf" "Mozilla/5.0 (Windows; U; Windows NT 6.0; en-US) AppleWebKit/532.0 (KHTML, like Gecko) Chrome/3.0.195.33 Safari/532.0"
          188.2.197.170 - - [16/Nov/2009:12:09:41 +0100] "GET /favicon.ico HTTP/1.1" 404 - "-" "Mozilla/5.0 (Windows; U; Windows NT 6.0; en-US) AppleWebKit/532.0 (KHTML, like Gecko) Chrome/3.0.195.33 Safari/532.0"
          188.2.197.170 - - [16/Nov/2009:12:09:41 +0100] "GET /VTSINFORMATOR2009.pdf HTTP/1.1" 206 34104 "http://www.vtsns.edu.rs/VTSINFORMATOR2009.pdf" "Mozilla/5.0 (Windows; U; Windows NT 6.0; en-US) AppleWebKit/532.0 (KHTML, like Gecko) Chrome/3.0.195.33 Safari/532.0"
          188.2.197.170 - - [16/Nov/2009:12:09:42 +0100] "GET /favicon.ico HTTP/1.1" 404 - "-" "Mozilla/5.0 (Windows; U; Windows NT 6.0; en-US) AppleWebKit/532.0 (KHTML, like Gecko) Chrome/3.0.195.33 Safari/532.0"
          188.2.197.170 - - [16/Nov/2009:12:09:42 +0100] "GET /VTSINFORMATOR2009.pdf HTTP/1.1" 206 37204 "http://www.vtsns.edu.rs/VTSINFORMATOR2009.pdf" "Mozilla/5.0 (Windows; U; Windows NT 6.0; en-US) AppleWebKit/532.0 (KHTML, like Gecko) Chrome/3.0.195.33 Safari/532.0"
          188.2.197.170 - - [16/Nov/2009:12:09:43 +0100] "GET /favicon.ico HTTP/1.1" 404 - "-" "Mozilla/5.0 (Windows; U; Windows NT 6.0; en-US) AppleWebKit/532.0 (KHTML, like Gecko) Chrome/3.0.195.33 Safari/532.0"
          188.2.197.170 - - [16/Nov/2009:12:09:44 +0100] "GET /VTSINFORMATOR2009.pdf HTTP/1.1" 206 11859 "http://www.vtsns.edu.rs/VTSINFORMATOR2009.pdf" "Mozilla/5.0 (Windows; U; Windows NT 6.0; en-US) AppleWebKit/532.0 (KHTML, like Gecko) Chrome/3.0.195.33 Safari/532.0"
          188.2.197.170 - - [16/Nov/2009:12:09:44 +0100] "GET /VTSINFORMATOR2009.pdf HTTP/1.1" 206 32437 "http://www.vtsns.edu.rs/VTSINFORMATOR2009.pdf" "Mozilla/5.0 (Windows; U; Windows NT 6.0; en-US) AppleWebKit/532.0 (KHTML, like Gecko) Chrome/3.0.195.33 Safari/532.0"
          188.2.197.170 - - [16/Nov/2009:12:09:44 +0100] "GET /favicon.ico HTTP/1.1" 404 - "-" "Mozilla/5.0 (Windows; U; Windows NT 6.0; en-US) AppleWebKit/532.0 (KHTML, like Gecko) Chrome/3.0.195.33 Safari/532.0"
          188.2.197.170 - - [16/Nov/2009:12:09:45 +0100] "GET /favicon.ico HTTP/1.1" 404 - "-" "Mozilla/5.0 (Windows; U; Windows NT 6.0; en-US) AppleWebKit/532.0 (KHTML, like Gecko) Chrome/3.0.195.33 Safari/532.0"
          188.2.197.170 - - [16/Nov/2009:12:09:45 +0100] "GET /VTSINFORMATOR2009.pdf HTTP/1.1" 206 50235 "http://www.vtsns.edu.rs/VTSINFORMATOR2009.pdf" "Mozilla/5.0 (Windows; U; Windows NT 6.0; en-US) AppleWebKit/532.0 (KHTML, like Gecko) Chrome/3.0.195.33 Safari/532.0"
          188.2.197.170 - - [16/Nov/2009:12:09:45 +0100] "GET /VTSINFORMATOR2009.pdf HTTP/1.1" 206 15076 "http://www.vtsns.edu.rs/VTSINFORMATOR2009.pdf" "Mozilla/5.0 (Windows; U; Windows NT 6.0; en-US) AppleWebKit/532.0 (KHTML, like Gecko) Chrome/3.0.195.33 Safari/532.0"
          188.2.197.170 - - [16/Nov/2009:12:09:46 +0100] "GET /favicon.ico HTTP/1.1" 404 - "-" "Mozilla/5.0 (Windows; U; Windows NT 6.0; en-US) AppleWebKit/532.0 (KHTML, like Gecko) Chrome/3.0.195.33 Safari/532.0"
          188.2.197.170 - - [16/Nov/2009:12:09:46 +0100] "GET /favicon.ico HTTP/1.1" 404 - "-" "Mozilla/5.0 (Windows; U; Windows NT 6.0; en-US) AppleWebKit/532.0 (KHTML, like Gecko) Chrome/3.0.195.33 Safari/532.0"
          188.2.197.170 - - [16/Nov/2009:12:09:46 +0100] "GET /VTSINFORMATOR2009.pdf HTTP/1.1" 206 33237 "http://www.vtsns.edu.rs/VTSINFORMATOR2009.pdf" "Mozilla/5.0 (Windows; U; Windows NT 6.0; en-US) AppleWebKit/532.0 (KHTML, like Gecko) Chrome/3.0.195.33 Safari/532.0"
          188.2.197.170 - - [16/Nov/2009:12:09:47 +0100] "GET /favicon.ico HTTP/1.1" 404 - "-" "Mozilla/5.0 (Windows; U; Windows NT 6.0; en-US) AppleWebKit/532.0 (KHTML, like Gecko) Chrome/3.0.195.33 Safari/532.0"
          188.2.197.170 - - [16/Nov/2009:12:09:47 +0100] "GET /VTSINFORMATOR2009.pdf HTTP/1.1" 206 851235 "http://www.vtsns.edu.rs/VTSINFORMATOR2009.pdf" "Mozilla/5.0 (Windows; U; Windows NT 6.0; en-US) AppleWebKit/532.0 (KHTML, like Gecko) Chrome/3.0.195.33 Safari/532.0"
          188.2.197.170 - - [16/Nov/2009:12:09:52 +0100] "GET /favicon.ico HTTP/1.1" 404 - "-" "Mozilla/5.0 (Windows; U; Windows NT 6.0; en-US) AppleWebKit/532.0 (KHTML, like Gecko) Chrome/3.0.195.33 Safari/532.0"
          188.2.177.222 - - [16/Nov/2009:12:09:56 +0100] "GET /mapa.php HTTP/1.1" 200 6678 "http://www.vtsns.edu.rs/vesti.php" "Mozilla/4.0 (compatible; MSIE 6.0; Windows NT 5.1; SV1; .NET CLR 2.0.50727; .NET CLR 3.0.4506.2152; .NET CLR 3.5.30729)"
          188.2.177.222 - - [16/Nov/2009:12:09:57 +0100] "GET /img/mapa.jpg HTTP/1.1" 200 1517 "http://www.vtsns.edu.rs/mapa.php" "Mozilla/4.0 (compatible; MSIE 6.0; Windows NT 5.1; SV1; .NET CLR 2.0.50727; .NET CLR 3.0.4506.2152; .NET CLR 3.5.30729)"
          79.101.223.243 - - [16/Nov/2009:12:10:59 +0100] "GET / HTTP/1.1" 200 3669 "http://www.google.com/search?hl=sr&source=hp&q=visoka+tehnicka+skola+novi+sad&lr=&aq=0&oq=visoka+tehni%C4%8Dka+" "Mozilla/4.0 (compatible; MSIE 6.0; Windows NT 5.1; SV1; .NET CLR 2.0.50727; FDM)"
          79.101.223.243 - - [16/Nov/2009:12:11:00 +0100] "GET /img/vts.jpg HTTP/1.1" 304 - "http://www.vtsns.edu.rs/" "Mozilla/4.0 (compatible; MSIE 6.0; Windows NT 5.1; SV1; .NET CLR 2.0.50727; FDM)"
          79.101.223.243 - - [16/Nov/2009:12:11:00 +0100] "GET /style.css HTTP/1.1" 304 - "http://www.vtsns.edu.rs/" "Mozilla/4.0 (compatible; MSIE 6.0; Windows NT 5.1; SV1; .NET CLR 2.0.50727; FDM)"
          79.101.223.243 - - [16/Nov/2009:12:11:00 +0100] "GET /img/copyprint.jpg HTTP/1.1" 304 - "http://www.vtsns.edu.rs/" "Mozilla/4.0 (compatible; MSIE 6.0; Windows NT 5.1; SV1; .NET CLR 2.0.50727; FDM)"
          79.101.223.243 - - [16/Nov/2009:12:11:00 +0100] "GET /img/head2.jpg HTTP/1.1" 304 - "http://www.vtsns.edu.rs/" "Mozilla/4.0 (compatible; MSIE 6.0; Windows NT 5.1; SV1; .NET CLR 2.0.50727; FDM)"
          79.101.223.243 - - [16/Nov/2009:12:11:00 +0100] "GET /img/novosti.jpg HTTP/1.1" 304 - "http://www.vtsns.edu.rs/" "Mozilla/4.0 (compatible; MSIE 6.0; Windows NT 5.1; SV1; .NET CLR 2.0.50727; FDM)"
          79.101.223.243 - - [16/Nov/2009:12:11:00 +0100] "GET /img/bg.jpg HTTP/1.1" 304 - "http://www.vtsns.edu.rs/" "Mozilla/4.0 (compatible; MSIE 6.0; Windows NT 5.1; SV1; .NET CLR 2.0.50727; FDM)"
          79.101.223.243 - - [16/Nov/2009:12:11:02 +0100] "GET /oglasna.php HTTP/1.1" 200 4545 "http://www.vtsns.edu.rs/" "Mozilla/4.0 (compatible; MSIE 6.0; Windows NT 5.1; SV1; .NET CLR 2.0.50727; FDM)"
          79.101.223.243 - - [16/Nov/2009:12:11:02 +0100] "GET /img/head6.jpg HTTP/1.1" 304 - "http://www.vtsns.edu.rs/oglasna.php" "Mozilla/4.0 (compatible; MSIE 6.0; Windows NT 5.1; SV1; .NET CLR 2.0.50727; FDM)"
          79.101.223.243 - - [16/Nov/2009:12:11:02 +0100] "GET /img/oglasna.jpg HTTP/1.1" 304 - "http://www.vtsns.edu.rs/oglasna.php" "Mozilla/4.0 (compatible; MSIE 6.0; Windows NT 5.1; SV1; .NET CLR 2.0.50727; FDM)"
          188.2.177.222 - - [16/Nov/2009:12:11:04 +0100] "GET /index.php HTTP/1.1" 200 3669 "http://www.vtsns.edu.rs/mapa.php" "Mozilla/4.0 (compatible; MSIE 6.0; Windows NT 5.1; SV1; .NET CLR 2.0.50727; .NET CLR 3.0.4506.2152; .NET CLR 3.5.30729)"
          79.101.223.243 - - [16/Nov/2009:12:11:05 +0100] "GET /ispiti.php HTTP/1.1" 200 3176 "http://www.vtsns.edu.rs/oglasna.php" "Mozilla/4.0 (compatible; MSIE 6.0; Windows NT 5.1; SV1; .NET CLR 2.0.50727; FDM)"
          79.101.223.243 - - [16/Nov/2009:12:11:05 +0100] "GET /img/head5.jpg HTTP/1.1" 304 - "http://www.vtsns.edu.rs/ispiti.php" "Mozilla/4.0 (compatible; MSIE 6.0; Windows NT 5.1; SV1; .NET CLR 2.0.50727; FDM)"
          79.101.223.243 - - [16/Nov/2009:12:11:06 +0100] "GET /img/ispiti.jpg HTTP/1.1" 304 - "http://www.vtsns.edu.rs/ispiti.php" "Mozilla/4.0 (compatible; MSIE 6.0; Windows NT 5.1; SV1; .NET CLR 2.0.50727; FDM)"
          79.101.223.243 - - [16/Nov/2009:12:11:07 +0100] "GET /ispit_raspored_akt.php HTTP/1.1" 200 3893 "http://www.vtsns.edu.rs/ispiti.php" "Mozilla/4.0 (compatible; MSIE 6.0; Windows NT 5.1; SV1; .NET CLR 2.0.50727; FDM)"
          79.101.223.243 - - [16/Nov/2009:12:11:07 +0100] "GET /img/ispit_akt.jpg HTTP/1.1" 304 - "http://www.vtsns.edu.rs/ispit_raspored_akt.php" "Mozilla/4.0 (compatible; MSIE 6.0; Windows NT 5.1; SV1; .NET CLR 2.0.50727; FDM)"
          79.101.223.243 - - [16/Nov/2009:12:11:09 +0100] "GET /Aktuelni%20ispitni%20rok.doc HTTP/1.1" 304 - "http://www.vtsns.edu.rs/ispit_raspored_akt.php" "Mozilla/4.0 (compatible; MSIE 6.0; Windows NT 5.1; SV1; .NET CLR 2.0.50727; FDM)"
          93.86.163.26 - - [16/Nov/2009:12:11:35 +0100] "GET / HTTP/1.1" 200 3669 "-" "Mozilla/4.0 (compatible; MSIE 7.0; Windows NT 5.1; Trident/4.0; FBSMTWB; .NET CLR 2.0.50727; im_en_0002)"
          93.86.163.26 - - [16/Nov/2009:12:11:35 +0100] "GET /style.css HTTP/1.1" 200 6554 "http://www.vtsns.edu.rs/" "Mozilla/4.0 (compatible; MSIE 7.0; Windows NT 5.1; Trident/4.0; FBSMTWB; .NET CLR 2.0.50727; im_en_0002)"
          93.86.163.26 - - [16/Nov/2009:12:11:35 +0100] "GET /img/vts.jpg HTTP/1.1" 200 4053 "http://www.vtsns.edu.rs/" "Mozilla/4.0 (compatible; MSIE 7.0; Windows NT 5.1; Trident/4.0; FBSMTWB; .NET CLR 2.0.50727; im_en_0002)"
          93.86.163.26 - - [16/Nov/2009:12:11:36 +0100] "GET /img/novosti.jpg HTTP/1.1" 200 1161 "http://www.vtsns.edu.rs/" "Mozilla/4.0 (compatible; MSIE 7.0; Windows NT 5.1; Trident/4.0; FBSMTWB; .NET CLR 2.0.50727; im_en_0002)"
          93.86.163.26 - - [16/Nov/2009:12:11:36 +0100] "GET /img/copyprint.jpg HTTP/1.1" 200 1662 "http://www.vtsns.edu.rs/" "Mozilla/4.0 (compatible; MSIE 7.0; Windows NT 5.1; Trident/4.0; FBSMTWB; .NET CLR 2.0.50727; im_en_0002)"
          93.86.163.26 - - [16/Nov/2009:12:11:36 +0100] "GET /img/head2.jpg HTTP/1.1" 200 74512 "http://www.vtsns.edu.rs/" "Mozilla/4.0 (compatible; MSIE 7.0; Windows NT 5.1; Trident/4.0; FBSMTWB; .NET CLR 2.0.50727; im_en_0002)"
          93.86.163.26 - - [16/Nov/2009:12:11:36 +0100] "GET /img/bg.jpg HTTP/1.1" 200 23084 "http://www.vtsns.edu.rs/" "Mozilla/4.0 (compatible; MSIE 7.0; Windows NT 5.1; Trident/4.0; FBSMTWB; .NET CLR 2.0.50727; im_en_0002)"
          93.86.163.26 - - [16/Nov/2009:12:11:37 +0100] "GET /favicon.ico HTTP/1.1" 404 - "-" "Mozilla/4.0 (compatible; MSIE 8.0; Windows NT 5.1; Trident/4.0; FBSMTWB; .NET CLR 2.0.50727; im_en_0002)"
          93.86.163.26 - - [16/Nov/2009:12:11:43 +0100] "GET /admin HTTP/1.1" 301 238 "-" "Mozilla/4.0 (compatible; MSIE 7.0; Windows NT 5.1; Trident/4.0; FBSMTWB; .NET CLR 2.0.50727; im_en_0002)"
          93.86.163.26 - - [16/Nov/2009:12:11:43 +0100] "GET /admin/ HTTP/1.1" 200 834 "-" "Mozilla/4.0 (compatible; MSIE 7.0; Windows NT 5.1; Trident/4.0; FBSMTWB; .NET CLR 2.0.50727; im_en_0002)"
          93.86.163.26 - - [16/Nov/2009:12:11:44 +0100] "GET /admin/style.css HTTP/1.1" 200 784 "http://www.vtsns.edu.rs/admin/" "Mozilla/4.0 (compatible; MSIE 7.0; Windows NT 5.1; Trident/4.0; FBSMTWB; .NET CLR 2.0.50727; im_en_0002)"
          93.86.163.26 - - [16/Nov/2009:12:11:44 +0100] "GET /favicon.ico HTTP/1.1" 404 - "-" "Mozilla/4.0 (compatible; MSIE 8.0; Windows NT 5.1; Trident/4.0; FBSMTWB; .NET CLR 2.0.50727; im_en_0002)"
          93.86.163.26 - - [16/Nov/2009:12:11:54 +0100] "POST /admin/user.php HTTP/1.1" 200 67 "http://www.vtsns.edu.rs/admin/" "Mozilla/4.0 (compatible; MSIE 7.0; Windows NT 5.1; Trident/4.0; FBSMTWB; .NET CLR 2.0.50727; im_en_0002)"
          93.86.163.26 - - [16/Nov/2009:12:11:55 +0100] "GET /admin/index.php HTTP/1.1" 200 834 "-" "Mozilla/4.0 (compatible; MSIE 7.0; Windows NT 5.1; Trident/4.0; FBSMTWB; .NET CLR 2.0.50727; im_en_0002)"
          194.106.160.215 - - [16/Nov/2009:12:12:00 +0100] "GET / HTTP/1.1" 200 3669 "http://www.google.com/search?hl=sr&source=hp&q=visoka+tehnicka+skola+novi+sad&lr=&aq=0&oq=visoka+te" "Mozilla/4.0 (compatible; MSIE 7.0; Windows NT 5.1; FunWebProducts; .NET CLR 1.1.4322; .NET CLR 2.0.50727)"
          194.106.160.215 - - [16/Nov/2009:12:12:00 +0100] "GET /img/vts.jpg HTTP/1.1" 200 4053 "http://www.vtsns.edu.rs/" "Mozilla/4.0 (compatible; MSIE 7.0; Windows NT 5.1; FunWebProducts; .NET CLR 1.1.4322; .NET CLR 2.0.50727)"
          194.106.160.215 - - [16/Nov/2009:12:12:00 +0100] "GET /style.css HTTP/1.1" 200 6554 "http://www.vtsns.edu.rs/" "Mozilla/4.0 (compatible; MSIE 7.0; Windows NT 5.1; FunWebProducts; .NET CLR 1.1.4322; .NET CLR 2.0.50727)"
          194.106.160.215 - - [16/Nov/2009:12:12:01 +0100] "GET /img/copyprint.jpg HTTP/1.1" 200 1662 "http://www.vtsns.edu.rs/" "Mozilla/4.0 (compatible; MSIE 7.0; Windows NT 5.1; FunWebProducts; .NET CLR 1.1.4322; .NET CLR 2.0.50727)"
          194.106.160.215 - - [16/Nov/2009:12:12:01 +0100] "GET /img/novosti.jpg HTTP/1.1" 200 1161 "http://www.vtsns.edu.rs/" "Mozilla/4.0 (compatible; MSIE 7.0; Windows NT 5.1; FunWebProducts; .NET CLR 1.1.4322; .NET CLR 2.0.50727)"
          194.106.160.215 - - [16/Nov/2009:12:12:01 +0100] "GET /img/bg.jpg HTTP/1.1" 200 23084 "http://www.vtsns.edu.rs/" "Mozilla/4.0 (compatible; MSIE 7.0; Windows NT 5.1; FunWebProducts; .NET CLR 1.1.4322; .NET CLR 2.0.50727)"
          194.106.160.215 - - [16/Nov/2009:12:12:01 +0100] "GET /img/head2.jpg HTTP/1.1" 200 74512 "http://www.vtsns.edu.rs/" "Mozilla/4.0 (compatible; MSIE 7.0; Windows NT 5.1; FunWebProducts; .NET CLR 1.1.4322; .NET CLR 2.0.50727)"
          194.106.160.215 - - [16/Nov/2009:12:12:04 +0100] "GET /favicon.ico HTTP/1.1" 404 - "-" "Mozilla/4.0 (compatible; MSIE 7.0; Windows NT 5.1; FunWebProducts; .NET CLR 1.1.4322; .NET CLR 2.0.50727)"
          93.86.163.26 - - [16/Nov/2009:12:12:04 +0100] "POST /admin/user.php HTTP/1.1" 200 713 "http://www.vtsns.edu.rs/admin/index.php" "Mozilla/4.0 (compatible; MSIE 7.0; Windows NT 5.1; Trident/4.0; FBSMTWB; .NET CLR 2.0.50727; im_en_0002)"
          194.106.160.215 - - [16/Nov/2009:12:12:05 +0100] "GET /ispiti.php HTTP/1.1" 200 3176 "http://www.vtsns.edu.rs/" "Mozilla/4.0 (compatible; MSIE 7.0; Windows NT 5.1; FunWebProducts; .NET CLR 1.1.4322; .NET CLR 2.0.50727)"
          194.106.160.215 - - [16/Nov/2009:12:12:06 +0100] "GET /img/head5.jpg HTTP/1.1" 200 23689 "http://www.vtsns.edu.rs/ispiti.php" "Mozilla/4.0 (compatible; MSIE 7.0; Windows NT 5.1; FunWebProducts; .NET CLR 1.1.4322; .NET CLR 2.0.50727)"
          194.106.160.215 - - [16/Nov/2009:12:12:06 +0100] "GET /img/ispiti.jpg HTTP/1.1" 200 826 "http://www.vtsns.edu.rs/ispiti.php" "Mozilla/4.0 (compatible; MSIE 7.0; Windows NT 5.1; FunWebProducts; .NET CLR 1.1.4322; .NET CLR 2.0.50727)"
          194.106.160.215 - - [16/Nov/2009:12:12:07 +0100] "GET /ispit_raspored_akt.php HTTP/1.1" 200 3893 "http://www.vtsns.edu.rs/ispiti.php" "Mozilla/4.0 (compatible; MSIE 7.0; Windows NT 5.1; FunWebProducts; .NET CLR 1.1.4322; .NET CLR 2.0.50727)"
          194.106.160.215 - - [16/Nov/2009:12:12:08 +0100] "GET /img/ispit_akt.jpg HTTP/1.1" 200 2184 "http://www.vtsns.edu.rs/ispit_raspored_akt.php" "Mozilla/4.0 (compatible; MSIE 7.0; Windows NT 5.1; FunWebProducts; .NET CLR 1.1.4322; .NET CLR 2.0.50727)"
          93.86.163.26 - - [16/Nov/2009:12:12:08 +0100] "GET /admin/vesti.php HTTP/1.1" 200 2621 "http://www.vtsns.edu.rs/admin/user.php" "Mozilla/4.0 (compatible; MSIE 7.0; Windows NT 5.1; Trident/4.0; FBSMTWB; .NET CLR 2.0.50727; im_en_0002)"
          93.86.163.26 - - [16/Nov/2009:12:12:08 +0100] "GET /admin/images/b_edit.png HTTP/1.1" 200 451 "http://www.vtsns.edu.rs/admin/vesti.php" "Mozilla/4.0 (compatible; MSIE 7.0; Windows NT 5.1; Trident/4.0; FBSMTWB; .NET CLR 2.0.50727; im_en_0002)"
          93.86.163.26 - - [16/Nov/2009:12:12:08 +0100] "GET /admin/images/b_delete.png HTTP/1.1" 200 311 "http://www.vtsns.edu.rs/admin/vesti.php" "Mozilla/4.0 (compatible; MSIE 7.0; Windows NT 5.1; Trident/4.0; FBSMTWB; .NET CLR 2.0.50727; im_en_0002)"
          194.106.160.215 - - [16/Nov/2009:12:12:09 +0100] "GET /Aktuelni%20ispitni%20rok.doc HTTP/1.1" 200 98816 "http://www.vtsns.edu.rs/ispit_raspored_akt.php" "Mozilla/4.0 (compatible; MSIE 7.0; Windows NT 5.1; FunWebProducts; .NET CLR 1.1.4322; .NET CLR 2.0.50727)"
          194.106.160.215 - - [16/Nov/2009:12:12:15 +0100] "OPTIONS / HTTP/1.1" 200 3669 "-" "Microsoft Office Protocol Discovery"
          194.106.160.215 - - [16/Nov/2009:12:12:32 +0100] "OPTIONS / HTTP/1.1" 200 3669 "-" "Microsoft Data Access Internet Publishing Provider Protocol Discovery"
          194.106.160.215 - - [16/Nov/2009:12:12:33 +0100] "OPTIONS /Aktuelni%2520ispitni%2520rok.doc HTTP/1.1" 200 - "-" "Microsoft Data Access Internet Publishing Provider Protocol Discovery"
          194.106.160.215 - - [16/Nov/2009:12:12:41 +0100] "GET /ispit_raspored_god.php HTTP/1.1" 200 4074 "http://www.vtsns.edu.rs/ispit_raspored_akt.php" "Mozilla/4.0 (compatible; MSIE 7.0; Windows NT 5.1; FunWebProducts; .NET CLR 1.1.4322; .NET CLR 2.0.50727)"
          194.106.160.215 - - [16/Nov/2009:12:12:42 +0100] "GET /img/ispit_god.jpg HTTP/1.1" 200 2607 "http://www.vtsns.edu.rs/ispit_raspored_god.php" "Mozilla/4.0 (compatible; MSIE 7.0; Windows NT 5.1; FunWebProducts; .NET CLR 1.1.4322; .NET CLR 2.0.50727)"
          93.86.166.97 - - [16/Nov/2009:12:13:13 +0100] "GET /specijalisticke.php HTTP/1.1" 200 3346 "http://www.vtsns.edu.rs/o_skoli.php" "Mozilla/5.0 (Windows; U; Windows NT 5.1; en-US; rv:1.9.0.15) Gecko/2009101601 Firefox/3.0.15"
          93.86.166.97 - - [16/Nov/2009:12:13:13 +0100] "GET /img/specijalisticke.jpg HTTP/1.1" 200 2425 "http://www.vtsns.edu.rs/specijalisticke.php" "Mozilla/5.0 (Windows; U; Windows NT 5.1; en-US; rv:1.9.0.15) Gecko/2009101601 Firefox/3.0.15"
          93.86.166.97 - - [16/Nov/2009:12:13:13 +0100] "GET /img/head7.jpg HTTP/1.1" 200 23167 "http://www.vtsns.edu.rs/specijalisticke.php" "Mozilla/5.0 (Windows; U; Windows NT 5.1; en-US; rv:1.9.0.15) Gecko/2009101601 Firefox/3.0.15"
          77.46.229.168 - - [16/Nov/2009:12:13:16 +0100] "GET / HTTP/1.1" 200 3669 "http://www.google.com/search?hl=en&source=hp&q=vtsns&aq=f&aqi=g-s1&oq=&fp=1c443ffcb5a5cce1" "Mozilla/5.0 (Windows; U; Windows NT 6.1; en-US; rv:1.9.0.15) Gecko/2009101601 Firefox/3.0.15"
          93.86.166.97 - - [16/Nov/2009:12:13:16 +0100] "GET /upload/zdravlje.zip HTTP/1.1" 200 13307 "http://www.vtsns.edu.rs/specijalisticke.php" "Mozilla/5.0 (Windows; U; Windows NT 5.1; en-US; rv:1.9.0.15) Gecko/2009101601 Firefox/3.0.15"
          77.46.229.168 - - [16/Nov/2009:12:13:18 +0100] "GET / HTTP/1.1" 200 3669 "http://www.google.com/url?sa=t&source=web&ct=res&cd=1&ved=0CAgQFjAA&url=http%3A%2F%2Fvtsns.edu.yu%2F&rct=j&q=vtsns&ei=zzMBS_KFAYii4QaMpsX3Cw&usg=AFQjCNGuocZnfANaPKH-tpZMoSVvKVnJCg" "Mozilla/5.0 (Windows; U; Windows NT 6.1; en-US; rv:1.9.0.15) Gecko/2009101601 Firefox/3.0.15"
          77.46.229.168 - - [16/Nov/2009:12:13:19 +0100] "GET /style.css HTTP/1.1" 200 6554 "http://www.vtsns.edu.rs/" "Mozilla/5.0 (Windows; U; Windows NT 6.1; en-US; rv:1.9.0.15) Gecko/2009101601 Firefox/3.0.15"
          77.46.229.168 - - [16/Nov/2009:12:13:19 +0100] "GET /img/vts.jpg HTTP/1.1" 200 4053 "http://www.vtsns.edu.rs/" "Mozilla/5.0 (Windows; U; Windows NT 6.1; en-US; rv:1.9.0.15) Gecko/2009101601 Firefox/3.0.15"
          77.46.229.168 - - [16/Nov/2009:12:13:19 +0100] "GET /img/copyprint.jpg HTTP/1.1" 200 1662 "http://www.vtsns.edu.rs/" "Mozilla/5.0 (Windows; U; Windows NT 6.1; en-US; rv:1.9.0.15) Gecko/2009101601 Firefox/3.0.15"
          77.46.229.168 - - [16/Nov/2009:12:13:19 +0100] "GET /img/novosti.jpg HTTP/1.1" 200 1161 "http://www.vtsns.edu.rs/" "Mozilla/5.0 (Windows; U; Windows NT 6.1; en-US; rv:1.9.0.15) Gecko/2009101601 Firefox/3.0.15"
          77.46.229.168 - - [16/Nov/2009:12:13:19 +0100] "GET /img/bg.jpg HTTP/1.1" 200 23084 "http://www.vtsns.edu.rs/style.css" "Mozilla/5.0 (Windows; U; Windows NT 6.1; en-US; rv:1.9.0.15) Gecko/2009101601 Firefox/3.0.15"
          77.46.229.168 - - [16/Nov/2009:12:13:19 +0100] "GET /img/head2.jpg HTTP/1.1" 200 74512 "http://www.vtsns.edu.rs/" "Mozilla/5.0 (Windows; U; Windows NT 6.1; en-US; rv:1.9.0.15) Gecko/2009101601 Firefox/3.0.15"
          77.46.229.168 - - [16/Nov/2009:12:13:21 +0100] "GET /favicon.ico HTTP/1.1" 404 - "-" "Mozilla/5.0 (Windows; U; Windows NT 6.1; en-US; rv:1.9.0.15) Gecko/2009101601 Firefox/3.0.15"
          77.46.229.168 - - [16/Nov/2009:12:13:22 +0100] "GET /oglasna.php HTTP/1.1" 200 4545 "http://www.vtsns.edu.rs/" "Mozilla/5.0 (Windows; U; Windows NT 6.1; en-US; rv:1.9.0.15) Gecko/2009101601 Firefox/3.0.15"
          77.46.229.168 - - [16/Nov/2009:12:13:23 +0100] "GET /img/oglasna.jpg HTTP/1.1" 200 1832 "http://www.vtsns.edu.rs/oglasna.php" "Mozilla/5.0 (Windows; U; Windows NT 6.1; en-US; rv:1.9.0.15) Gecko/2009101601 Firefox/3.0.15"
          77.46.229.168 - - [16/Nov/2009:12:13:23 +0100] "GET /img/head6.jpg HTTP/1.1" 200 26425 "http://www.vtsns.edu.rs/oglasna.php" "Mozilla/5.0 (Windows; U; Windows NT 6.1; en-US; rv:1.9.0.15) Gecko/2009101601 Firefox/3.0.15"
          77.46.229.168 - - [16/Nov/2009:12:13:24 +0100] "GET /favicon.ico HTTP/1.1" 404 - "-" "Mozilla/5.0 (Windows; U; Windows NT 6.1; en-US; rv:1.9.0.15) Gecko/2009101601 Firefox/3.0.15"
          77.46.229.168 - - [16/Nov/2009:12:13:24 +0100] "GET /favicon.ico HTTP/1.1" 404 - "-" "Mozilla/5.0 (Windows; U; Windows NT 6.1; en-US; rv:1.9.0.15) Gecko/2009101601 Firefox/3.0.15"
          93.86.166.97 - - [16/Nov/2009:12:13:47 +0100] "GET /oglasna.php HTTP/1.1" 200 4545 "http://www.vtsns.edu.rs/specijalisticke.php" "Mozilla/5.0 (Windows; U; Windows NT 5.1; en-US; rv:1.9.0.15) Gecko/2009101601 Firefox/3.0.15"
          77.46.229.168 - - [16/Nov/2009:12:13:47 +0100] "GET /ispit_rezultati.php HTTP/1.1" 200 5740 "http://www.vtsns.edu.rs/oglasna.php" "Mozilla/5.0 (Windows; U; Windows NT 6.1; en-US; rv:1.9.0.15) Gecko/2009101601 Firefox/3.0.15"
          93.86.166.97 - - [16/Nov/2009:12:13:48 +0100] "GET /img/oglasna.jpg HTTP/1.1" 200 1832 "http://www.vtsns.edu.rs/oglasna.php" "Mozilla/5.0 (Windows; U; Windows NT 5.1; en-US; rv:1.9.0.15) Gecko/2009101601 Firefox/3.0.15"
          77.46.229.168 - - [16/Nov/2009:12:13:48 +0100] "GET /img/ispit_rezultati.jpg HTTP/1.1" 200 1947 "http://www.vtsns.edu.rs/ispit_rezultati.php" "Mozilla/5.0 (Windows; U; Windows NT 6.1; en-US; rv:1.9.0.15) Gecko/2009101601 Firefox/3.0.15"
          77.46.229.168 - - [16/Nov/2009:12:13:48 +0100] "GET /img/head5.jpg HTTP/1.1" 200 23689 "http://www.vtsns.edu.rs/ispit_rezultati.php" "Mozilla/5.0 (Windows; U; Windows NT 6.1; en-US; rv:1.9.0.15) Gecko/2009101601 Firefox/3.0.15"
          93.86.166.97 - - [16/Nov/2009:12:13:48 +0100] "GET /img/head6.jpg HTTP/1.1" 200 26425 "http://www.vtsns.edu.rs/oglasna.php" "Mozilla/5.0 (Windows; U; Windows NT 5.1; en-US; rv:1.9.0.15) Gecko/2009101601 Firefox/3.0.15"
          77.46.229.168 - - [16/Nov/2009:12:13:58 +0100] "GET /Rez%20Oct09%20OOP.doc HTTP/1.1" 200 25088 "http://www.vtsns.edu.rs/ispit_rezultati.php" "Mozilla/5.0 (Windows; U; Windows NT 6.1; en-US; rv:1.9.0.15) Gecko/2009101601 Firefox/3.0.15"
          95.155.62.58 - - [16/Nov/2009:12:14:05 +0100] "GET / HTTP/1.1" 200 3669 "-" "Mozilla/4.0 (compatible; MSIE 6.0; Windows NT 5.1; SV1)"
          95.155.62.58 - - [16/Nov/2009:12:14:07 +0100] "GET /style.css HTTP/1.1" 200 6554 "http://www.vtsns.edu.rs/" "Mozilla/4.0 (compatible; MSIE 6.0; Windows NT 5.1; SV1)"
          95.155.62.58 - - [16/Nov/2009:12:14:07 +0100] "GET /img/vts.jpg HTTP/1.1" 200 4053 "http://www.vtsns.edu.rs/" "Mozilla/4.0 (compatible; MSIE 6.0; Windows NT 5.1; SV1)"
          95.155.62.58 - - [16/Nov/2009:12:14:07 +0100] "GET /img/copyprint.jpg HTTP/1.1" 200 1662 "http://www.vtsns.edu.rs/" "Mozilla/4.0 (compatible; MSIE 6.0; Windows NT 5.1; SV1)"
          95.155.62.58 - - [16/Nov/2009:12:14:07 +0100] "GET /img/novosti.jpg HTTP/1.1" 200 1161 "http://www.vtsns.edu.rs/" "Mozilla/4.0 (compatible; MSIE 6.0; Windows NT 5.1; SV1)"
          95.155.62.58 - - [16/Nov/2009:12:14:08 +0100] "GET /img/bg.jpg HTTP/1.1" 200 23084 "http://www.vtsns.edu.rs/" "Mozilla/4.0 (compatible; MSIE 6.0; Windows NT 5.1; SV1)"
          95.155.62.58 - - [16/Nov/2009:12:14:07 +0100] "GET /img/head2.jpg HTTP/1.1" 200 74512 "http://www.vtsns.edu.rs/" "Mozilla/4.0 (compatible; MSIE 6.0; Windows NT 5.1; SV1)"
          95.155.62.58 - - [16/Nov/2009:12:14:16 +0100] "GET /ispit_rezultati.php HTTP/1.1" 200 5740 "http://www.vtsns.edu.rs/" "Mozilla/4.0 (compatible; MSIE 6.0; Windows NT 5.1; SV1)"
          95.155.62.58 - - [16/Nov/2009:12:14:17 +0100] "GET /img/ispit_rezultati.jpg HTTP/1.1" 200 1947 "http://www.vtsns.edu.rs/ispit_rezultati.php" "Mozilla/4.0 (compatible; MSIE 6.0; Windows NT 5.1; SV1)"
          95.155.62.58 - - [16/Nov/2009:12:14:17 +0100] "GET /img/head5.jpg HTTP/1.1" 200 23689 "http://www.vtsns.edu.rs/ispit_rezultati.php" "Mozilla/4.0 (compatible; MSIE 6.0; Windows NT 5.1; SV1)"
          93.86.166.97 - - [16/Nov/2009:12:14:17 +0100] "GET /cenovnik%202009-2010.doc HTTP/1.1" 200 97280 "http://www.vtsns.edu.rs/oglasna.php" "Mozilla/5.0 (Windows; U; Windows NT 5.1; en-US; rv:1.9.0.15) Gecko/2009101601 Firefox/3.0.15"
          79.175.111.83 - - [16/Nov/2009:12:14:22 +0100] "GET / HTTP/1.1" 200 3669 "-" "Mozilla/5.0 (Windows; U; Windows NT 5.1; en-US; rv:1.9.1) Gecko/20090624 Firefox/3.5"
          93.87.158.241 - - [16/Nov/2009:12:14:26 +0100] "GET /favicon.ico HTTP/1.1" 404 - "-" "Mozilla/5.0 (Windows; U; Windows NT 5.1; en-US; rv:1.9.1.5) Gecko/20091102 Firefox/3.5.5"
          93.86.166.97 - - [16/Nov/2009:12:14:39 +0100] "GET /img/upis_prva.jpg HTTP/1.1" 200 2484 "http://www.vtsns.edu.rs/upis_prva.php" "Mozilla/5.0 (Windows; U; Windows NT 5.1; en-US; rv:1.9.0.15) Gecko/2009101601 Firefox/3.0.15"
          93.86.166.97 - - [16/Nov/2009:12:14:39 +0100] "GET /img/head4.jpg HTTP/1.1" 200 23711 "http://www.vtsns.edu.rs/upis_prva.php" "Mozilla/5.0 (Windows; U; Windows NT 5.1; en-US; rv:1.9.0.15) Gecko/2009101601 Firefox/3.0.15"
          93.86.166.97 - - [16/Nov/2009:12:14:41 +0100] "GET /img/top.jpg HTTP/1.1" 200 485 "http://www.vtsns.edu.rs/upis_prva.php" "Mozilla/5.0 (Windows; U; Windows NT 5.1; en-US; rv:1.9.0.15) Gecko/2009101601 Firefox/3.0.15"
          77.46.181.77 - - [16/Nov/2009:12:14:43 +0100] "GET / HTTP/1.1" 200 3669 "http://www.google.com/search?client=firefox-a&rls=org.mozilla%3Aen-US%3Aofficial&channel=s&hl=sh&source=hp&q=www%2Cvtssa.edu.yu&lr=&btnG=Google+pretraga" "Mozilla/5.0 (Windows; U; Windows NT 5.1; en-US; rv:1.9.0.15) Gecko/2009101601 Firefox/3.0.15"
          95.155.62.58 - - [16/Nov/2009:12:14:44 +0100] "GET /rezultati_ispita.php?page=1 HTTP/1.1" 404 - "http://www.vtsns.edu.rs/ispit_rezultati.php" "Mozilla/4.0 (compatible; MSIE 6.0; Windows NT 5.1; SV1)"
          95.155.62.58 - - [16/Nov/2009:12:14:44 +0100] "GET /rezultati_ispita.php?page=1 HTTP/1.1" 404 - "-" "mAgent"
          93.86.166.97 - - [16/Nov/2009:12:14:38 +0100] "GET /upis_prva.php HTTP/1.1" 200 168171 "http://www.vtsns.edu.rs/oglasna.php" "Mozilla/5.0 (Windows; U; Windows NT 5.1; en-US; rv:1.9.0.15) Gecko/2009101601 Firefox/3.0.15"
          95.155.62.58 - - [16/Nov/2009:12:16:24 +0100] "GET /rezultati_ispita.php?page=1 HTTP/1.1" 404 - "http://www.vtsns.edu.rs/ispit_rezultati.php" "Mozilla/4.0 (compatible; MSIE 6.0; Windows NT 5.1; SV1)"
          95.155.62.58 - - [16/Nov/2009:12:16:25 +0100] "GET /rezultati_ispita.php?page=1 HTTP/1.1" 404 - "-" "mAgent"
          95.155.62.58 - - [16/Nov/2009:12:16:53 +0100] "GET / HTTP/1.1" 200 3669 "http://us.yhs.search.yahoo.com/avg/search?p=vtsns+edu&type=yahoo_avg_hs2-tb-web_us&fr=yhs-avg" "Mozilla/4.0 (compatible; MSIE 6.0; Windows NT 5.1; SV1)"
          89.216.68.130 - - [16/Nov/2009:12:17:04 +0100] "GET / HTTP/1.0" 200 3669 "http://www.google.rs/search?hl=sr&q=visoka+tehnicka+skola+novi+sad&btnG=%D0%9F%D1%80%D0%B5%D1%82%D1%80%D0%B0%D0%B6%D0%B8&meta=cr%3DcountryYU%7CcountryRS&aq=f&oq=" "Mozilla/4.0 (compatible; MSIE 8.0; Windows NT 5.1; Trident/4.0; .NET CLR 2.0.50727; InfoPath.1; .NET CLR 3.0.4506.2152; .NET CLR 3.5.30729)"
          89.216.68.130 - - [16/Nov/2009:12:17:05 +0100] "GET /style.css HTTP/1.0" 304 - "http://www.vtsns.edu.rs/" "Mozilla/4.0 (compatible; MSIE 8.0; Windows NT 5.1; Trident/4.0; .NET CLR 2.0.50727; InfoPath.1; .NET CLR 3.0.4506.2152; .NET CLR 3.5.30729)"
          89.216.68.130 - - [16/Nov/2009:12:17:05 +0100] "GET /img/vts.jpg HTTP/1.0" 304 - "http://www.vtsns.edu.rs/" "Mozilla/4.0 (compatible; MSIE 8.0; Windows NT 5.1; Trident/4.0; .NET CLR 2.0.50727; InfoPath.1; .NET CLR 3.0.4506.2152; .NET CLR 3.5.30729)"
          89.216.68.130 - - [16/Nov/2009:12:17:05 +0100] "GET /img/copyprint.jpg HTTP/1.0" 304 - "http://www.vtsns.edu.rs/" "Mozilla/4.0 (compatible; MSIE 8.0; Windows NT 5.1; Trident/4.0; .NET CLR 2.0.50727; InfoPath.1; .NET CLR 3.0.4506.2152; .NET CLR 3.5.30729)"
          89.216.68.130 - - [16/Nov/2009:12:17:05 +0100] "GET /img/novosti.jpg HTTP/1.0" 304 - "http://www.vtsns.edu.rs/" "Mozilla/4.0 (compatible; MSIE 8.0; Windows NT 5.1; Trident/4.0; .NET CLR 2.0.50727; InfoPath.1; .NET CLR 3.0.4506.2152; .NET CLR 3.5.30729)"
          89.216.68.130 - - [16/Nov/2009:12:17:05 +0100] "GET /img/head2.jpg HTTP/1.0" 304 - "http://www.vtsns.edu.rs/" "Mozilla/4.0 (compatible; MSIE 8.0; Windows NT 5.1; Trident/4.0; .NET CLR 2.0.50727; InfoPath.1; .NET CLR 3.0.4506.2152; .NET CLR 3.5.30729)"
          95.155.62.58 - - [16/Nov/2009:12:17:05 +0100] "GET /ispit_rezultati.php HTTP/1.1" 200 5740 "http://www.vtsns.edu.rs/" "Mozilla/4.0 (compatible; MSIE 6.0; Windows NT 5.1; SV1)"
          89.216.68.130 - - [16/Nov/2009:12:17:05 +0100] "GET /img/bg.jpg HTTP/1.0" 304 - "http://www.vtsns.edu.rs/" "Mozilla/4.0 (compatible; MSIE 8.0; Windows NT 5.1; Trident/4.0; .NET CLR 2.0.50727; InfoPath.1; .NET CLR 3.0.4506.2152; .NET CLR 3