147.91.173.31 - - [16/Nov/2009:00:02:23 +0100] "GET / HTTP/1.0" 200 3669 "-" "Mozilla/5.0 (Windows; U; Windows NT 5.1; sr; rv:1.9.1.5) Gecko/20091102 Firefox/3.5.5"
147.91.173.31 - - [16/Nov/2009:00:02:24 +0100] "GET /style.css HTTP/1.0" 200 6554 "http://www.vtsns.edu.rs/" "Mozilla/5.0 (Windows; U; Windows NT 5.1; sr; rv:1.9.1.5) Gecko/20091102 Firefox/3.5.5"
147.91.173.31 - - [16/Nov/2009:00:02:24 +0100] "GET /img/vts.jpg HTTP/1.0" 200 4053 "http://www.vtsns.edu.rs/" "Mozilla/5.0 (Windows; U; Windows NT 5.1; sr; rv:1.9.1.5) Gecko/20091102 Firefox/3.5.5"
147.91.173.31 - - [16/Nov/2009:00:02:24 +0100] "GET /img/copyprint.jpg HTTP/1.0" 200 1662 "http://www.vtsns.edu.rs/" "Mozilla/5.0 (Windows; U; Windows NT 5.1; sr; rv:1.9.1.5) Gecko/20091102 Firefox/3.5.5"
147.91.173.31 - - [16/Nov/2009:00:02:24 +0100] "GET /img/novosti.jpg HTTP/1.0" 200 1161 "http://www.vtsns.edu.rs/" "Mozilla/5.0 (Windows; U; Windows NT 5.1; sr; rv:1.9.1.5) Gecko/20091102 Firefox/3.5.5"
147.91.173.31 - - [16/Nov/2009:00:02:24 +0100] "GET /img/head2.jpg HTTP/1.0" 200 74512 "http://www.vtsns.edu.rs/" "Mozilla/5.0 (Windows; U; Windows NT 5.1; sr; rv:1.9.1.5) Gecko/20091102 Firefox/3.5.5"
147.91.173.31 - - [16/Nov/2009:00:02:24 +0100] "GET /img/bg.jpg HTTP/1.0" 200 23084 "http://www.vtsns.edu.rs/style.css" "Mozilla/5.0 (Windows; U; Windows NT 5.1; sr; rv:1.9.1.5) Gecko/20091102 Firefox/3.5.5"
147.91.173.31 - - [16/Nov/2009:00:02:25 +0100] "GET /favicon.ico HTTP/1.0" 404 - "-" "Mozilla/5.0 (Windows; U; Windows NT 5.1; sr; rv:1.9.1.5) Gecko/20091102 Firefox/3.5.5"
147.91.173.31 - - [16/Nov/2009:00:02:28 +0100] "GET /konsultacije.php HTTP/1.0" 200 2822 "http://www.vtsns.edu.rs/" "Mozilla/5.0 (Windows; U; Windows NT 5.1; sr; rv:1.9.1.5) Gecko/20091102 Firefox/3.5.5"
147.91.173.31 - - [16/Nov/2009:00:02:28 +0100] "GET /img/head5.jpg HTTP/1.0" 200 23689 "http://www.vtsns.edu.rs/konsultacije.php" "Mozilla/5.0 (Windows; U; Windows NT 5.1; sr; rv:1.9.1.5) Gecko/20091102 Firefox/3.5.5"
147.91.173.31 - - [16/Nov/2009:00:02:28 +0100] "GET /img/konsultacije.jpg HTTP/1.0" 200 2567 "http://www.vtsns.edu.rs/konsultacije.php" "Mozilla/5.0 (Windows; U; Windows NT 5.1; sr; rv:1.9.1.5) Gecko/20091102 Firefox/3.5.5"
147.91.173.31 - - [16/Nov/2009:00:02:31 +0100] "GET /konsultacije.doc HTTP/1.0" 200 117760 "http://www.vtsns.edu.rs/konsultacije.php" "Mozilla/5.0 (Windows; U; Windows NT 5.1; sr; rv:1.9.1.5) Gecko/20091102 Firefox/3.5.5"
147.91.173.31 - - [16/Nov/2009:00:02:51 +0100] "GET /vesti.php HTTP/1.0" 200 3367 "http://www.vtsns.edu.rs/konsultacije.php" "Mozilla/5.0 (Windows; U; Windows NT 5.1; sr; rv:1.9.1.5) Gecko/20091102 Firefox/3.5.5"
147.91.173.31 - - [16/Nov/2009:00:02:52 +0100] "GET /img/vesti.jpg HTTP/1.0" 200 1503 "http://www.vtsns.edu.rs/vesti.php" "Mozilla/5.0 (Windows; U; Windows NT 5.1; sr; rv:1.9.1.5) Gecko/20091102 Firefox/3.5.5"
147.91.173.31 - - [16/Nov/2009:00:02:52 +0100] "GET /img/head3.jpg HTTP/1.0" 200 28679 "http://www.vtsns.edu.rs/vesti.php" "Mozilla/5.0 (Windows; U; Windows NT 5.1; sr; rv:1.9.1.5) Gecko/20091102 Firefox/3.5.5"
147.91.173.31 - - [16/Nov/2009:00:03:06 +0100] "GET /oglasna.php HTTP/1.0" 200 4545 "http://www.vtsns.edu.rs/vesti.php" "Mozilla/5.0 (Windows; U; Windows NT 5.1; sr; rv:1.9.1.5) Gecko/20091102 Firefox/3.5.5"
147.91.173.31 - - [16/Nov/2009:00:03:07 +0100] "GET /img/oglasna.jpg HTTP/1.0" 200 1832 "http://www.vtsns.edu.rs/oglasna.php" "Mozilla/5.0 (Windows; U; Windows NT 5.1; sr; rv:1.9.1.5) Gecko/20091102 Firefox/3.5.5"
147.91.173.31 - - [16/Nov/2009:00:03:07 +0100] "GET /img/head6.jpg HTTP/1.0" 200 26425 "http://www.vtsns.edu.rs/oglasna.php" "Mozilla/5.0 (Windows; U; Windows NT 5.1; sr; rv:1.9.1.5) Gecko/20091102 Firefox/3.5.5"
147.91.173.31 - - [16/Nov/2009:00:03:12 +0100] "GET /ispit_rezultati.php HTTP/1.0" 200 5740 "http://www.vtsns.edu.rs/oglasna.php" "Mozilla/5.0 (Windows; U; Windows NT 5.1; sr; rv:1.9.1.5) Gecko/20091102 Firefox/3.5.5"
147.91.173.31 - - [16/Nov/2009:00:03:13 +0100] "GET /img/ispit_rezultati.jpg HTTP/1.0" 200 1947 "http://www.vtsns.edu.rs/ispit_rezultati.php" "Mozilla/5.0 (Windows; U; Windows NT 5.1; sr; rv:1.9.1.5) Gecko/20091102 Firefox/3.5.5"
79.101.252.213 - - [16/Nov/2009:00:03:18 +0100] "GET /favicon.ico HTTP/1.1" 404 - "http://www.vtsns.edu.rs/studije.php" "Opera/9.80 (Windows NT 5.1; U; en) Presto/2.2.15 Version/10.01"
94.189.222.158 - - [16/Nov/2009:00:03:26 +0100] "GET /favicon.ico HTTP/1.1" 404 - "-" "Mozilla/4.0 (compatible; GoogleToolbar 6.2.1910.1554; Windows 6.1; MSIE 8.0.7600.16385)"
94.189.222.158 - - [16/Nov/2009:00:03:32 +0100] "GET /favicon.ico HTTP/1.1" 404 - "-" "Mozilla/4.0 (compatible; GoogleToolbar 6.2.1910.1554; Windows 6.1; MSIE 8.0.7600.16385)"
147.91.173.31 - - [16/Nov/2009:00:03:32 +0100] "GET /raspored_predavanja.php HTTP/1.0" 200 8527 "http://www.vtsns.edu.rs/ispit_rezultati.php" "Mozilla/5.0 (Windows; U; Windows NT 5.1; sr; rv:1.9.1.5) Gecko/20091102 Firefox/3.5.5"
147.91.173.31 - - [16/Nov/2009:00:03:41 +0100] "GET /Primenjena%20fotografija_III.doc HTTP/1.0" 200 49664 "http://www.vtsns.edu.rs/raspored_predavanja.php" "Mozilla/5.0 (Windows; U; Windows NT 5.1; sr; rv:1.9.1.5) Gecko/20091102 Firefox/3.5.5"
147.91.173.31 - - [16/Nov/2009:00:03:54 +0100] "GET /konsultacije.php HTTP/1.0" 200 2822 "http://www.vtsns.edu.rs/raspored_predavanja.php" "Mozilla/5.0 (Windows; U; Windows NT 5.1; sr; rv:1.9.1.5) Gecko/20091102 Firefox/3.5.5"
147.91.173.31 - - [16/Nov/2009:00:04:03 +0100] "GET /ispit_raspored_god.php HTTP/1.0" 200 4074 "http://www.vtsns.edu.rs/raspored_predavanja.php" "Mozilla/5.0 (Windows; U; Windows NT 5.1; sr; rv:1.9.1.5) Gecko/20091102 Firefox/3.5.5"
147.91.173.31 - - [16/Nov/2009:00:04:19 +0100] "GET /smerovi.php HTTP/1.0" 200 7046 "http://www.vtsns.edu.rs/raspored_predavanja.php" "Mozilla/5.0 (Windows; U; Windows NT 5.1; sr; rv:1.9.1.5) Gecko/20091102 Firefox/3.5.5"
147.91.173.31 - - [16/Nov/2009:00:04:20 +0100] "GET /img/smer.jpg HTTP/1.0" 200 2080 "http://www.vtsns.edu.rs/smerovi.php" "Mozilla/5.0 (Windows; U; Windows NT 5.1; sr; rv:1.9.1.5) Gecko/20091102 Firefox/3.5.5"
147.91.173.31 - - [16/Nov/2009:00:04:20 +0100] "GET /img/head7.jpg HTTP/1.0" 200 23167 "http://www.vtsns.edu.rs/smerovi.php" "Mozilla/5.0 (Windows; U; Windows NT 5.1; sr; rv:1.9.1.5) Gecko/20091102 Firefox/3.5.5"
188.2.176.146 - - [16/Nov/2009:00:06:10 +0100] "GET / HTTP/1.1" 200 3669 "http://www.google.com/search?client=firefox-a&rls=org.mozilla%3Ahu%3Aofficial&channel=s&hl=hu&source=hp&q=vtsns&lr=&btnG=Google+keres%C3%A9s" "Mozilla/5.0 (Windows; U; Windows NT 5.1; hu; rv:1.9.0.15) Gecko/2009101601 Firefox/3.0.15"
188.2.176.146 - - [16/Nov/2009:00:06:11 +0100] "GET /style.css HTTP/1.1" 200 6554 "http://www.vtsns.edu.rs/" "Mozilla/5.0 (Windows; U; Windows NT 5.1; hu; rv:1.9.0.15) Gecko/2009101601 Firefox/3.0.15"
188.2.176.146 - - [16/Nov/2009:00:06:11 +0100] "GET /img/novosti.jpg HTTP/1.1" 200 1161 "http://www.vtsns.edu.rs/" "Mozilla/5.0 (Windows; U; Windows NT 5.1; hu; rv:1.9.0.15) Gecko/2009101601 Firefox/3.0.15"
188.2.176.146 - - [16/Nov/2009:00:06:11 +0100] "GET /img/vts.jpg HTTP/1.1" 200 4053 "http://www.vtsns.edu.rs/" "Mozilla/5.0 (Windows; U; Windows NT 5.1; hu; rv:1.9.0.15) Gecko/2009101601 Firefox/3.0.15"
188.2.176.146 - - [16/Nov/2009:00:06:11 +0100] "GET /img/copyprint.jpg HTTP/1.1" 200 1662 "http://www.vtsns.edu.rs/" "Mozilla/5.0 (Windows; U; Windows NT 5.1; hu; rv:1.9.0.15) Gecko/2009101601 Firefox/3.0.15"
188.2.176.146 - - [16/Nov/2009:00:06:11 +0100] "GET /img/bg.jpg HTTP/1.1" 200 23084 "http://www.vtsns.edu.rs/style.css" "Mozilla/5.0 (Windows; U; Windows NT 5.1; hu; rv:1.9.0.15) Gecko/2009101601 Firefox/3.0.15"
188.2.176.146 - - [16/Nov/2009:00:06:11 +0100] "GET /img/head2.jpg HTTP/1.1" 200 74512 "http://www.vtsns.edu.rs/" "Mozilla/5.0 (Windows; U; Windows NT 5.1; hu; rv:1.9.0.15) Gecko/2009101601 Firefox/3.0.15"
188.2.176.146 - - [16/Nov/2009:00:06:13 +0100] "GET /favicon.ico HTTP/1.1" 404 - "-" "Mozilla/5.0 (Windows; U; Windows NT 5.1; hu; rv:1.9.0.15) Gecko/2009101601 Firefox/3.0.15"
188.2.176.146 - - [16/Nov/2009:00:06:14 +0100] "GET /oglasna.php HTTP/1.1" 200 4545 "http://www.vtsns.edu.rs/" "Mozilla/5.0 (Windows; U; Windows NT 5.1; hu; rv:1.9.0.15) Gecko/2009101601 Firefox/3.0.15"
188.2.176.146 - - [16/Nov/2009:00:06:15 +0100] "GET /img/oglasna.jpg HTTP/1.1" 200 1832 "http://www.vtsns.edu.rs/oglasna.php" "Mozilla/5.0 (Windows; U; Windows NT 5.1; hu; rv:1.9.0.15) Gecko/2009101601 Firefox/3.0.15"
188.2.176.146 - - [16/Nov/2009:00:06:15 +0100] "GET /img/head6.jpg HTTP/1.1" 200 26425 "http://www.vtsns.edu.rs/oglasna.php" "Mozilla/5.0 (Windows; U; Windows NT 5.1; hu; rv:1.9.0.15) Gecko/2009101601 Firefox/3.0.15"
188.2.176.146 - - [16/Nov/2009:00:06:18 +0100] "GET /favicon.ico HTTP/1.1" 404 - "-" "Mozilla/5.0 (Windows; U; Windows NT 5.1; hu; rv:1.9.0.15) Gecko/2009101601 Firefox/3.0.15"
188.2.176.146 - - [16/Nov/2009:00:06:18 +0100] "GET /favicon.ico HTTP/1.1" 404 - "-" "Mozilla/5.0 (Windows; U; Windows NT 5.1; hu; rv:1.9.0.15) Gecko/2009101601 Firefox/3.0.15"
147.91.173.31 - - [16/Nov/2009:00:06:57 +0100] "GET /nastavno_osoblje.php HTTP/1.0" 200 19571 "http://www.google.com/search?hl=sr&client=firefox-a&rls=org.mozilla%3Asr%3Aofficial&hs=4eo&q=%D0%A0%D0%BE%D0%B1%D0%B5%D1%80%D1%82+%D0%A4%D0%B0%D1%80%D0%BA%D0%B0%D1%88+visoka+tehnicka&btnG=%D0%9F%D1%80%D0%B5%D1%82%D1%80%D0%B0%D0%B6%D0%B8&lr=&aq=f&oq=" "Mozilla/5.0 (Windows; U; Windows NT 5.1; sr; rv:1.9.1.5) Gecko/20091102 Firefox/3.5.5"
147.91.173.31 - - [16/Nov/2009:00:06:58 +0100] "GET /img/nastavno.jpg HTTP/1.0" 200 1874 "http://www.vtsns.edu.rs/nastavno_osoblje.php" "Mozilla/5.0 (Windows; U; Windows NT 5.1; sr; rv:1.9.1.5) Gecko/20091102 Firefox/3.5.5"
147.91.173.31 - - [16/Nov/2009:00:07:28 +0100] "GET /profesor.php?id=12 HTTP/1.0" 200 5975 "http://www.vtsns.edu.rs/nastavno_osoblje.php" "Mozilla/5.0 (Windows; U; Windows NT 5.1; sr; rv:1.9.1.5) Gecko/20091102 Firefox/3.5.5"
147.91.173.31 - - [16/Nov/2009:00:07:58 +0100] "GET /profesor.php?id=16 HTTP/1.0" 200 5772 "http://www.vtsns.edu.rs/nastavno_osoblje.php" "Mozilla/5.0 (Windows; U; Windows NT 5.1; sr; rv:1.9.1.5) Gecko/20091102 Firefox/3.5.5"
147.91.173.31 - - [16/Nov/2009:00:08:13 +0100] "GET /nastavno_osoblje.php HTTP/1.0" 200 19571 "http://www.vtsns.edu.rs/profesor.php?id=16" "Mozilla/5.0 (Windows; U; Windows NT 5.1; sr; rv:1.9.1.5) Gecko/20091102 Firefox/3.5.5"
147.91.173.31 - - [16/Nov/2009:00:08:21 +0100] "GET /profesor.php?id=39 HTTP/1.0" 200 6204 "http://www.vtsns.edu.rs/nastavno_osoblje.php" "Mozilla/5.0 (Windows; U; Windows NT 5.1; sr; rv:1.9.1.5) Gecko/20091102 Firefox/3.5.5"
147.91.173.31 - - [16/Nov/2009:00:08:29 +0100] "GET /profesor.php?id=12 HTTP/1.0" 200 5975 "http://www.vtsns.edu.rs/nastavno_osoblje.php" "Mozilla/5.0 (Windows; U; Windows NT 5.1; sr; rv:1.9.1.5) Gecko/20091102 Firefox/3.5.5"
147.91.173.31 - - [16/Nov/2009:00:08:31 +0100] "GET /profesor.php?id=26 HTTP/1.0" 200 5907 "http://www.vtsns.edu.rs/nastavno_osoblje.php" "Mozilla/5.0 (Windows; U; Windows NT 5.1; sr; rv:1.9.1.5) Gecko/20091102 Firefox/3.5.5"
147.91.173.31 - - [16/Nov/2009:00:08:33 +0100] "GET /profesor.php?id=46 HTTP/1.0" 200 6152 "http://www.vtsns.edu.rs/nastavno_osoblje.php" "Mozilla/5.0 (Windows; U; Windows NT 5.1; sr; rv:1.9.1.5) Gecko/20091102 Firefox/3.5.5"
147.91.173.31 - - [16/Nov/2009:00:08:41 +0100] "GET /profesor.php?id=70 HTTP/1.0" 200 5435 "http://www.vtsns.edu.rs/nastavno_osoblje.php" "Mozilla/5.0 (Windows; U; Windows NT 5.1; sr; rv:1.9.1.5) Gecko/20091102 Firefox/3.5.5"
147.91.173.31 - - [16/Nov/2009:00:08:46 +0100] "GET /profesor.php?id=30 HTTP/1.0" 200 5858 "http://www.vtsns.edu.rs/nastavno_osoblje.php" "Mozilla/5.0 (Windows; U; Windows NT 5.1; sr; rv:1.9.1.5) Gecko/20091102 Firefox/3.5.5"
77.239.68.36 - - [16/Nov/2009:00:08:47 +0100] "GET / HTTP/1.1" 200 3669 "http://www.google.ba/search?hl=bs&q=www.vtsns.edu.yu&btnG=Google+pretraga&meta=&fp=6b06a2bc4766f0b3" "Mozilla/5.0 (Windows; U; Windows NT 5.1; en-US; rv:1.9.0.15) Gecko/2009101601 Firefox/3.0.15"
77.239.68.36 - - [16/Nov/2009:00:08:48 +0100] "GET / HTTP/1.1" 200 3669 "http://www.google.ba/url?sa=t&source=web&ct=res&cd=1&ved=0CAcQFjAA&url=http%3A%2F%2Fvtsns.edu.yu%2F&rct=j&q=www.vtsns.edu.yu&ei=A4oAS-zpHdGksAa_n_2YDA&usg=AFQjCNGuocZnfANaPKH-tpZMoSVvKVnJCg" "Mozilla/5.0 (Windows; U; Windows NT 5.1; en-US; rv:1.9.0.15) Gecko/2009101601 Firefox/3.0.15"
77.239.68.36 - - [16/Nov/2009:00:08:48 +0100] "GET /style.css HTTP/1.1" 200 6554 "http://www.vtsns.edu.rs/" "Mozilla/5.0 (Windows; U; Windows NT 5.1; en-US; rv:1.9.0.15) Gecko/2009101601 Firefox/3.0.15"
77.239.68.36 - - [16/Nov/2009:00:08:48 +0100] "GET /img/novosti.jpg HTTP/1.1" 200 1161 "http://www.vtsns.edu.rs/" "Mozilla/5.0 (Windows; U; Windows NT 5.1; en-US; rv:1.9.0.15) Gecko/2009101601 Firefox/3.0.15"
77.239.68.36 - - [16/Nov/2009:00:08:49 +0100] "GET /img/vts.jpg HTTP/1.1" 200 4053 "http://www.vtsns.edu.rs/" "Mozilla/5.0 (Windows; U; Windows NT 5.1; en-US; rv:1.9.0.15) Gecko/2009101601 Firefox/3.0.15"
77.239.68.36 - - [16/Nov/2009:00:08:49 +0100] "GET /img/copyprint.jpg HTTP/1.1" 200 1662 "http://www.vtsns.edu.rs/" "Mozilla/5.0 (Windows; U; Windows NT 5.1; en-US; rv:1.9.0.15) Gecko/2009101601 Firefox/3.0.15"
77.239.68.36 - - [16/Nov/2009:00:08:49 +0100] "GET /img/bg.jpg HTTP/1.1" 200 23084 "http://www.vtsns.edu.rs/style.css" "Mozilla/5.0 (Windows; U; Windows NT 5.1; en-US; rv:1.9.0.15) Gecko/2009101601 Firefox/3.0.15"
77.239.68.36 - - [16/Nov/2009:00:08:49 +0100] "GET /img/head2.jpg HTTP/1.1" 200 74512 "http://www.vtsns.edu.rs/" "Mozilla/5.0 (Windows; U; Windows NT 5.1; en-US; rv:1.9.0.15) Gecko/2009101601 Firefox/3.0.15"
77.239.68.36 - - [16/Nov/2009:00:08:50 +0100] "GET /favicon.ico HTTP/1.1" 404 - "-" "Mozilla/5.0 (Windows; U; Windows NT 5.1; en-US; rv:1.9.0.15) Gecko/2009101601 Firefox/3.0.15"
77.239.68.36 - - [16/Nov/2009:00:08:53 +0100] "GET /favicon.ico HTTP/1.1" 404 - "-" "Mozilla/5.0 (Windows; U; Windows NT 5.1; en-US; rv:1.9.0.15) Gecko/2009101601 Firefox/3.0.15"
77.239.68.36 - - [16/Nov/2009:00:08:53 +0100] "GET /oglasna.php HTTP/1.1" 200 4545 "http://www.vtsns.edu.rs/" "Mozilla/5.0 (Windows; U; Windows NT 5.1; en-US; rv:1.9.0.15) Gecko/2009101601 Firefox/3.0.15"
77.239.68.36 - - [16/Nov/2009:00:08:54 +0100] "GET /img/oglasna.jpg HTTP/1.1" 200 1832 "http://www.vtsns.edu.rs/oglasna.php" "Mozilla/5.0 (Windows; U; Windows NT 5.1; en-US; rv:1.9.0.15) Gecko/2009101601 Firefox/3.0.15"
77.239.68.36 - - [16/Nov/2009:00:08:54 +0100] "GET /img/head6.jpg HTTP/1.1" 200 26425 "http://www.vtsns.edu.rs/oglasna.php" "Mozilla/5.0 (Windows; U; Windows NT 5.1; en-US; rv:1.9.0.15) Gecko/2009101601 Firefox/3.0.15"
77.239.68.36 - - [16/Nov/2009:00:08:56 +0100] "GET /ispiti.php HTTP/1.1" 200 3176 "http://www.vtsns.edu.rs/oglasna.php" "Mozilla/5.0 (Windows; U; Windows NT 5.1; en-US; rv:1.9.0.15) Gecko/2009101601 Firefox/3.0.15"
77.239.68.36 - - [16/Nov/2009:00:08:57 +0100] "GET /img/ispiti.jpg HTTP/1.1" 200 826 "http://www.vtsns.edu.rs/ispiti.php" "Mozilla/5.0 (Windows; U; Windows NT 5.1; en-US; rv:1.9.0.15) Gecko/2009101601 Firefox/3.0.15"
77.239.68.36 - - [16/Nov/2009:00:08:57 +0100] "GET /img/head5.jpg HTTP/1.1" 200 23689 "http://www.vtsns.edu.rs/ispiti.php" "Mozilla/5.0 (Windows; U; Windows NT 5.1; en-US; rv:1.9.0.15) Gecko/2009101601 Firefox/3.0.15"
77.239.68.36 - - [16/Nov/2009:00:08:59 +0100] "GET /ispit_raspored_akt.php HTTP/1.1" 200 3893 "http://www.vtsns.edu.rs/ispiti.php" "Mozilla/5.0 (Windows; U; Windows NT 5.1; en-US; rv:1.9.0.15) Gecko/2009101601 Firefox/3.0.15"
77.239.68.36 - - [16/Nov/2009:00:09:00 +0100] "GET /img/ispit_akt.jpg HTTP/1.1" 200 2184 "http://www.vtsns.edu.rs/ispit_raspored_akt.php" "Mozilla/5.0 (Windows; U; Windows NT 5.1; en-US; rv:1.9.0.15) Gecko/2009101601 Firefox/3.0.15"
77.239.68.36 - - [16/Nov/2009:00:09:01 +0100] "GET /Aktuelni%20ispitni%20rok.doc HTTP/1.1" 200 98816 "http://www.vtsns.edu.rs/ispit_raspored_akt.php" "Mozilla/5.0 (Windows; U; Windows NT 5.1; en-US; rv:1.9.0.15) Gecko/2009101601 Firefox/3.0.15"
147.91.173.31 - - [16/Nov/2009:00:10:00 +0100] "GET /nenastavno_osoblje.php HTTP/1.0" 200 5576 "http://www.vtsns.edu.rs/nastavno_osoblje.php" "Mozilla/5.0 (Windows; U; Windows NT 5.1; sr; rv:1.9.1.5) Gecko/20091102 Firefox/3.5.5"
147.91.173.31 - - [16/Nov/2009:00:10:01 +0100] "GET /img/nenastavno.jpg HTTP/1.0" 200 2279 "http://www.vtsns.edu.rs/nenastavno_osoblje.php" "Mozilla/5.0 (Windows; U; Windows NT 5.1; sr; rv:1.9.1.5) Gecko/20091102 Firefox/3.5.5"
147.91.173.31 - - [16/Nov/2009:00:10:10 +0100] "GET /stud_sluzba.php HTTP/1.0" 200 3932 "http://www.vtsns.edu.rs/nenastavno_osoblje.php" "Mozilla/5.0 (Windows; U; Windows NT 5.1; sr; rv:1.9.1.5) Gecko/20091102 Firefox/3.5.5"
79.101.147.164 - - [16/Nov/2009:00:10:21 +0100] "GET / HTTP/1.1" 200 3669 "http://www.google.com/search?q=visa+tehnicka+skola&ie=utf-8&oe=utf-8&aq=t&client=firefox-a&rlz=1R1GGGL_en___RS352" "Mozilla/5.0 (Windows; U; Windows NT 5.1; en-US; rv:1.9.0.15) Gecko/2009101601 Firefox/3.0.15"
147.91.173.31 - - [16/Nov/2009:00:10:42 +0100] "GET /biblioteka.php HTTP/1.0" 200 3538 "http://www.vtsns.edu.rs/nenastavno_osoblje.php" "Mozilla/5.0 (Windows; U; Windows NT 5.1; sr; rv:1.9.1.5) Gecko/20091102 Firefox/3.5.5"
147.91.173.31 - - [16/Nov/2009:00:10:43 +0100] "GET /img/biblioteka.jpg HTTP/1.0" 200 1496 "http://www.vtsns.edu.rs/biblioteka.php" "Mozilla/5.0 (Windows; U; Windows NT 5.1; sr; rv:1.9.1.5) Gecko/20091102 Firefox/3.5.5"
147.91.173.31 - - [16/Nov/2009:00:10:54 +0100] "GET /skriptarnica.php HTTP/1.0" 200 17962 "http://www.vtsns.edu.rs/biblioteka.php" "Mozilla/5.0 (Windows; U; Windows NT 5.1; sr; rv:1.9.1.5) Gecko/20091102 Firefox/3.5.5"
147.91.173.31 - - [16/Nov/2009:00:10:54 +0100] "GET /img/skriptarnica.jpg HTTP/1.0" 200 1659 "http://www.vtsns.edu.rs/skriptarnica.php" "Mozilla/5.0 (Windows; U; Windows NT 5.1; sr; rv:1.9.1.5) Gecko/20091102 Firefox/3.5.5"
82.117.202.158 - - [16/Nov/2009:00:12:13 +0100] "GET / HTTP/1.0" 200 3669 "-" "Mozilla/5.0 (Windows; U; Windows NT 6.1; en-US; rv:1.9.1.5) Gecko/20091102 Firefox/3.5.5"
82.117.202.158 - - [16/Nov/2009:00:12:15 +0100] "GET /favicon.ico HTTP/1.0" 404 - "-" "Mozilla/5.0 (Windows; U; Windows NT 6.1; en-US; rv:1.9.1.5) Gecko/20091102 Firefox/3.5.5"
82.117.202.158 - - [16/Nov/2009:00:12:18 +0100] "GET /oglasna.php HTTP/1.0" 200 4545 "http://www.vtsns.edu.rs/" "Mozilla/5.0 (Windows; U; Windows NT 6.1; en-US; rv:1.9.1.5) Gecko/20091102 Firefox/3.5.5"
82.117.202.158 - - [16/Nov/2009:00:12:22 +0100] "GET /ispiti.php HTTP/1.0" 200 3176 "http://www.vtsns.edu.rs/oglasna.php" "Mozilla/5.0 (Windows; U; Windows NT 6.1; en-US; rv:1.9.1.5) Gecko/20091102 Firefox/3.5.5"
82.117.202.158 - - [16/Nov/2009:00:12:23 +0100] "GET /img/ispiti.jpg HTTP/1.0" 200 826 "http://www.vtsns.edu.rs/ispiti.php" "Mozilla/5.0 (Windows; U; Windows NT 6.1; en-US; rv:1.9.1.5) Gecko/20091102 Firefox/3.5.5"
82.117.202.158 - - [16/Nov/2009:00:12:23 +0100] "GET /img/head5.jpg HTTP/1.0" 200 23689 "http://www.vtsns.edu.rs/ispiti.php" "Mozilla/5.0 (Windows; U; Windows NT 6.1; en-US; rv:1.9.1.5) Gecko/20091102 Firefox/3.5.5"
82.117.202.158 - - [16/Nov/2009:00:12:25 +0100] "GET /ispit_rezultati.php HTTP/1.0" 200 5740 "http://www.vtsns.edu.rs/ispiti.php" "Mozilla/5.0 (Windows; U; Windows NT 6.1; en-US; rv:1.9.1.5) Gecko/20091102 Firefox/3.5.5"
82.117.202.158 - - [16/Nov/2009:00:12:26 +0100] "GET /img/ispit_rezultati.jpg HTTP/1.0" 200 1947 "http://www.vtsns.edu.rs/ispit_rezultati.php" "Mozilla/5.0 (Windows; U; Windows NT 6.1; en-US; rv:1.9.1.5) Gecko/20091102 Firefox/3.5.5"
188.2.176.146 - - [16/Nov/2009:00:13:43 +0100] "GET / HTTP/1.1" 200 3669 "http://www.google.com/search?client=firefox-a&rls=org.mozilla%3Ahu%3Aofficial&channel=s&hl=hu&source=hp&q=vtsns&lr=&btnG=Google+keres%C3%A9s" "Mozilla/5.0 (Windows; U; Windows NT 5.1; hu; rv:1.9.0.15) Gecko/2009101601 Firefox/3.0.15"
79.101.52.1 - - [16/Nov/2009:00:17:39 +0100] "GET / HTTP/1.1" 200 3669 "http://www.google.com/search?q=vtsns&ie=utf-8&oe=utf-8&aq=t&rls=org.mozilla:sr:official&client=firefox-a" "Mozilla/5.0 (Windows; U; Windows NT 5.1; sr; rv:1.9.1.5) Gecko/20091102 Firefox/3.5.5"
79.101.52.1 - - [16/Nov/2009:00:17:39 +0100] "GET /style.css HTTP/1.1" 200 6554 "http://www.vtsns.edu.rs/" "Mozilla/5.0 (Windows; U; Windows NT 5.1; sr; rv:1.9.1.5) Gecko/20091102 Firefox/3.5.5"
79.101.52.1 - - [16/Nov/2009:00:17:40 +0100] "GET /img/vts.jpg HTTP/1.1" 200 4053 "http://www.vtsns.edu.rs/" "Mozilla/5.0 (Windows; U; Windows NT 5.1; sr; rv:1.9.1.5) Gecko/20091102 Firefox/3.5.5"
79.101.52.1 - - [16/Nov/2009:00:17:40 +0100] "GET /img/copyprint.jpg HTTP/1.1" 200 1662 "http://www.vtsns.edu.rs/" "Mozilla/5.0 (Windows; U; Windows NT 5.1; sr; rv:1.9.1.5) Gecko/20091102 Firefox/3.5.5"
79.101.52.1 - - [16/Nov/2009:00:17:40 +0100] "GET /img/novosti.jpg HTTP/1.1" 200 1161 "http://www.vtsns.edu.rs/" "Mozilla/5.0 (Windows; U; Windows NT 5.1; sr; rv:1.9.1.5) Gecko/20091102 Firefox/3.5.5"
79.101.52.1 - - [16/Nov/2009:00:17:40 +0100] "GET /img/bg.jpg HTTP/1.1" 200 23084 "http://www.vtsns.edu.rs/style.css" "Mozilla/5.0 (Windows; U; Windows NT 5.1; sr; rv:1.9.1.5) Gecko/20091102 Firefox/3.5.5"
79.101.52.1 - - [16/Nov/2009:00:17:45 +0100] "GET /raspored_predavanja.php HTTP/1.1" 200 8527 "http://www.vtsns.edu.rs/" "Mozilla/5.0 (Windows; U; Windows NT 5.1; sr; rv:1.9.1.5) Gecko/20091102 Firefox/3.5.5"
79.101.52.1 - - [16/Nov/2009:00:17:40 +0100] "GET /img/head2.jpg HTTP/1.1" 200 74512 "http://www.vtsns.edu.rs/" "Mozilla/5.0 (Windows; U; Windows NT 5.1; sr; rv:1.9.1.5) Gecko/20091102 Firefox/3.5.5"
79.101.52.1 - - [16/Nov/2009:00:17:47 +0100] "GET /img/head5.jpg HTTP/1.1" 200 23689 "http://www.vtsns.edu.rs/raspored_predavanja.php" "Mozilla/5.0 (Windows; U; Windows NT 5.1; sr; rv:1.9.1.5) Gecko/20091102 Firefox/3.5.5"
79.101.52.1 - - [16/Nov/2009:00:17:49 +0100] "GET /favicon.ico HTTP/1.1" 404 - "-" "Mozilla/5.0 (Windows; U; Windows NT 5.1; sr; rv:1.9.1.5) Gecko/20091102 Firefox/3.5.5"
79.101.52.1 - - [16/Nov/2009:00:18:17 +0100] "GET /Informaciona%20tehnologija_I.doc HTTP/1.1" 200 47616 "http://www.vtsns.edu.rs/raspored_predavanja.php" "Mozilla/5.0 (Windows; U; Windows NT 5.1; sr; rv:1.9.1.5) Gecko/20091102 Firefox/3.5.5"
94.250.37.167 - - [16/Nov/2009:00:19:54 +0100] "GET / HTTP/1.1" 200 3669 "http://www.google.ba/search?hl=bs&source=hp&q=visoka+tehni%C4%8Dka+%C5%A1kola+Novi+Sad&btnG=Google+pretraga&meta=&fp=28dbac2957dfaf7d" "Mozilla/5.0 (Windows; U; Windows NT 5.1; en-US; rv:1.9.1.5) Gecko/20091102 Firefox/3.5.5"
94.250.37.167 - - [16/Nov/2009:00:19:55 +0100] "GET / HTTP/1.1" 200 3669 "http://www.google.ba/url?sa=t&source=web&ct=res&cd=1&ved=0CAcQFjAA&url=http%3A%2F%2Fvtsns.edu.yu%2F&rct=j&q=visoka+tehni%C4%8Dka+%C5%A1kola+Novi+Sad&ei=nowAS6fAAsKG4QbeubXuCw&usg=AFQjCNGuocZnfANaPKH-tpZMoSVvKVnJCg" "Mozilla/5.0 (Windows; U; Windows NT 5.1; en-US; rv:1.9.1.5) Gecko/20091102 Firefox/3.5.5"
94.250.37.167 - - [16/Nov/2009:00:19:56 +0100] "GET /img/copyprint.jpg HTTP/1.1" 200 1662 "http://www.vtsns.edu.rs/" "Mozilla/5.0 (Windows; U; Windows NT 5.1; en-US; rv:1.9.1.5) Gecko/20091102 Firefox/3.5.5"
94.250.37.167 - - [16/Nov/2009:00:19:56 +0100] "GET /style.css HTTP/1.1" 200 6554 "http://www.vtsns.edu.rs/" "Mozilla/5.0 (Windows; U; Windows NT 5.1; en-US; rv:1.9.1.5) Gecko/20091102 Firefox/3.5.5"
94.250.37.167 - - [16/Nov/2009:00:19:56 +0100] "GET /img/vts.jpg HTTP/1.1" 200 4053 "http://www.vtsns.edu.rs/" "Mozilla/5.0 (Windows; U; Windows NT 5.1; en-US; rv:1.9.1.5) Gecko/20091102 Firefox/3.5.5"
94.250.37.167 - - [16/Nov/2009:00:19:56 +0100] "GET /img/novosti.jpg HTTP/1.1" 200 1161 "http://www.vtsns.edu.rs/" "Mozilla/5.0 (Windows; U; Windows NT 5.1; en-US; rv:1.9.1.5) Gecko/20091102 Firefox/3.5.5"
94.250.37.167 - - [16/Nov/2009:00:19:56 +0100] "GET /img/bg.jpg HTTP/1.1" 200 23084 "http://www.vtsns.edu.rs/style.css" "Mozilla/5.0 (Windows; U; Windows NT 5.1; en-US; rv:1.9.1.5) Gecko/20091102 Firefox/3.5.5"
94.250.37.167 - - [16/Nov/2009:00:19:56 +0100] "GET /img/head2.jpg HTTP/1.1" 200 74512 "http://www.vtsns.edu.rs/" "Mozilla/5.0 (Windows; U; Windows NT 5.1; en-US; rv:1.9.1.5) Gecko/20091102 Firefox/3.5.5"
94.250.37.167 - - [16/Nov/2009:00:19:58 +0100] "GET /favicon.ico HTTP/1.1" 404 - "-" "Mozilla/5.0 (Windows; U; Windows NT 5.1; en-US; rv:1.9.1.5) Gecko/20091102 Firefox/3.5.5"
94.250.37.167 - - [16/Nov/2009:00:19:59 +0100] "GET /ispiti.php HTTP/1.1" 200 3176 "http://www.vtsns.edu.rs/" "Mozilla/5.0 (Windows; U; Windows NT 5.1; en-US; rv:1.9.1.5) Gecko/20091102 Firefox/3.5.5"
94.250.37.167 - - [16/Nov/2009:00:20:00 +0100] "GET /img/ispiti.jpg HTTP/1.1" 200 826 "http://www.vtsns.edu.rs/ispiti.php" "Mozilla/5.0 (Windows; U; Windows NT 5.1; en-US; rv:1.9.1.5) Gecko/20091102 Firefox/3.5.5"
94.250.37.167 - - [16/Nov/2009:00:20:00 +0100] "GET /img/head5.jpg HTTP/1.1" 200 23689 "http://www.vtsns.edu.rs/ispiti.php" "Mozilla/5.0 (Windows; U; Windows NT 5.1; en-US; rv:1.9.1.5) Gecko/20091102 Firefox/3.5.5"
94.250.37.167 - - [16/Nov/2009:00:20:01 +0100] "GET /favicon.ico HTTP/1.1" 404 - "-" "Mozilla/5.0 (Windows; U; Windows NT 5.1; en-US; rv:1.9.1.5) Gecko/20091102 Firefox/3.5.5"
94.250.37.167 - - [16/Nov/2009:00:20:01 +0100] "GET /favicon.ico HTTP/1.1" 404 - "-" "Mozilla/5.0 (Windows; U; Windows NT 5.1; en-US; rv:1.9.1.5) Gecko/20091102 Firefox/3.5.5"
94.250.37.167 - - [16/Nov/2009:00:20:02 +0100] "GET /ispit_raspored_god.php HTTP/1.1" 200 4074 "http://www.vtsns.edu.rs/ispiti.php" "Mozilla/5.0 (Windows; U; Windows NT 5.1; en-US; rv:1.9.1.5) Gecko/20091102 Firefox/3.5.5"
94.250.37.167 - - [16/Nov/2009:00:20:02 +0100] "GET /img/ispit_god.jpg HTTP/1.1" 200 2607 "http://www.vtsns.edu.rs/ispit_raspored_god.php" "Mozilla/5.0 (Windows; U; Windows NT 5.1; en-US; rv:1.9.1.5) Gecko/20091102 Firefox/3.5.5"
94.250.37.167 - - [16/Nov/2009:00:20:06 +0100] "GET /ispit_raspored_akt.php HTTP/1.1" 200 3893 "http://www.vtsns.edu.rs/ispiti.php" "Mozilla/5.0 (Windows; U; Windows NT 5.1; en-US; rv:1.9.1.5) Gecko/20091102 Firefox/3.5.5"
94.250.37.167 - - [16/Nov/2009:00:20:07 +0100] "GET /img/ispit_akt.jpg HTTP/1.1" 200 2184 "http://www.vtsns.edu.rs/ispit_raspored_akt.php" "Mozilla/5.0 (Windows; U; Windows NT 5.1; en-US; rv:1.9.1.5) Gecko/20091102 Firefox/3.5.5"
94.250.37.167 - - [16/Nov/2009:00:20:09 +0100] "GET /Aktuelni%20ispitni%20rok.doc HTTP/1.1" 200 98816 "http://www.vtsns.edu.rs/ispit_raspored_akt.php" "Mozilla/5.0 (Windows; U; Windows NT 5.1; en-US; rv:1.9.1.5) Gecko/20091102 Firefox/3.5.5"
212.200.210.94 - - [16/Nov/2009:00:33:11 +0100] "GET / HTTP/1.1" 200 3669 "http://www.google.com/search?q=vtsns&ie=utf-8&oe=utf-8&aq=t&rls=org.mozilla:sr:official&client=firefox-a" "Mozilla/5.0 (Windows; U; Windows NT 5.1; sr; rv:1.9.1.4) Gecko/20091016 Firefox/3.5.4"
212.200.210.94 - - [16/Nov/2009:00:33:12 +0100] "GET / HTTP/1.1" 200 3669 "http://www.google.com/search?q=vtsns&ie=utf-8&oe=utf-8&aq=t&rls=org.mozilla:sr:official&client=firefox-a" "Mozilla/5.0 (Windows; U; Windows NT 5.1; sr; rv:1.9.1.4) Gecko/20091016 Firefox/3.5.4"
212.200.210.94 - - [16/Nov/2009:00:33:12 +0100] "GET /style.css HTTP/1.1" 200 6554 "http://www.vtsns.edu.rs/" "Mozilla/5.0 (Windows; U; Windows NT 5.1; sr; rv:1.9.1.4) Gecko/20091016 Firefox/3.5.4"
212.200.210.94 - - [16/Nov/2009:00:33:12 +0100] "GET /img/novosti.jpg HTTP/1.1" 200 1161 "http://www.vtsns.edu.rs/" "Mozilla/5.0 (Windows; U; Windows NT 5.1; sr; rv:1.9.1.4) Gecko/20091016 Firefox/3.5.4"
212.200.210.94 - - [16/Nov/2009:00:33:12 +0100] "GET /img/copyprint.jpg HTTP/1.1" 200 1662 "http://www.vtsns.edu.rs/" "Mozilla/5.0 (Windows; U; Windows NT 5.1; sr; rv:1.9.1.4) Gecko/20091016 Firefox/3.5.4"
212.200.210.94 - - [16/Nov/2009:00:33:12 +0100] "GET /img/vts.jpg HTTP/1.1" 200 4053 "http://www.vtsns.edu.rs/" "Mozilla/5.0 (Windows; U; Windows NT 5.1; sr; rv:1.9.1.4) Gecko/20091016 Firefox/3.5.4"
212.200.210.94 - - [16/Nov/2009:00:33:13 +0100] "GET /img/bg.jpg HTTP/1.1" 200 23084 "http://www.vtsns.edu.rs/style.css" "Mozilla/5.0 (Windows; U; Windows NT 5.1; sr; rv:1.9.1.4) Gecko/20091016 Firefox/3.5.4"
212.200.210.94 - - [16/Nov/2009:00:33:12 +0100] "GET /img/head2.jpg HTTP/1.1" 200 74512 "http://www.vtsns.edu.rs/" "Mozilla/5.0 (Windows; U; Windows NT 5.1; sr; rv:1.9.1.4) Gecko/20091016 Firefox/3.5.4"
212.200.210.94 - - [16/Nov/2009:00:33:15 +0100] "GET /favicon.ico HTTP/1.1" 404 - "-" "Mozilla/5.0 (Windows; U; Windows NT 5.1; sr; rv:1.9.1.4) Gecko/20091016 Firefox/3.5.4"
212.200.210.94 - - [16/Nov/2009:00:33:18 +0100] "GET /favicon.ico HTTP/1.1" 404 - "-" "Mozilla/5.0 (Windows; U; Windows NT 5.1; sr; rv:1.9.1.4) Gecko/20091016 Firefox/3.5.4"
          93.86.72.43 - - [16/Nov/2009:00:33:23 +0100] "GET / HTTP/1.1" 200 3669 "http://www.google.com/search?hl=en&q=visoka+tehnicka+skola+novi+sad&aq=1&aqi=g10&oq=visoka+tehnicka+&fp=1c443ffcb5a5cce1" "Mozilla/5.0 (Windows; U; Windows NT 5.1; en-US; rv:1.9) Gecko/2008052906 Firefox/3.0"
          93.86.72.43 - - [16/Nov/2009:00:33:24 +0100] "GET / HTTP/1.1" 200 3669 "http://www.google.com/url?sa=t&source=web&ct=res&cd=1&ved=0CAgQFjAA&url=http%3A%2F%2Fvtsns.edu.yu%2F&rct=j&q=visoka+tehnicka+skola+novi+sad&ei=yI8AS6SQHMWrjAe_q_WFCw&usg=AFQjCNGuocZnfANaPKH-tpZMoSVvKVnJCg" "Mozilla/5.0 (Windows; U; Windows NT 5.1; en-US; rv:1.9) Gecko/2008052906 Firefox/3.0"
          212.200.210.94 - - [16/Nov/2009:00:33:24 +0100] "GET /vesti.php HTTP/1.1" 200 3367 "http://www.vtsns.edu.rs/" "Mozilla/5.0 (Windows; U; Windows NT 5.1; sr; rv:1.9.1.4) Gecko/20091016 Firefox/3.5.4"
          93.86.72.43 - - [16/Nov/2009:00:33:25 +0100] "GET /style.css HTTP/1.1" 200 6554 "http://www.vtsns.edu.rs/" "Mozilla/5.0 (Windows; U; Windows NT 5.1; en-US; rv:1.9) Gecko/2008052906 Firefox/3.0"
          93.86.72.43 - - [16/Nov/2009:00:33:25 +0100] "GET /img/novosti.jpg HTTP/1.1" 200 1161 "http://www.vtsns.edu.rs/" "Mozilla/5.0 (Windows; U; Windows NT 5.1; en-US; rv:1.9) Gecko/2008052906 Firefox/3.0"
          93.86.72.43 - - [16/Nov/2009:00:33:25 +0100] "GET /img/vts.jpg HTTP/1.1" 200 4053 "http://www.vtsns.edu.rs/" "Mozilla/5.0 (Windows; U; Windows NT 5.1; en-US; rv:1.9) Gecko/2008052906 Firefox/3.0"
          93.86.72.43 - - [16/Nov/2009:00:33:25 +0100] "GET /img/copyprint.jpg HTTP/1.1" 200 1662 "http://www.vtsns.edu.rs/" "Mozilla/5.0 (Windows; U; Windows NT 5.1; en-US; rv:1.9) Gecko/2008052906 Firefox/3.0"
          93.86.72.43 - - [16/Nov/2009:00:33:25 +0100] "GET /img/bg.jpg HTTP/1.1" 200 23084 "http://www.vtsns.edu.rs/style.css" "Mozilla/5.0 (Windows; U; Windows NT 5.1; en-US; rv:1.9) Gecko/2008052906 Firefox/3.0"
          212.200.210.94 - - [16/Nov/2009:00:33:26 +0100] "GET /img/vesti.jpg HTTP/1.1" 200 1503 "http://www.vtsns.edu.rs/vesti.php" "Mozilla/5.0 (Windows; U; Windows NT 5.1; sr; rv:1.9.1.4) Gecko/20091016 Firefox/3.5.4"
          93.86.72.43 - - [16/Nov/2009:00:33:25 +0100] "GET /img/head2.jpg HTTP/1.1" 200 74512 "http://www.vtsns.edu.rs/" "Mozilla/5.0 (Windows; U; Windows NT 5.1; en-US; rv:1.9) Gecko/2008052906 Firefox/3.0"
          212.200.210.94 - - [16/Nov/2009:00:33:26 +0100] "GET /img/head3.jpg HTTP/1.1" 200 28679 "http://www.vtsns.edu.rs/vesti.php" "Mozilla/5.0 (Windows; U; Windows NT 5.1; sr; rv:1.9.1.4) Gecko/20091016 Firefox/3.5.4"
          93.86.72.43 - - [16/Nov/2009:00:33:27 +0100] "GET /favicon.ico HTTP/1.1" 404 - "-" "Mozilla/5.0 (Windows; U; Windows NT 5.1; en-US; rv:1.9) Gecko/2008052906 Firefox/3.0"
          212.200.210.94 - - [16/Nov/2009:00:33:29 +0100] "GET /oglasna.php HTTP/1.1" 200 4545 "http://www.vtsns.edu.rs/vesti.php" "Mozilla/5.0 (Windows; U; Windows NT 5.1; sr; rv:1.9.1.4) Gecko/20091016 Firefox/3.5.4"
          212.200.210.94 - - [16/Nov/2009:00:33:30 +0100] "GET /img/oglasna.jpg HTTP/1.1" 200 1832 "http://www.vtsns.edu.rs/oglasna.php" "Mozilla/5.0 (Windows; U; Windows NT 5.1; sr; rv:1.9.1.4) Gecko/20091016 Firefox/3.5.4"
          93.86.72.43 - - [16/Nov/2009:00:33:30 +0100] "GET /favicon.ico HTTP/1.1" 404 - "-" "Mozilla/5.0 (Windows; U; Windows NT 5.1; en-US; rv:1.9) Gecko/2008052906 Firefox/3.0"
          212.200.210.94 - - [16/Nov/2009:00:33:30 +0100] "GET /img/head6.jpg HTTP/1.1" 200 26425 "http://www.vtsns.edu.rs/oglasna.php" "Mozilla/5.0 (Windows; U; Windows NT 5.1; sr; rv:1.9.1.4) Gecko/20091016 Firefox/3.5.4"
          212.200.210.94 - - [16/Nov/2009:00:33:56 +0100] "GET /ispit_rezultati.php HTTP/1.1" 200 5740 "http://www.vtsns.edu.rs/oglasna.php" "Mozilla/5.0 (Windows; U; Windows NT 5.1; sr; rv:1.9.1.4) Gecko/20091016 Firefox/3.5.4"
          212.200.210.94 - - [16/Nov/2009:00:33:57 +0100] "GET /img/ispit_rezultati.jpg HTTP/1.1" 200 1947 "http://www.vtsns.edu.rs/ispit_rezultati.php" "Mozilla/5.0 (Windows; U; Windows NT 5.1; sr; rv:1.9.1.4) Gecko/20091016 Firefox/3.5.4"
          212.200.210.94 - - [16/Nov/2009:00:33:57 +0100] "GET /img/head5.jpg HTTP/1.1" 200 23689 "http://www.vtsns.edu.rs/ispit_rezultati.php" "Mozilla/5.0 (Windows; U; Windows NT 5.1; sr; rv:1.9.1.4) Gecko/20091016 Firefox/3.5.4"
          188.246.63.230 - - [16/Nov/2009:00:34:30 +0100] "GET / HTTP/1.1" 200 3669 "http://www.google.com/search?hl=en&source=hp&q=VT%C5%A0-u%2C+u+Novom+Sadu&aq=f&aqi=&oq=&fp=1c443ffcb5a5cce1" "Mozilla/5.0 (Windows; U; Windows NT 5.1; en-US; rv:1.9.0.15) Gecko/2009101601 Firefox/3.0.15"
          188.246.63.230 - - [16/Nov/2009:00:34:38 +0100] "GET / HTTP/1.1" 200 3669 "http://www.google.com/url?sa=t&source=web&ct=res&cd=1&ved=0CAsQFjAA&url=http%3A%2F%2Fvtsns.edu.yu%2F&rct=j&q=VT%C5%A0-u%2C+u+Novom+Sadu&ei=C5AAS8ueBMO14QbH_JWDDA&usg=AFQjCNGuocZnfANaPKH-tpZMoSVvKVnJCg" "Mozilla/5.0 (Windows; U; Windows NT 5.1; en-US; rv:1.9.0.15) Gecko/2009101601 Firefox/3.0.15"
          188.246.63.230 - - [16/Nov/2009:00:34:38 +0100] "GET /img/novosti.jpg HTTP/1.1" 200 1161 "http://www.vtsns.edu.rs/" "Mozilla/5.0 (Windows; U; Windows NT 5.1; en-US; rv:1.9.0.15) Gecko/2009101601 Firefox/3.0.15"
          188.246.63.230 - - [16/Nov/2009:00:34:39 +0100] "GET /img/vts.jpg HTTP/1.1" 200 4053 "http://www.vtsns.edu.rs/" "Mozilla/5.0 (Windows; U; Windows NT 5.1; en-US; rv:1.9.0.15) Gecko/2009101601 Firefox/3.0.15"
          188.246.63.230 - - [16/Nov/2009:00:34:39 +0100] "GET /style.css HTTP/1.1" 200 6554 "http://www.vtsns.edu.rs/" "Mozilla/5.0 (Windows; U; Windows NT 5.1; en-US; rv:1.9.0.15) Gecko/2009101601 Firefox/3.0.15"
          188.246.63.230 - - [16/Nov/2009:00:34:39 +0100] "GET /img/copyprint.jpg HTTP/1.1" 200 1662 "http://www.vtsns.edu.rs/" "Mozilla/5.0 (Windows; U; Windows NT 5.1; en-US; rv:1.9.0.15) Gecko/2009101601 Firefox/3.0.15"
          188.246.63.230 - - [16/Nov/2009:00:34:42 +0100] "GET /img/bg.jpg HTTP/1.1" 200 23084 "http://www.vtsns.edu.rs/style.css" "Mozilla/5.0 (Windows; U; Windows NT 5.1; en-US; rv:1.9.0.15) Gecko/2009101601 Firefox/3.0.15"
          188.246.63.230 - - [16/Nov/2009:00:34:39 +0100] "GET /img/head2.jpg HTTP/1.1" 200 74512 "http://www.vtsns.edu.rs/" "Mozilla/5.0 (Windows; U; Windows NT 5.1; en-US; rv:1.9.0.15) Gecko/2009101601 Firefox/3.0.15"
          188.246.63.230 - - [16/Nov/2009:00:34:54 +0100] "GET /favicon.ico HTTP/1.1" 404 - "-" "Mozilla/5.0 (Windows; U; Windows NT 5.1; en-US; rv:1.9.0.15) Gecko/2009101601 Firefox/3.0.15"
          212.200.210.94 - - [16/Nov/2009:00:34:23 +0100] "GET /Novinebr1.pdf HTTP/1.1" 200 3958115 "http://www.vtsns.edu.rs/ispit_rezultati.php" "Mozilla/5.0 (Windows; U; Windows NT 5.1; sr; rv:1.9.1.4) Gecko/20091016 Firefox/3.5.4"
          188.246.63.230 - - [16/Nov/2009:00:34:57 +0100] "GET /favicon.ico HTTP/1.1" 404 - "-" "Mozilla/5.0 (Windows; U; Windows NT 5.1; en-US; rv:1.9.0.15) Gecko/2009101601 Firefox/3.0.15"
          188.246.63.230 - - [16/Nov/2009:00:35:07 +0100] "GET /konkursi.php HTTP/1.1" 200 2755 "http://www.vtsns.edu.rs/" "Mozilla/5.0 (Windows; U; Windows NT 5.1; en-US; rv:1.9.0.15) Gecko/2009101601 Firefox/3.0.15"
          188.246.63.230 - - [16/Nov/2009:00:35:07 +0100] "GET /img/konkursi.jpg HTTP/1.1" 200 1279 "http://www.vtsns.edu.rs/konkursi.php" "Mozilla/5.0 (Windows; U; Windows NT 5.1; en-US; rv:1.9.0.15) Gecko/2009101601 Firefox/3.0.15"
          188.246.63.230 - - [16/Nov/2009:00:35:07 +0100] "GET /img/head6.jpg HTTP/1.1" 200 26425 "http://www.vtsns.edu.rs/konkursi.php" "Mozilla/5.0 (Windows; U; Windows NT 5.1; en-US; rv:1.9.0.15) Gecko/2009101601 Firefox/3.0.15"
          188.246.63.230 - - [16/Nov/2009:00:35:21 +0100] "GET /smerovi.php HTTP/1.1" 200 7046 "http://www.vtsns.edu.rs/konkursi.php" "Mozilla/5.0 (Windows; U; Windows NT 5.1; en-US; rv:1.9.0.15) Gecko/2009101601 Firefox/3.0.15"
          188.246.63.230 - - [16/Nov/2009:00:35:22 +0100] "GET /img/head7.jpg HTTP/1.1" 200 23167 "http://www.vtsns.edu.rs/smerovi.php" "Mozilla/5.0 (Windows; U; Windows NT 5.1; en-US; rv:1.9.0.15) Gecko/2009101601 Firefox/3.0.15"
          188.246.63.230 - - [16/Nov/2009:00:35:25 +0100] "GET /img/smer.jpg HTTP/1.1" 200 2080 "http://www.vtsns.edu.rs/smerovi.php" "Mozilla/5.0 (Windows; U; Windows NT 5.1; en-US; rv:1.9.0.15) Gecko/2009101601 Firefox/3.0.15"
          188.246.63.230 - - [16/Nov/2009:00:35:32 +0100] "GET /smer_kurikulum.php?smer=10 HTTP/1.1" 200 2574 "http://www.vtsns.edu.rs/smerovi.php" "Mozilla/5.0 (Windows; U; Windows NT 5.1; en-US; rv:1.9.0.15) Gecko/2009101601 Firefox/3.0.15"
          188.246.63.230 - - [16/Nov/2009:00:35:32 +0100] "GET /img/kurikulum.jpg HTTP/1.1" 200 2750 "http://www.vtsns.edu.rs/smer_kurikulum.php?smer=10" "Mozilla/5.0 (Windows; U; Windows NT 5.1; en-US; rv:1.9.0.15) Gecko/2009101601 Firefox/3.0.15"
          188.246.63.230 - - [16/Nov/2009:00:35:46 +0100] "GET /smer_kurikulum.php?smer= HTTP/1.1" 200 2574 "http://www.vtsns.edu.rs/smer_kurikulum.php?smer=10" "Mozilla/5.0 (Windows; U; Windows NT 5.1; en-US; rv:1.9.0.15) Gecko/2009101601 Firefox/3.0.15"
          77.105.12.123 - - [16/Nov/2009:00:35:48 +0100] "GET / HTTP/1.1" 200 3669 "-" "Mozilla/4.0 (compatible; MSIE 6.0; Windows NT 5.1; SV1)"
          77.105.12.123 - - [16/Nov/2009:00:35:50 +0100] "GET /style.css HTTP/1.1" 200 6554 "http://www.vtsns.edu.rs/" "Mozilla/4.0 (compatible; MSIE 6.0; Windows NT 5.1; SV1)"
          77.105.12.123 - - [16/Nov/2009:00:35:50 +0100] "GET /img/vts.jpg HTTP/1.1" 200 4053 "http://www.vtsns.edu.rs/" "Mozilla/4.0 (compatible; MSIE 6.0; Windows NT 5.1; SV1)"
          77.105.12.123 - - [16/Nov/2009:00:35:54 +0100] "GET /img/copyprint.jpg HTTP/1.1" 200 1662 "http://www.vtsns.edu.rs/" "Mozilla/4.0 (compatible; MSIE 6.0; Windows NT 5.1; SV1)"
          188.246.63.230 - - [16/Nov/2009:00:35:55 +0100] "GET /smer_raspored.php?smer= HTTP/1.1" 200 4483 "http://www.vtsns.edu.rs/smer_kurikulum.php?smer=" "Mozilla/5.0 (Windows; U; Windows NT 5.1; en-US; rv:1.9.0.15) Gecko/2009101601 Firefox/3.0.15"
          77.105.12.123 - - [16/Nov/2009:00:35:56 +0100] "GET /img/novosti.jpg HTTP/1.1" 200 1161 "http://www.vtsns.edu.rs/" "Mozilla/4.0 (compatible; MSIE 6.0; Windows NT 5.1; SV1)"
          188.246.63.230 - - [16/Nov/2009:00:35:56 +0100] "GET /img/smer_raspored.jpg HTTP/1.1" 200 5027 "http://www.vtsns.edu.rs/smer_raspored.php?smer=" "Mozilla/5.0 (Windows; U; Windows NT 5.1; en-US; rv:1.9.0.15) Gecko/2009101601 Firefox/3.0.15"
          188.246.63.230 - - [16/Nov/2009:00:36:05 +0100] "GET /specijalisticke.php HTTP/1.1" 200 3346 "http://www.vtsns.edu.rs/smer_raspored.php?smer=" "Mozilla/5.0 (Windows; U; Windows NT 5.1; en-US; rv:1.9.0.15) Gecko/2009101601 Firefox/3.0.15"
          188.246.63.230 - - [16/Nov/2009:00:36:05 +0100] "GET /img/specijalisticke.jpg HTTP/1.1" 200 2425 "http://www.vtsns.edu.rs/specijalisticke.php" "Mozilla/5.0 (Windows; U; Windows NT 5.1; en-US; rv:1.9.0.15) Gecko/2009101601 Firefox/3.0.15"
          188.246.63.230 - - [16/Nov/2009:00:36:13 +0100] "GET /raspored_predavanja.php HTTP/1.1" 200 8527 "http://www.vtsns.edu.rs/specijalisticke.php" "Mozilla/5.0 (Windows; U; Windows NT 5.1; en-US; rv:1.9.0.15) Gecko/2009101601 Firefox/3.0.15"
          77.105.12.123 - - [16/Nov/2009:00:35:59 +0100] "GET /img/bg.jpg HTTP/1.1" 200 23084 "http://www.vtsns.edu.rs/" "Mozilla/4.0 (compatible; MSIE 6.0; Windows NT 5.1; SV1)"
          188.246.63.230 - - [16/Nov/2009:00:36:15 +0100] "GET /img/head5.jpg HTTP/1.1" 200 23689 "http://www.vtsns.edu.rs/raspored_predavanja.php" "Mozilla/5.0 (Windows; U; Windows NT 5.1; en-US; rv:1.9.0.15) Gecko/2009101601 Firefox/3.0.15"
          77.105.12.123 - - [16/Nov/2009:00:35:54 +0100] "GET /img/head2.jpg HTTP/1.1" 200 74512 "http://www.vtsns.edu.rs/" "Mozilla/4.0 (compatible; MSIE 6.0; Windows NT 5.1; SV1)"
          188.246.63.230 - - [16/Nov/2009:00:36:26 +0100] "GET /o_skoli.php HTTP/1.1" 200 9847 "http://www.vtsns.edu.rs/raspored_predavanja.php" "Mozilla/5.0 (Windows; U; Windows NT 5.1; en-US; rv:1.9.0.15) Gecko/2009101601 Firefox/3.0.15"
          188.246.63.230 - - [16/Nov/2009:00:36:28 +0100] "GET /img/skola.jpg HTTP/1.1" 200 1117 "http://www.vtsns.edu.rs/o_skoli.php" "Mozilla/5.0 (Windows; U; Windows NT 5.1; en-US; rv:1.9.0.15) Gecko/2009101601 Firefox/3.0.15"
          77.105.12.123 - - [16/Nov/2009:00:36:28 +0100] "GET /konsultacije.php HTTP/1.1" 200 2822 "http://www.vtsns.edu.rs/" "Mozilla/4.0 (compatible; MSIE 6.0; Windows NT 5.1; SV1)"
          188.246.63.230 - - [16/Nov/2009:00:36:28 +0100] "GET /img/head3.jpg HTTP/1.1" 200 28679 "http://www.vtsns.edu.rs/o_skoli.php" "Mozilla/5.0 (Windows; U; Windows NT 5.1; en-US; rv:1.9.0.15) Gecko/2009101601 Firefox/3.0.15"
          77.105.12.123 - - [16/Nov/2009:00:36:30 +0100] "GET /img/bg.jpg HTTP/1.1" 206 5278 "http://www.vtsns.edu.rs/konsultacije.php" "Mozilla/4.0 (compatible; MSIE 6.0; Windows NT 5.1; SV1)"
          77.105.12.123 - - [16/Nov/2009:00:36:30 +0100] "GET /img/head5.jpg HTTP/1.1" 200 23689 "http://www.vtsns.edu.rs/konsultacije.php" "Mozilla/4.0 (compatible; MSIE 6.0; Windows NT 5.1; SV1)"
          77.105.12.123 - - [16/Nov/2009:00:36:44 +0100] "GET /img/konsultacije.jpg HTTP/1.1" 200 2567 "http://www.vtsns.edu.rs/konsultacije.php" "Mozilla/4.0 (compatible; MSIE 6.0; Windows NT 5.1; SV1)"
          77.105.12.123 - - [16/Nov/2009:00:37:17 +0100] "GET /raspored_predavanja.php HTTP/1.1" 200 8527 "http://www.vtsns.edu.rs/konsultacije.php" "Mozilla/4.0 (compatible; MSIE 6.0; Windows NT 5.1; SV1)"
          188.2.190.71 - - [16/Nov/2009:00:38:43 +0100] "GET / HTTP/1.1" 200 3669 "-" "Mozilla/5.0 (Windows; U; Windows NT 5.1; en-US; rv:1.9.1.5) Gecko/20091102 Firefox/3.5.5"
          188.246.63.230 - - [16/Nov/2009:00:38:58 +0100] "GET /index.php HTTP/1.1" 200 3669 "http://www.vtsns.edu.rs/o_skoli.php" "Mozilla/5.0 (Windows; U; Windows NT 5.1; en-US; rv:1.9.0.15) Gecko/2009101601 Firefox/3.0.15"
          188.246.63.230 - - [16/Nov/2009:00:39:31 +0100] "GET /oglasna.php HTTP/1.1" 200 4545 "http://www.vtsns.edu.rs/index.php" "Mozilla/5.0 (Windows; U; Windows NT 5.1; en-US; rv:1.9.0.15) Gecko/2009101601 Firefox/3.0.15"
          188.246.63.230 - - [16/Nov/2009:00:39:42 +0100] "GET /img/oglasna.jpg HTTP/1.1" 200 1832 "http://www.vtsns.edu.rs/oglasna.php" "Mozilla/5.0 (Windows; U; Windows NT 5.1; en-US; rv:1.9.0.15) Gecko/2009101601 Firefox/3.0.15"
          188.246.63.230 - - [16/Nov/2009:00:40:04 +0100] "GET /cenovnik%202009-2010.doc HTTP/1.1" 200 97280 "http://www.vtsns.edu.rs/oglasna.php" "Mozilla/5.0 (Windows; U; Windows NT 5.1; en-US; rv:1.9.0.15) Gecko/2009101601 Firefox/3.0.15"
          188.246.63.230 - - [16/Nov/2009:00:42:42 +0100] "GET /o_skoli.php HTTP/1.1" 200 9847 "http://www.vtsns.edu.rs/oglasna.php" "Mozilla/5.0 (Windows; U; Windows NT 5.1; en-US; rv:1.9.0.15) Gecko/2009101601 Firefox/3.0.15"
          77.105.12.123 - - [16/Nov/2009:00:42:54 +0100] "GET /raspored_predavanja.php HTTP/1.1" 200 8527 "http://www.vtsns.edu.rs/raspored_predavanja.php" "Mozilla/4.0 (compatible; MSIE 6.0; Windows NT 5.1; SV1)"
          188.246.63.230 - - [16/Nov/2009:00:39:12 +0100] "GET /VTSINFORMATOR2009.pdf HTTP/1.1" 200 1666096 "http://www.vtsns.edu.rs/index.php" "Mozilla/5.0 (Windows; U; Windows NT 5.1; en-US; rv:1.9.0.15) Gecko/2009101601 Firefox/3.0.15"
          77.105.12.123 - - [16/Nov/2009:00:43:19 +0100] "GET /ispiti.php HTTP/1.1" 200 3176 "http://www.vtsns.edu.rs/raspored_predavanja.php" "Mozilla/4.0 (compatible; MSIE 6.0; Windows NT 5.1; SV1)"
          77.105.12.123 - - [16/Nov/2009:00:43:21 +0100] "GET /img/ispiti.jpg HTTP/1.1" 200 826 "http://www.vtsns.edu.rs/ispiti.php" "Mozilla/4.0 (compatible; MSIE 6.0; Windows NT 5.1; SV1)"
          188.246.63.230 - - [16/Nov/2009:00:43:34 +0100] "GET /oglasna.php HTTP/1.1" 200 4545 "http://www.vtsns.edu.rs/o_skoli.php" "Mozilla/5.0 (Windows; U; Windows NT 5.1; en-US; rv:1.9.0.15) Gecko/2009101601 Firefox/3.0.15"
          77.105.12.123 - - [16/Nov/2009:00:43:35 +0100] "GET /oglasna.php HTTP/1.1" 200 4545 "http://www.vtsns.edu.rs/ispiti.php" "Mozilla/4.0 (compatible; MSIE 6.0; Windows NT 5.1; SV1)"
          77.105.12.123 - - [16/Nov/2009:00:43:37 +0100] "GET /img/oglasna.jpg HTTP/1.1" 200 1832 "http://www.vtsns.edu.rs/oglasna.php" "Mozilla/4.0 (compatible; MSIE 6.0; Windows NT 5.1; SV1)"
          77.105.12.123 - - [16/Nov/2009:00:43:37 +0100] "GET /img/head6.jpg HTTP/1.1" 206 7219 "http://www.vtsns.edu.rs/oglasna.php" "Mozilla/4.0 (compatible; MSIE 6.0; Windows NT 5.1; SV1)"
          188.246.63.230 - - [16/Nov/2009:00:43:40 +0100] "GET /galerija.php HTTP/1.1" 200 2981 "http://www.vtsns.edu.rs/oglasna.php" "Mozilla/5.0 (Windows; U; Windows NT 5.1; en-US; rv:1.9.0.15) Gecko/2009101601 Firefox/3.0.15"
          188.246.63.230 - - [16/Nov/2009:00:43:40 +0100] "GET /img/galerija.jpg HTTP/1.1" 200 1233 "http://www.vtsns.edu.rs/galerija.php" "Mozilla/5.0 (Windows; U; Windows NT 5.1; en-US; rv:1.9.0.15) Gecko/2009101601 Firefox/3.0.15"
          188.246.63.230 - - [16/Nov/2009:00:43:43 +0100] "GET /galerija.php?kategorija=1 HTTP/1.1" 200 2981 "http://www.vtsns.edu.rs/galerija.php" "Mozilla/5.0 (Windows; U; Windows NT 5.1; en-US; rv:1.9.0.15) Gecko/2009101601 Firefox/3.0.15"
          188.246.63.230 - - [16/Nov/2009:00:43:52 +0100] "GET /galerija.php?kategorija=1 HTTP/1.1" 200 2981 "http://www.vtsns.edu.rs/galerija.php?kategorija=1" "Mozilla/5.0 (Windows; U; Windows NT 5.1; en-US; rv:1.9.0.15) Gecko/2009101601 Firefox/3.0.15"
          188.246.63.230 - - [16/Nov/2009:00:44:00 +0100] "GET /galerija.php?kategorija=1 HTTP/1.1" 200 2981 "http://www.vtsns.edu.rs/galerija.php?kategorija=1" "Mozilla/5.0 (Windows; U; Windows NT 5.1; en-US; rv:1.9.0.15) Gecko/2009101601 Firefox/3.0.15"
          188.246.63.230 - - [16/Nov/2009:00:44:22 +0100] "GET /galerija.php?kategorija=2 HTTP/1.1" 200 2981 "http://www.vtsns.edu.rs/galerija.php?kategorija=1" "Mozilla/5.0 (Windows; U; Windows NT 5.1; en-US; rv:1.9.0.15) Gecko/2009101601 Firefox/3.0.15"
          188.246.63.230 - - [16/Nov/2009:00:44:26 +0100] "GET /galerija.php?kategorija=1 HTTP/1.1" 200 2981 "http://www.vtsns.edu.rs/galerija.php?kategorija=2" "Mozilla/5.0 (Windows; U; Windows NT 5.1; en-US; rv:1.9.0.15) Gecko/2009101601 Firefox/3.0.15"
          188.246.63.230 - - [16/Nov/2009:00:44:27 +0100] "GET /galerija.php?kategorija=1 HTTP/1.1" 200 2981 "http://www.vtsns.edu.rs/galerija.php?kategorija=2" "Mozilla/5.0 (Windows; U; Windows NT 5.1; en-US; rv:1.9.0.15) Gecko/2009101601 Firefox/3.0.15"
          188.246.63.230 - - [16/Nov/2009:00:44:29 +0100] "GET /galerija.php?kategorija=1 HTTP/1.1" 200 2981 "http://www.vtsns.edu.rs/galerija.php?kategorija=1" "Mozilla/5.0 (Windows; U; Windows NT 5.1; en-US; rv:1.9.0.15) Gecko/2009101601 Firefox/3.0.15"
          188.246.63.230 - - [16/Nov/2009:00:44:29 +0100] "GET /galerija.php?kategorija=1 HTTP/1.1" 200 2981 "http://www.vtsns.edu.rs/galerija.php?kategorija=1" "Mozilla/5.0 (Windows; U; Windows NT 5.1; en-US; rv:1.9.0.15) Gecko/2009101601 Firefox/3.0.15"
          188.246.63.230 - - [16/Nov/2009:00:44:30 +0100] "GET /galerija.php?kategorija=2 HTTP/1.1" 200 2981 "http://www.vtsns.edu.rs/galerija.php?kategorija=1" "Mozilla/5.0 (Windows; U; Windows NT 5.1; en-US; rv:1.9.0.15) Gecko/2009101601 Firefox/3.0.15"
          188.246.63.230 - - [16/Nov/2009:00:44:34 +0100] "GET /linkovi.php HTTP/1.1" 200 2815 "http://www.vtsns.edu.rs/galerija.php?kategorija=2" "Mozilla/5.0 (Windows; U; Windows NT 5.1; en-US; rv:1.9.0.15) Gecko/2009101601 Firefox/3.0.15"
          188.246.63.230 - - [16/Nov/2009:00:44:35 +0100] "GET /img/linkovi.jpg HTTP/1.1" 200 2533 "http://www.vtsns.edu.rs/linkovi.php" "Mozilla/5.0 (Windows; U; Windows NT 5.1; en-US; rv:1.9.0.15) Gecko/2009101601 Firefox/3.0.15"
          188.246.63.230 - - [16/Nov/2009:00:44:46 +0100] "GET /index.php HTTP/1.1" 200 3669 "http://www.vtsns.edu.rs/linkovi.php" "Mozilla/5.0 (Windows; U; Windows NT 5.1; en-US; rv:1.9.0.15) Gecko/2009101601 Firefox/3.0.15"
          79.175.94.205 - - [16/Nov/2009:00:44:49 +0100] "GET / HTTP/1.1" 200 3669 "-" "Mozilla/5.0 (Windows; U; Windows NT 5.1; en-US; rv:1.9.1) Gecko/20090624 Firefox/3.5"
          188.246.63.230 - - [16/Nov/2009:00:44:53 +0100] "GET /kontakt.php HTTP/1.1" 200 3943 "http://www.vtsns.edu.rs/index.php" "Mozilla/5.0 (Windows; U; Windows NT 5.1; en-US; rv:1.9.0.15) Gecko/2009101601 Firefox/3.0.15"
          188.246.63.230 - - [16/Nov/2009:00:44:53 +0100] "GET /img/kontakt.jpg HTTP/1.1" 200 1379 "http://www.vtsns.edu.rs/kontakt.php" "Mozilla/5.0 (Windows; U; Windows NT 5.1; en-US; rv:1.9.0.15) Gecko/2009101601 Firefox/3.0.15"
          79.175.94.205 - - [16/Nov/2009:00:44:58 +0100] "GET /favicon.ico HTTP/1.1" 404 - "-" "Mozilla/5.0 (Windows; U; Windows NT 5.1; en-US; rv:1.9.1) Gecko/20090624 Firefox/3.5"
          188.246.63.230 - - [16/Nov/2009:00:45:04 +0100] "GET /nastavno_osoblje.php HTTP/1.1" 200 12692 "http://www.vtsns.edu.rs/kontakt.php" "Mozilla/5.0 (Windows; U; Windows NT 5.1; en-US; rv:1.9.0.15) Gecko/2009101601 Firefox/3.0.15"
          188.246.63.230 - - [16/Nov/2009:00:45:04 +0100] "GET /nastavno_osoblje.php HTTP/1.1" 200 19571 "http://www.vtsns.edu.rs/kontakt.php" "Mozilla/5.0 (Windows; U; Windows NT 5.1; en-US; rv:1.9.0.15) Gecko/2009101601 Firefox/3.0.15"
          188.246.63.230 - - [16/Nov/2009:00:45:07 +0100] "GET /img/nastavno.jpg HTTP/1.1" 200 1874 "http://www.vtsns.edu.rs/nastavno_osoblje.php" "Mozilla/5.0 (Windows; U; Windows NT 5.1; en-US; rv:1.9.0.15) Gecko/2009101601 Firefox/3.0.15"
          79.175.94.205 - - [16/Nov/2009:00:45:12 +0100] "GET /ispit_rezultati.php HTTP/1.1" 200 5740 "http://www.vtsns.edu.rs/" "Mozilla/5.0 (Windows; U; Windows NT 5.1; en-US; rv:1.9.1) Gecko/20090624 Firefox/3.5"
